<?xml version="1.0" encoding="ISO-8859-1" ?>
<link_info>
   <banner>TI ARM Linker PC v20.2.7.LTS</banner>
   <copyright>Copyright (c) 1996-2018 Texas Instruments Incorporated</copyright>
   <link_time>0x69b64c44</link_time>
   <link_errors>0x0</link_errors>
   <output_file>tms570_on_board_ecu.out</output_file>
   <entry_point>
      <name>_c_int00</name>
      <address>0x18c44</address>
   </entry_point>
   <input_file_list>
      <input_file id="fl-2">
         <path>.\ft81x_driver\</path>
         <kind>object</kind>
         <file>Bridgetek_EVE2.obj</file>
         <name>Bridgetek_EVE2.obj</name>
      </input_file>
      <input_file id="fl-3">
         <path>.\ft81x_driver\</path>
         <kind>object</kind>
         <file>EVE_API.obj</file>
         <name>EVE_API.obj</name>
      </input_file>
      <input_file id="fl-4">
         <path>.\ft81x_driver\</path>
         <kind>object</kind>
         <file>EVE_HAL.obj</file>
         <name>EVE_HAL.obj</name>
      </input_file>
      <input_file id="fl-5">
         <path>.\ft81x_driver\</path>
         <kind>object</kind>
         <file>EVE_MCU.obj</file>
         <name>EVE_MCU.obj</name>
      </input_file>
      <input_file id="fl-6">
         <path>.\source\</path>
         <kind>object</kind>
         <file>Device_TMS570LS12.obj</file>
         <name>Device_TMS570LS12.obj</name>
      </input_file>
      <input_file id="fl-7">
         <path>.\source\</path>
         <kind>object</kind>
         <file>Fapi_UserDefinedFunctions.obj</file>
         <name>Fapi_UserDefinedFunctions.obj</name>
      </input_file>
      <input_file id="fl-8">
         <path>.\source\</path>
         <kind>object</kind>
         <file>can.obj</file>
         <name>can.obj</name>
      </input_file>
      <input_file id="fl-9">
         <path>.\source\</path>
         <kind>object</kind>
         <file>dabort.obj</file>
         <name>dabort.obj</name>
      </input_file>
      <input_file id="fl-a">
         <path>.\source\</path>
         <kind>object</kind>
         <file>dashboard.obj</file>
         <name>dashboard.obj</name>
      </input_file>
      <input_file id="fl-b">
         <path>.\source\</path>
         <kind>object</kind>
         <file>data.obj</file>
         <name>data.obj</name>
      </input_file>
      <input_file id="fl-c">
         <path>.\source\</path>
         <kind>object</kind>
         <file>errata_SSWF021_45.obj</file>
         <name>errata_SSWF021_45.obj</name>
      </input_file>
      <input_file id="fl-d">
         <path>.\source\</path>
         <kind>object</kind>
         <file>esm.obj</file>
         <name>esm.obj</name>
      </input_file>
      <input_file id="fl-e">
         <path>.\source\</path>
         <kind>object</kind>
         <file>gio.obj</file>
         <name>gio.obj</name>
      </input_file>
      <input_file id="fl-f">
         <path>.\source\</path>
         <kind>object</kind>
         <file>notification.obj</file>
         <name>notification.obj</name>
      </input_file>
      <input_file id="fl-10">
         <path>.\source\</path>
         <kind>object</kind>
         <file>pages.obj</file>
         <name>pages.obj</name>
      </input_file>
      <input_file id="fl-11">
         <path>.\source\</path>
         <kind>object</kind>
         <file>pinmux.obj</file>
         <name>pinmux.obj</name>
      </input_file>
      <input_file id="fl-12">
         <path>.\source\</path>
         <kind>object</kind>
         <file>rti.obj</file>
         <name>rti.obj</name>
      </input_file>
      <input_file id="fl-13">
         <path>.\source\</path>
         <kind>object</kind>
         <file>sci.obj</file>
         <name>sci.obj</name>
      </input_file>
      <input_file id="fl-14">
         <path>.\source\</path>
         <kind>object</kind>
         <file>spi.obj</file>
         <name>spi.obj</name>
      </input_file>
      <input_file id="fl-15">
         <path>.\source\</path>
         <kind>object</kind>
         <file>sys_core.obj</file>
         <name>sys_core.obj</name>
      </input_file>
      <input_file id="fl-16">
         <path>.\source\</path>
         <kind>object</kind>
         <file>sys_dma.obj</file>
         <name>sys_dma.obj</name>
      </input_file>
      <input_file id="fl-17">
         <path>.\source\</path>
         <kind>object</kind>
         <file>sys_intvecs.obj</file>
         <name>sys_intvecs.obj</name>
      </input_file>
      <input_file id="fl-18">
         <path>.\source\</path>
         <kind>object</kind>
         <file>sys_main.obj</file>
         <name>sys_main.obj</name>
      </input_file>
      <input_file id="fl-19">
         <path>.\source\</path>
         <kind>object</kind>
         <file>sys_mpu.obj</file>
         <name>sys_mpu.obj</name>
      </input_file>
      <input_file id="fl-1a">
         <path>.\source\</path>
         <kind>object</kind>
         <file>sys_pcr.obj</file>
         <name>sys_pcr.obj</name>
      </input_file>
      <input_file id="fl-1b">
         <path>.\source\</path>
         <kind>object</kind>
         <file>sys_phantom.obj</file>
         <name>sys_phantom.obj</name>
      </input_file>
      <input_file id="fl-1c">
         <path>.\source\</path>
         <kind>object</kind>
         <file>sys_pmm.obj</file>
         <name>sys_pmm.obj</name>
      </input_file>
      <input_file id="fl-1d">
         <path>.\source\</path>
         <kind>object</kind>
         <file>sys_pmu.obj</file>
         <name>sys_pmu.obj</name>
      </input_file>
      <input_file id="fl-1e">
         <path>.\source\</path>
         <kind>object</kind>
         <file>sys_selftest.obj</file>
         <name>sys_selftest.obj</name>
      </input_file>
      <input_file id="fl-1f">
         <path>.\source\</path>
         <kind>object</kind>
         <file>sys_startup.obj</file>
         <name>sys_startup.obj</name>
      </input_file>
      <input_file id="fl-20">
         <path>.\source\</path>
         <kind>object</kind>
         <file>sys_vim.obj</file>
         <name>sys_vim.obj</name>
      </input_file>
      <input_file id="fl-21">
         <path>.\source\</path>
         <kind>object</kind>
         <file>system.obj</file>
         <name>system.obj</name>
      </input_file>
      <input_file id="fl-22">
         <path>.\source\</path>
         <kind>object</kind>
         <file>test_main_ecu.obj</file>
         <name>test_main_ecu.obj</name>
      </input_file>
      <input_file id="fl-23">
         <path>.\source\</path>
         <kind>object</kind>
         <file>ti_fee_Info.obj</file>
         <name>ti_fee_Info.obj</name>
      </input_file>
      <input_file id="fl-24">
         <path>.\source\</path>
         <kind>object</kind>
         <file>ti_fee_cancel.obj</file>
         <name>ti_fee_cancel.obj</name>
      </input_file>
      <input_file id="fl-25">
         <path>.\source\</path>
         <kind>object</kind>
         <file>ti_fee_cfg.obj</file>
         <name>ti_fee_cfg.obj</name>
      </input_file>
      <input_file id="fl-26">
         <path>.\source\</path>
         <kind>object</kind>
         <file>ti_fee_eraseimmediateblock.obj</file>
         <name>ti_fee_eraseimmediateblock.obj</name>
      </input_file>
      <input_file id="fl-27">
         <path>.\source\</path>
         <kind>object</kind>
         <file>ti_fee_format.obj</file>
         <name>ti_fee_format.obj</name>
      </input_file>
      <input_file id="fl-28">
         <path>.\source\</path>
         <kind>object</kind>
         <file>ti_fee_ini.obj</file>
         <name>ti_fee_ini.obj</name>
      </input_file>
      <input_file id="fl-29">
         <path>.\source\</path>
         <kind>object</kind>
         <file>ti_fee_invalidateblock.obj</file>
         <name>ti_fee_invalidateblock.obj</name>
      </input_file>
      <input_file id="fl-2a">
         <path>.\source\</path>
         <kind>object</kind>
         <file>ti_fee_main.obj</file>
         <name>ti_fee_main.obj</name>
      </input_file>
      <input_file id="fl-2b">
         <path>.\source\</path>
         <kind>object</kind>
         <file>ti_fee_read.obj</file>
         <name>ti_fee_read.obj</name>
      </input_file>
      <input_file id="fl-2c">
         <path>.\source\</path>
         <kind>object</kind>
         <file>ti_fee_readSync.obj</file>
         <name>ti_fee_readSync.obj</name>
      </input_file>
      <input_file id="fl-2d">
         <path>.\source\</path>
         <kind>object</kind>
         <file>ti_fee_shutdown.obj</file>
         <name>ti_fee_shutdown.obj</name>
      </input_file>
      <input_file id="fl-2e">
         <path>.\source\</path>
         <kind>object</kind>
         <file>ti_fee_util.obj</file>
         <name>ti_fee_util.obj</name>
      </input_file>
      <input_file id="fl-2f">
         <path>.\source\</path>
         <kind>object</kind>
         <file>ti_fee_writeAsync.obj</file>
         <name>ti_fee_writeAsync.obj</name>
      </input_file>
      <input_file id="fl-30">
         <path>.\source\</path>
         <kind>object</kind>
         <file>ti_fee_writeSync.obj</file>
         <name>ti_fee_writeSync.obj</name>
      </input_file>
      <input_file id="fl-31">
         <path>.\source\</path>
         <kind>object</kind>
         <file>ui_buttons.obj</file>
         <name>ui_buttons.obj</name>
      </input_file>
      <input_file id="fl-32">
         <path>.\source\</path>
         <kind>object</kind>
         <file>ui_rpm_bar.obj</file>
         <name>ui_rpm_bar.obj</name>
      </input_file>
      <input_file id="fl-33">
         <path>.\source\</path>
         <kind>object</kind>
         <file>ui_touch.obj</file>
         <name>ui_touch.obj</name>
      </input_file>
      <input_file id="fl-38">
         <kind>object</kind>
         <file>&lt;internal&gt;</file>
         <name>&lt;internal&gt;</name>
      </input_file>
      <input_file id="fl-39">
         <path>C:\ti\ccs1281\ccs\tools\compiler\ti-cgt-arm_20.2.7.LTS\lib\</path>
         <kind>archive</kind>
         <file>rtsv7R4_T_be_v3D16_eabi.lib</file>
         <name>s_floor.c.obj</name>
      </input_file>
      <input_file id="fl-3a">
         <path>C:\ti\ccs1281\ccs\tools\compiler\ti-cgt-arm_20.2.7.LTS\lib\</path>
         <kind>archive</kind>
         <file>rtsv7R4_T_be_v3D16_eabi.lib</file>
         <name>sprintf.c.obj</name>
      </input_file>
      <input_file id="fl-3b">
         <path>C:\ti\ccs1281\ccs\tools\compiler\ti-cgt-arm_20.2.7.LTS\lib\</path>
         <kind>archive</kind>
         <file>rtsv7R4_T_be_v3D16_eabi.lib</file>
         <name>memcpy_t2.asm.obj</name>
      </input_file>
      <input_file id="fl-3c">
         <path>C:\ti\ccs1281\ccs\tools\compiler\ti-cgt-arm_20.2.7.LTS\lib\</path>
         <kind>archive</kind>
         <file>rtsv7R4_T_be_v3D16_eabi.lib</file>
         <name>i_div32.asm.obj</name>
      </input_file>
      <input_file id="fl-3d">
         <path>C:\ti\ccs1281\ccs\tools\compiler\ti-cgt-arm_20.2.7.LTS\lib\</path>
         <kind>archive</kind>
         <file>rtsv7R4_T_be_v3D16_eabi.lib</file>
         <name>u_div32.asm.obj</name>
      </input_file>
      <input_file id="fl-3e">
         <path>C:\ti\ccs1281\ccs\tools\compiler\ti-cgt-arm_20.2.7.LTS\lib\</path>
         <kind>archive</kind>
         <file>rtsv7R4_T_be_v3D16_eabi.lib</file>
         <name>autoinit.c.obj</name>
      </input_file>
      <input_file id="fl-3f">
         <path>C:\ti\ccs1281\ccs\tools\compiler\ti-cgt-arm_20.2.7.LTS\lib\</path>
         <kind>archive</kind>
         <file>rtsv7R4_T_be_v3D16_eabi.lib</file>
         <name>cpy_tbl.c.obj</name>
      </input_file>
      <input_file id="fl-40">
         <path>C:\ti\ccs1281\ccs\tools\compiler\ti-cgt-arm_20.2.7.LTS\lib\</path>
         <kind>archive</kind>
         <file>rtsv7R4_T_be_v3D16_eabi.lib</file>
         <name>copy_zero_init.c.obj</name>
      </input_file>
      <input_file id="fl-41">
         <path>C:\ti\ccs1281\ccs\tools\compiler\ti-cgt-arm_20.2.7.LTS\lib\</path>
         <kind>archive</kind>
         <file>rtsv7R4_T_be_v3D16_eabi.lib</file>
         <name>copy_decompress_none.c.obj</name>
      </input_file>
      <input_file id="fl-42">
         <path>C:\ti\ccs1281\ccs\tools\compiler\ti-cgt-arm_20.2.7.LTS\lib\</path>
         <kind>archive</kind>
         <file>rtsv7R4_T_be_v3D16_eabi.lib</file>
         <name>copy_decompress_lzss.c.obj</name>
      </input_file>
      <input_file id="fl-43">
         <path>C:\ti\ccs1281\ccs\tools\compiler\ti-cgt-arm_20.2.7.LTS\lib\</path>
         <kind>archive</kind>
         <file>rtsv7R4_T_be_v3D16_eabi.lib</file>
         <name>exit.c.obj</name>
      </input_file>
      <input_file id="fl-44">
         <path>C:\ti\ccs1281\ccs\tools\compiler\ti-cgt-arm_20.2.7.LTS\lib\</path>
         <kind>archive</kind>
         <file>rtsv7R4_T_be_v3D16_eabi.lib</file>
         <name>_lock.c.obj</name>
      </input_file>
      <input_file id="fl-45">
         <path>C:\ti\ccs1281\ccs\tools\compiler\ti-cgt-arm_20.2.7.LTS\lib\</path>
         <kind>archive</kind>
         <file>rtsv7R4_T_be_v3D16_eabi.lib</file>
         <name>strlen.c.obj</name>
      </input_file>
      <input_file id="fl-46">
         <path>C:\ti\ccs1281\ccs\tools\compiler\ti-cgt-arm_20.2.7.LTS\lib\</path>
         <kind>archive</kind>
         <file>rtsv7R4_T_be_v3D16_eabi.lib</file>
         <name>strstr.c.obj</name>
      </input_file>
      <input_file id="fl-47">
         <path>C:\ti\ccs1281\ccs\tools\compiler\ti-cgt-arm_20.2.7.LTS\lib\</path>
         <kind>archive</kind>
         <file>rtsv7R4_T_be_v3D16_eabi.lib</file>
         <name>_printfi.c.obj</name>
      </input_file>
      <input_file id="fl-48">
         <path>C:\ti\ccs1281\ccs\tools\compiler\ti-cgt-arm_20.2.7.LTS\lib\</path>
         <kind>archive</kind>
         <file>rtsv7R4_T_be_v3D16_eabi.lib</file>
         <name>div0.asm.obj</name>
      </input_file>
      <input_file id="fl-49">
         <path>C:\ti\ccs1281\ccs\tools\compiler\ti-cgt-arm_20.2.7.LTS\lib\</path>
         <kind>archive</kind>
         <file>rtsv7R4_T_be_v3D16_eabi.lib</file>
         <name>memset_t2.asm.obj</name>
      </input_file>
      <input_file id="fl-4a">
         <path>C:\ti\ccs1281\ccs\tools\compiler\ti-cgt-arm_20.2.7.LTS\lib\</path>
         <kind>archive</kind>
         <file>rtsv7R4_T_be_v3D16_eabi.lib</file>
         <name>ull_div32.asm.obj</name>
      </input_file>
      <input_file id="fl-4b">
         <path>C:\ti\ccs1281\ccs\tools\compiler\ti-cgt-arm_20.2.7.LTS\lib\</path>
         <kind>archive</kind>
         <file>rtsv7R4_T_be_v3D16_eabi.lib</file>
         <name>_ltoa.c.obj</name>
      </input_file>
      <input_file id="fl-4c">
         <path>C:\ti\ccs1281\ccs\tools\compiler\ti-cgt-arm_20.2.7.LTS\lib\</path>
         <kind>archive</kind>
         <file>rtsv7R4_T_be_v3D16_eabi.lib</file>
         <name>atoi.c.obj</name>
      </input_file>
      <input_file id="fl-4d">
         <path>C:\ti\ccs1281\ccs\tools\compiler\ti-cgt-arm_20.2.7.LTS\lib\</path>
         <kind>archive</kind>
         <file>rtsv7R4_T_be_v3D16_eabi.lib</file>
         <name>ctype.c.obj</name>
      </input_file>
      <input_file id="fl-4e">
         <path>C:\ti\ccs1281\ccs\tools\compiler\ti-cgt-arm_20.2.7.LTS\lib\</path>
         <kind>archive</kind>
         <file>rtsv7R4_T_be_v3D16_eabi.lib</file>
         <name>memccpy.c.obj</name>
      </input_file>
      <input_file id="fl-4f">
         <path>C:\ti\ccs1281\ccs\tools\compiler\ti-cgt-arm_20.2.7.LTS\lib\</path>
         <kind>archive</kind>
         <file>rtsv7R4_T_be_v3D16_eabi.lib</file>
         <name>strchr.c.obj</name>
      </input_file>
      <input_file id="fl-50">
         <path>C:\ti\ccs1281\ccs\tools\compiler\ti-cgt-arm_20.2.7.LTS\lib\</path>
         <kind>archive</kind>
         <file>rtsv7R4_T_be_v3D16_eabi.lib</file>
         <name>errno.c.obj</name>
      </input_file>
      <input_file id="fl-51">
         <path>C:\ti\ccs1281\ccs\tools\compiler\ti-cgt-arm_20.2.7.LTS\lib\</path>
         <kind>archive</kind>
         <file>rtsv7R4_T_be_v3D16_eabi.lib</file>
         <name>wcslen.c.obj</name>
      </input_file>
      <input_file id="fl-52">
         <path>C:\ti\ccs1281\ccs\tools\compiler\ti-cgt-arm_20.2.7.LTS\lib\</path>
         <kind>archive</kind>
         <file>rtsv7R4_T_be_v3D16_eabi.lib</file>
         <name>s_frexp.c.obj</name>
      </input_file>
      <input_file id="fl-53">
         <path>C:\ti\ccs1281\ccs\tools\compiler\ti-cgt-arm_20.2.7.LTS\lib\</path>
         <kind>archive</kind>
         <file>rtsv7R4_T_be_v3D16_eabi.lib</file>
         <name>s_scalbn.c.obj</name>
      </input_file>
      <input_file id="fl-54">
         <path>C:\ti\ccs1281\ccs\tools\compiler\ti-cgt-arm_20.2.7.LTS\lib\</path>
         <kind>archive</kind>
         <file>rtsv7R4_T_be_v3D16_eabi.lib</file>
         <name>s_copysign.c.obj</name>
      </input_file>
      <input_file id="fl-55">
         <path>C:\ti\Hercules\F021 Flash API\02.01.01\</path>
         <kind>archive</kind>
         <file>F021_API_CortexR4_BE_V3D16_NDS.lib</file>
         <name>Async.obj</name>
      </input_file>
      <input_file id="fl-56">
         <path>C:\ti\Hercules\F021 Flash API\02.01.01\</path>
         <kind>archive</kind>
         <file>F021_API_CortexR4_BE_V3D16_NDS.lib</file>
         <name>Async.WithAddress.obj</name>
      </input_file>
      <input_file id="fl-57">
         <path>C:\ti\Hercules\F021 Flash API\02.01.01\</path>
         <kind>archive</kind>
         <file>F021_API_CortexR4_BE_V3D16_NDS.lib</file>
         <name>BlankCheck.obj</name>
      </input_file>
      <input_file id="fl-58">
         <path>C:\ti\Hercules\F021 Flash API\02.01.01\</path>
         <kind>archive</kind>
         <file>F021_API_CortexR4_BE_V3D16_NDS.lib</file>
         <name>FlashStateMachine.EnableEepromSectors.obj</name>
      </input_file>
      <input_file id="fl-59">
         <path>C:\ti\Hercules\F021 Flash API\02.01.01\</path>
         <kind>archive</kind>
         <file>F021_API_CortexR4_BE_V3D16_NDS.lib</file>
         <name>FlashStateMachine.InitializeFlashBanks.obj</name>
      </input_file>
      <input_file id="fl-5a">
         <path>C:\ti\Hercules\F021 Flash API\02.01.01\</path>
         <kind>archive</kind>
         <file>F021_API_CortexR4_BE_V3D16_NDS.lib</file>
         <name>FlashStateMachine.IssueFsmCommand.obj</name>
      </input_file>
      <input_file id="fl-5b">
         <path>C:\ti\Hercules\F021 Flash API\02.01.01\</path>
         <kind>archive</kind>
         <file>F021_API_CortexR4_BE_V3D16_NDS.lib</file>
         <name>FlashStateMachine.ScaleFclk.obj</name>
      </input_file>
      <input_file id="fl-5c">
         <path>C:\ti\Hercules\F021 Flash API\02.01.01\</path>
         <kind>archive</kind>
         <file>F021_API_CortexR4_BE_V3D16_NDS.lib</file>
         <name>FlashStateMachine.SetActiveBank.obj</name>
      </input_file>
      <input_file id="fl-5d">
         <path>C:\ti\Hercules\F021 Flash API\02.01.01\</path>
         <kind>archive</kind>
         <file>F021_API_CortexR4_BE_V3D16_NDS.lib</file>
         <name>Read.FlushPipeline.obj</name>
      </input_file>
      <input_file id="fl-5e">
         <path>C:\ti\Hercules\F021 Flash API\02.01.01\</path>
         <kind>archive</kind>
         <file>F021_API_CortexR4_BE_V3D16_NDS.lib</file>
         <name>Read.LoopDword.obj</name>
      </input_file>
      <input_file id="fl-5f">
         <path>C:\ti\Hercules\F021 Flash API\02.01.01\</path>
         <kind>archive</kind>
         <file>F021_API_CortexR4_BE_V3D16_NDS.lib</file>
         <name>Read.WdService.obj</name>
      </input_file>
      <input_file id="fl-60">
         <path>C:\ti\Hercules\F021 Flash API\02.01.01\</path>
         <kind>archive</kind>
         <file>F021_API_CortexR4_BE_V3D16_NDS.lib</file>
         <name>Utilities.CalculateFletcher.obj</name>
      </input_file>
      <input_file id="fl-61">
         <path>C:\ti\Hercules\F021 Flash API\02.01.01\</path>
         <kind>archive</kind>
         <file>F021_API_CortexR4_BE_V3D16_NDS.lib</file>
         <name>Utilities.WaitDelay.obj</name>
      </input_file>
      <input_file id="fl-62">
         <path>C:\ti\Hercules\F021 Flash API\02.01.01\</path>
         <kind>archive</kind>
         <file>F021_API_CortexR4_BE_V3D16_NDS.lib</file>
         <name>Utilities.GetNumberOfSectors.obj</name>
      </input_file>
      <input_file id="fl-63">
         <path>C:\ti\Hercules\F021 Flash API\02.01.01\</path>
         <kind>archive</kind>
         <file>F021_API_CortexR4_BE_V3D16_NDS.lib</file>
         <name>Read.Common.obj</name>
      </input_file>
      <input_file id="fl-64">
         <path>C:\ti\Hercules\F021 Flash API\02.01.01\</path>
         <kind>archive</kind>
         <file>F021_API_CortexR4_BE_V3D16_NDS.lib</file>
         <name>FlashStateMachine.Hercules.IsEccAddress.obj</name>
      </input_file>
   </input_file_list>
   <object_component_list>
      <object_component id="oc-40">
         <name>.intvecs</name>
         <load_address>0x0</load_address>
         <run_address>0x0</run_address>
         <size>0x20</size>
         <input_file_ref idref="fl-17"/>
      </object_component>
      <object_component id="oc-15c">
         <name>.text</name>
         <load_address>0x20</load_address>
         <run_address>0x20</run_address>
         <size>0x57c4</size>
         <input_file_ref idref="fl-2e"/>
      </object_component>
      <object_component id="oc-92">
         <name>.text</name>
         <load_address>0x57e4</load_address>
         <run_address>0x57e4</run_address>
         <size>0x2cdc</size>
         <input_file_ref idref="fl-1e"/>
      </object_component>
      <object_component id="oc-174">
         <name>.text</name>
         <load_address>0x84c0</load_address>
         <run_address>0x84c0</run_address>
         <size>0x2488</size>
         <input_file_ref idref="fl-a"/>
      </object_component>
      <object_component id="oc-264">
         <name>.text</name>
         <load_address>0xa948</load_address>
         <run_address>0xa948</run_address>
         <size>0x2240</size>
         <input_file_ref idref="fl-3"/>
      </object_component>
      <object_component id="oc-150">
         <name>.text</name>
         <load_address>0xcb88</load_address>
         <run_address>0xcb88</run_address>
         <size>0x1768</size>
         <input_file_ref idref="fl-28"/>
      </object_component>
      <object_component id="oc-312">
         <name>.text</name>
         <load_address>0xe2f0</load_address>
         <run_address>0xe2f0</run_address>
         <size>0x114c</size>
         <input_file_ref idref="fl-8"/>
      </object_component>
      <object_component id="oc-156">
         <name>.text</name>
         <load_address>0xf43c</load_address>
         <run_address>0xf43c</run_address>
         <size>0x10e0</size>
         <input_file_ref idref="fl-2a"/>
      </object_component>
      <object_component id="oc-5c1">
         <name>.text</name>
         <load_address>0x1051c</load_address>
         <run_address>0x1051c</run_address>
         <size>0xbd8</size>
         <input_file_ref idref="fl-14"/>
      </object_component>
      <object_component id="oc-8c">
         <name>.text</name>
         <load_address>0x110f4</load_address>
         <run_address>0x110f4</run_address>
         <size>0xb64</size>
         <input_file_ref idref="fl-21"/>
      </object_component>
      <object_component id="oc-162">
         <name>.text</name>
         <load_address>0x11c58</load_address>
         <run_address>0x11c58</run_address>
         <size>0xa90</size>
         <input_file_ref idref="fl-33"/>
      </object_component>
      <object_component id="oc-51">
         <name>.text</name>
         <load_address>0x126e8</load_address>
         <run_address>0x126e8</run_address>
         <size>0xa58</size>
         <input_file_ref idref="fl-20"/>
      </object_component>
      <object_component id="oc-4f5">
         <name>.text:__TI_printfi</name>
         <load_address>0x13140</load_address>
         <run_address>0x13140</run_address>
         <size>0xa4e</size>
         <input_file_ref idref="fl-47"/>
      </object_component>
      <object_component id="oc-4de">
         <name>.text</name>
         <load_address>0x13b8e</load_address>
         <run_address>0x13b8e</run_address>
         <size>0x2</size>
         <input_file_ref idref="fl-48"/>
      </object_component>
      <object_component id="oc-f7">
         <name>.text</name>
         <load_address>0x13b90</load_address>
         <run_address>0x13b90</run_address>
         <size>0x8bc</size>
         <input_file_ref idref="fl-11"/>
      </object_component>
      <object_component id="oc-16e">
         <name>.text</name>
         <load_address>0x1444c</load_address>
         <run_address>0x1444c</run_address>
         <size>0x800</size>
         <input_file_ref idref="fl-22"/>
      </object_component>
      <object_component id="oc-13d">
         <name>.text</name>
         <load_address>0x14c4c</load_address>
         <run_address>0x14c4c</run_address>
         <size>0x7d0</size>
         <input_file_ref idref="fl-2"/>
      </object_component>
      <object_component id="oc-318">
         <name>.text</name>
         <load_address>0x1541c</load_address>
         <run_address>0x1541c</run_address>
         <size>0x7a8</size>
         <input_file_ref idref="fl-13"/>
      </object_component>
      <object_component id="oc-80">
         <name>.text</name>
         <load_address>0x15bc4</load_address>
         <run_address>0x15bc4</run_address>
         <size>0x664</size>
         <input_file_ref idref="fl-c"/>
      </object_component>
      <object_component id="oc-14a">
         <name>.text</name>
         <load_address>0x16228</load_address>
         <run_address>0x16228</run_address>
         <size>0x638</size>
         <input_file_ref idref="fl-12"/>
      </object_component>
      <object_component id="oc-98">
         <name>.text</name>
         <load_address>0x16860</load_address>
         <run_address>0x16860</run_address>
         <size>0x5bc</size>
         <input_file_ref idref="fl-d"/>
      </object_component>
      <object_component id="oc-168">
         <name>.text</name>
         <load_address>0x16e1c</load_address>
         <run_address>0x16e1c</run_address>
         <size>0x4a8</size>
         <input_file_ref idref="fl-b"/>
      </object_component>
      <object_component id="oc-54a">
         <name>.text</name>
         <load_address>0x172c4</load_address>
         <run_address>0x172c4</run_address>
         <size>0x498</size>
         <input_file_ref idref="fl-5"/>
      </object_component>
      <object_component id="oc-5bb">
         <name>.text</name>
         <load_address>0x1775c</load_address>
         <run_address>0x1775c</run_address>
         <size>0x484</size>
         <input_file_ref idref="fl-e"/>
      </object_component>
      <object_component id="oc-3a">
         <name>.text:retain</name>
         <load_address>0x17be0</load_address>
         <run_address>0x17be0</run_address>
         <size>0x3d8</size>
         <input_file_ref idref="fl-13"/>
      </object_component>
      <object_component id="oc-488">
         <name>.text</name>
         <load_address>0x17fb8</load_address>
         <run_address>0x17fb8</run_address>
         <size>0x3c0</size>
         <input_file_ref idref="fl-4"/>
      </object_component>
      <object_component id="oc-7b">
         <name>.text</name>
         <load_address>0x18378</load_address>
         <run_address>0x18378</run_address>
         <size>0x34c</size>
         <input_file_ref idref="fl-15"/>
      </object_component>
      <object_component id="oc-4c">
         <name>.text:retain</name>
         <load_address>0x186c4</load_address>
         <run_address>0x186c4</run_address>
         <size>0x2cc</size>
         <input_file_ref idref="fl-20"/>
      </object_component>
      <object_component id="oc-5e2">
         <name>.text</name>
         <load_address>0x18990</load_address>
         <run_address>0x18990</run_address>
         <size>0x2b4</size>
         <input_file_ref idref="fl-4a"/>
      </object_component>
      <object_component id="oc-1f">
         <name>.text:retain</name>
         <load_address>0x18c44</load_address>
         <run_address>0x18c44</run_address>
         <size>0x288</size>
         <input_file_ref idref="fl-1f"/>
      </object_component>
      <object_component id="oc-27a">
         <name>.text:Fapi_initializeFlashBanks</name>
         <load_address>0x18ecc</load_address>
         <run_address>0x18ecc</run_address>
         <size>0x260</size>
         <input_file_ref idref="fl-59"/>
      </object_component>
      <object_component id="oc-37f">
         <name>.text</name>
         <load_address>0x1912c</load_address>
         <run_address>0x1912c</run_address>
         <size>0x250</size>
         <input_file_ref idref="fl-31"/>
      </object_component>
      <object_component id="oc-58c">
         <name>.text:_pconv_a</name>
         <load_address>0x1937c</load_address>
         <run_address>0x1937c</run_address>
         <size>0x248</size>
         <input_file_ref idref="fl-47"/>
      </object_component>
      <object_component id="oc-9f">
         <name>.text</name>
         <load_address>0x195c4</load_address>
         <run_address>0x195c4</run_address>
         <size>0x1ec</size>
         <input_file_ref idref="fl-18"/>
      </object_component>
      <object_component id="oc-379">
         <name>.text</name>
         <load_address>0x197b0</load_address>
         <run_address>0x197b0</run_address>
         <size>0x1d0</size>
         <input_file_ref idref="fl-32"/>
      </object_component>
      <object_component id="oc-57a">
         <name>.text:_pconv_g</name>
         <load_address>0x19980</load_address>
         <run_address>0x19980</run_address>
         <size>0x1a0</size>
         <input_file_ref idref="fl-47"/>
      </object_component>
      <object_component id="oc-25">
         <name>.text:retain</name>
         <load_address>0x19b20</load_address>
         <run_address>0x19b20</run_address>
         <size>0x19c</size>
         <input_file_ref idref="fl-8"/>
      </object_component>
      <object_component id="oc-27b">
         <name>.text:Fapi_setActiveFlashBank</name>
         <load_address>0x19cbc</load_address>
         <run_address>0x19cbc</run_address>
         <size>0x17c</size>
         <input_file_ref idref="fl-5c"/>
      </object_component>
      <object_component id="oc-34">
         <name>.text:retain</name>
         <load_address>0x19e38</load_address>
         <run_address>0x19e38</run_address>
         <size>0x124</size>
         <input_file_ref idref="fl-12"/>
      </object_component>
      <object_component id="oc-2e">
         <name>.text:retain</name>
         <load_address>0x19f5c</load_address>
         <run_address>0x19f5c</run_address>
         <size>0x114</size>
         <input_file_ref idref="fl-d"/>
      </object_component>
      <object_component id="oc-586">
         <name>.text:_pconv_e</name>
         <load_address>0x1a070</load_address>
         <run_address>0x1a070</run_address>
         <size>0x104</size>
         <input_file_ref idref="fl-47"/>
      </object_component>
      <object_component id="oc-a7">
         <name>.text</name>
         <load_address>0x1a174</load_address>
         <run_address>0x1a174</run_address>
         <size>0x104</size>
         <input_file_ref idref="fl-f"/>
      </object_component>
      <object_component id="oc-5fb">
         <name>.text:fcvt</name>
         <load_address>0x1a278</load_address>
         <run_address>0x1a278</run_address>
         <size>0xfc</size>
         <input_file_ref idref="fl-47"/>
      </object_component>
      <object_component id="oc-60f">
         <name>.text:scalbn</name>
         <load_address>0x1a374</load_address>
         <run_address>0x1a374</run_address>
         <size>0xf0</size>
         <input_file_ref idref="fl-53"/>
      </object_component>
      <object_component id="oc-bc">
         <name>.text</name>
         <load_address>0x1a464</load_address>
         <run_address>0x1a464</run_address>
         <size>0xe8</size>
         <input_file_ref idref="fl-9"/>
      </object_component>
      <object_component id="oc-4d5">
         <name>.text:floor</name>
         <load_address>0x1a54c</load_address>
         <run_address>0x1a54c</run_address>
         <size>0xe0</size>
         <input_file_ref idref="fl-39"/>
      </object_component>
      <object_component id="oc-ff">
         <name>.text</name>
         <load_address>0x1a62c</load_address>
         <run_address>0x1a62c</run_address>
         <size>0xe0</size>
         <input_file_ref idref="fl-1d"/>
      </object_component>
      <object_component id="oc-574">
         <name>.text:_ltostr</name>
         <load_address>0x1a70c</load_address>
         <run_address>0x1a70c</run_address>
         <size>0xad</size>
         <input_file_ref idref="fl-47"/>
      </object_component>
      <object_component id="oc-63">
         <name>.text</name>
         <load_address>0x1a7ba</load_address>
         <run_address>0x1a7ba</run_address>
         <size>0x9c</size>
         <input_file_ref idref="fl-3b"/>
      </object_component>
      <object_component id="oc-28c">
         <name>.text:Fapi_doBlankCheck</name>
         <load_address>0x1a858</load_address>
         <run_address>0x1a858</run_address>
         <size>0x94</size>
         <input_file_ref idref="fl-57"/>
      </object_component>
      <object_component id="oc-27c">
         <name>.text:Fapi_enableEepromBankSectors</name>
         <load_address>0x1a8ec</load_address>
         <run_address>0x1a8ec</run_address>
         <size>0x80</size>
         <input_file_ref idref="fl-58"/>
      </object_component>
      <object_component id="oc-5f4">
         <name>.text:_mcpy</name>
         <load_address>0x1a96c</load_address>
         <run_address>0x1a96c</run_address>
         <size>0x7a</size>
         <input_file_ref idref="fl-47"/>
      </object_component>
      <object_component id="oc-e9">
         <name>.text</name>
         <load_address>0x1a9e6</load_address>
         <run_address>0x1a9e6</run_address>
         <size>0x7a</size>
         <input_file_ref idref="fl-49"/>
      </object_component>
      <object_component id="oc-609">
         <name>.text:frexp</name>
         <load_address>0x1aa60</load_address>
         <run_address>0x1aa60</run_address>
         <size>0x74</size>
         <input_file_ref idref="fl-52"/>
      </object_component>
      <object_component id="oc-12">
         <name>.text:decompress:lzss:__TI_decompress_lzss</name>
         <load_address>0x1aad4</load_address>
         <run_address>0x1aad4</run_address>
         <size>0x6c</size>
         <input_file_ref idref="fl-42"/>
      </object_component>
      <object_component id="oc-393">
         <name>.text:_ZN14Bridgetek_EVE210CMD_BUTTONEssssstPKcz</name>
         <load_address>0x1ab40</load_address>
         <run_address>0x1ab40</run_address>
         <size>0x68</size>
         <input_file_ref idref="fl-a"/>
      </object_component>
      <object_component id="oc-113">
         <name>.text:__TI_auto_init_nobinit:__TI_auto_init_nobinit</name>
         <load_address>0x1aba8</load_address>
         <run_address>0x1aba8</run_address>
         <size>0x60</size>
         <input_file_ref idref="fl-3e"/>
      </object_component>
      <object_component id="oc-4bb">
         <name>.text:_Fapi_loopRegionForValue</name>
         <load_address>0x1ac08</load_address>
         <run_address>0x1ac08</run_address>
         <size>0x5e</size>
         <input_file_ref idref="fl-5e"/>
      </object_component>
      <object_component id="oc-2ea">
         <name>.text:_ZN14Bridgetek_EVE28CMD_TEXTEssstPKcz</name>
         <load_address>0x1ac68</load_address>
         <run_address>0x1ac68</run_address>
         <size>0x58</size>
         <input_file_ref idref="fl-a"/>
      </object_component>
      <object_component id="oc-5e8">
         <name>.text:__TI_ltoa</name>
         <load_address>0x1acc0</load_address>
         <run_address>0x1acc0</run_address>
         <size>0x54</size>
         <input_file_ref idref="fl-4b"/>
      </object_component>
      <object_component id="oc-5ee">
         <name>.text:_ecpy</name>
         <load_address>0x1ad14</load_address>
         <run_address>0x1ad14</run_address>
         <size>0x54</size>
         <input_file_ref idref="fl-47"/>
      </object_component>
      <object_component id="oc-32c">
         <name>.text</name>
         <load_address>0x1ad68</load_address>
         <run_address>0x1ad68</run_address>
         <size>0x54</size>
         <input_file_ref idref="fl-3c"/>
      </object_component>
      <object_component id="oc-5cf">
         <name>.text:Fapi_isAddressEcc</name>
         <load_address>0x1adbc</load_address>
         <run_address>0x1adbc</run_address>
         <size>0x50</size>
         <input_file_ref idref="fl-64"/>
      </object_component>
      <object_component id="oc-580">
         <name>.text:_pconv_f</name>
         <load_address>0x1ae0c</load_address>
         <run_address>0x1ae0c</run_address>
         <size>0x50</size>
         <input_file_ref idref="fl-47"/>
      </object_component>
      <object_component id="oc-56e">
         <name>.text:atoi</name>
         <load_address>0x1ae5c</load_address>
         <run_address>0x1ae5c</run_address>
         <size>0x50</size>
         <input_file_ref idref="fl-4c"/>
      </object_component>
      <object_component id="oc-327">
         <name>.text</name>
         <load_address>0x1aeac</load_address>
         <run_address>0x1aeac</run_address>
         <size>0x50</size>
         <input_file_ref idref="fl-3d"/>
      </object_component>
      <object_component id="oc-372">
         <name>.text:_ZN14Bridgetek_EVE212CMD_PROGRESSEssssttt</name>
         <load_address>0x1aefc</load_address>
         <run_address>0x1aefc</run_address>
         <size>0x4c</size>
         <input_file_ref idref="fl-a"/>
      </object_component>
      <object_component id="oc-4aa">
         <name>.text:_Fapi_EnableSectors</name>
         <load_address>0x1af48</load_address>
         <run_address>0x1af48</run_address>
         <size>0x44</size>
         <input_file_ref idref="fl-58"/>
      </object_component>
      <object_component id="oc-601">
         <name>.text:_fcpy</name>
         <load_address>0x1af8c</load_address>
         <run_address>0x1af8c</run_address>
         <size>0x40</size>
         <input_file_ref idref="fl-47"/>
      </object_component>
      <object_component id="oc-365">
         <name>.text:sprintf</name>
         <load_address>0x1afcc</load_address>
         <run_address>0x1afcc</run_address>
         <size>0x40</size>
         <input_file_ref idref="fl-3a"/>
      </object_component>
      <object_component id="oc-4bc">
         <name>.text:_Fapi_issueFsmCommand</name>
         <load_address>0x1b00c</load_address>
         <run_address>0x1b00c</run_address>
         <size>0x3c</size>
         <input_file_ref idref="fl-5a"/>
      </object_component>
      <object_component id="oc-36b">
         <name>.text:_ZN14Bridgetek_EVE210CMD_NUMBEREsssti</name>
         <load_address>0x1b048</load_address>
         <run_address>0x1b048</run_address>
         <size>0x3c</size>
         <input_file_ref idref="fl-a"/>
      </object_component>
      <object_component id="oc-48e">
         <name>.text:strstr</name>
         <load_address>0x1b084</load_address>
         <run_address>0x1b084</run_address>
         <size>0x38</size>
         <input_file_ref idref="fl-46"/>
      </object_component>
      <object_component id="oc-4a4">
         <name>.text:Fapi_calculateFletcherChecksum</name>
         <load_address>0x1b0bc</load_address>
         <run_address>0x1b0bc</run_address>
         <size>0x36</size>
         <input_file_ref idref="fl-60"/>
      </object_component>
      <object_component id="oc-28e">
         <name>.text:Fapi_issueAsyncCommandWithAddress</name>
         <load_address>0x1b0f4</load_address>
         <run_address>0x1b0f4</run_address>
         <size>0x30</size>
         <input_file_ref idref="fl-56"/>
      </object_component>
      <object_component id="oc-55b">
         <name>.text:Fapi_waitDelay</name>
         <load_address>0x1b124</load_address>
         <run_address>0x1b124</run_address>
         <size>0x30</size>
         <input_file_ref idref="fl-61"/>
      </object_component>
      <object_component id="oc-55c">
         <name>.text:_Fapi_readDword</name>
         <load_address>0x1b154</load_address>
         <run_address>0x1b154</run_address>
         <size>0x2c</size>
         <input_file_ref idref="fl-63"/>
      </object_component>
      <object_component id="oc-28d">
         <name>.text:Fapi_issueAsyncCommand</name>
         <load_address>0x1b180</load_address>
         <run_address>0x1b180</run_address>
         <size>0x2a</size>
         <input_file_ref idref="fl-55"/>
      </object_component>
      <object_component id="oc-2d5">
         <name>.text:_ZN14Bridgetek_EVE215CLEAR_COLOR_RGBEhhh</name>
         <load_address>0x1b1ac</load_address>
         <run_address>0x1b1ac</run_address>
         <size>0x28</size>
         <input_file_ref idref="fl-a"/>
      </object_component>
      <object_component id="oc-2dc">
         <name>.text:_ZN14Bridgetek_EVE25CLEAREhhh</name>
         <load_address>0x1b1d4</load_address>
         <run_address>0x1b1d4</run_address>
         <size>0x28</size>
         <input_file_ref idref="fl-a"/>
      </object_component>
      <object_component id="oc-2e3">
         <name>.text:_ZN14Bridgetek_EVE29COLOR_RGBEhhh</name>
         <load_address>0x1b1fc</load_address>
         <run_address>0x1b1fc</run_address>
         <size>0x28</size>
         <input_file_ref idref="fl-a"/>
      </object_component>
      <object_component id="oc-592">
         <name>.text:memccpy</name>
         <load_address>0x1b224</load_address>
         <run_address>0x1b224</run_address>
         <size>0x26</size>
         <input_file_ref idref="fl-4e"/>
      </object_component>
      <object_component id="oc-4ba">
         <name>.text:Fapi_flushPipeline</name>
         <load_address>0x1b24a</load_address>
         <run_address>0x1b24a</run_address>
         <size>0x22</size>
         <input_file_ref idref="fl-5d"/>
      </object_component>
      <object_component id="oc-2c0">
         <name>.text:_ZN14Bridgetek_EVE213LIB_MemWrite8Ejh</name>
         <load_address>0x1b26c</load_address>
         <run_address>0x1b26c</run_address>
         <size>0x20</size>
         <input_file_ref idref="fl-33"/>
      </object_component>
      <object_component id="oc-29e">
         <name>.text:_ZN14Bridgetek_EVE214LIB_MemWrite32Ejj</name>
         <load_address>0x1b28c</load_address>
         <run_address>0x1b28c</run_address>
         <size>0x20</size>
         <input_file_ref idref="fl-33"/>
      </object_component>
      <object_component id="oc-357">
         <name>.text:_ZN14Bridgetek_EVE28VERTEX2FEss</name>
         <load_address>0x1b2ac</load_address>
         <run_address>0x1b2ac</run_address>
         <size>0x20</size>
         <input_file_ref idref="fl-a"/>
      </object_component>
      <object_component id="oc-65c">
         <name>.text:copysign</name>
         <load_address>0x1b2cc</load_address>
         <run_address>0x1b2cc</run_address>
         <size>0x1e</size>
         <input_file_ref idref="fl-54"/>
      </object_component>
      <object_component id="oc-4a5">
         <name>.text:_Fapi_divideUnsignedLong</name>
         <load_address>0x1b2ea</load_address>
         <run_address>0x1b2ea</run_address>
         <size>0x1c</size>
         <input_file_ref idref="fl-59"/>
      </object_component>
      <object_component id="oc-4fb">
         <name>.text:_outs</name>
         <load_address>0x1b306</load_address>
         <run_address>0x1b306</run_address>
         <size>0x1a</size>
         <input_file_ref idref="fl-3a"/>
      </object_component>
      <object_component id="oc-38c">
         <name>.text:_Z3absf</name>
         <load_address>0x1b320</load_address>
         <run_address>0x1b320</run_address>
         <size>0x18</size>
         <input_file_ref idref="fl-a"/>
      </object_component>
      <object_component id="oc-385">
         <name>.text:_Z4fabsf</name>
         <load_address>0x1b338</load_address>
         <run_address>0x1b338</run_address>
         <size>0x18</size>
         <input_file_ref idref="fl-a"/>
      </object_component>
      <object_component id="oc-2b9">
         <name>.text:_ZN14Bridgetek_EVE212LIB_MemRead8Ej</name>
         <load_address>0x1b350</load_address>
         <run_address>0x1b350</run_address>
         <size>0x18</size>
         <input_file_ref idref="fl-33"/>
      </object_component>
      <object_component id="oc-2f1">
         <name>.text:_ZN14Bridgetek_EVE213CMD_CALIBRATEEj</name>
         <load_address>0x1b368</load_address>
         <run_address>0x1b368</run_address>
         <size>0x18</size>
         <input_file_ref idref="fl-33"/>
      </object_component>
      <object_component id="oc-2b2">
         <name>.text:_ZN14Bridgetek_EVE213LIB_MemRead16Ej</name>
         <load_address>0x1b380</load_address>
         <run_address>0x1b380</run_address>
         <size>0x18</size>
         <input_file_ref idref="fl-33"/>
      </object_component>
      <object_component id="oc-2a5">
         <name>.text:_ZN14Bridgetek_EVE213LIB_MemRead32Ej</name>
         <load_address>0x1b398</load_address>
         <run_address>0x1b398</run_address>
         <size>0x18</size>
         <input_file_ref idref="fl-33"/>
      </object_component>
      <object_component id="oc-349">
         <name>.text:_ZN14Bridgetek_EVE23TAGEh</name>
         <load_address>0x1b3b0</load_address>
         <run_address>0x1b3b0</run_address>
         <size>0x18</size>
         <input_file_ref idref="fl-a"/>
      </object_component>
      <object_component id="oc-350">
         <name>.text:_ZN14Bridgetek_EVE25BEGINEh</name>
         <load_address>0x1b3c8</load_address>
         <run_address>0x1b3c8</run_address>
         <size>0x18</size>
         <input_file_ref idref="fl-a"/>
      </object_component>
      <object_component id="oc-615">
         <name>.text:strchr</name>
         <load_address>0x1b3e0</load_address>
         <run_address>0x1b3e0</run_address>
         <size>0x16</size>
         <input_file_ref idref="fl-4f"/>
      </object_component>
      <object_component id="oc-31e">
         <name>.text:strlen</name>
         <load_address>0x1b3f6</load_address>
         <run_address>0x1b3f6</run_address>
         <size>0x16</size>
         <input_file_ref idref="fl-45"/>
      </object_component>
      <object_component id="oc-598">
         <name>.text:wcslen</name>
         <load_address>0x1b40c</load_address>
         <run_address>0x1b40c</run_address>
         <size>0x12</size>
         <input_file_ref idref="fl-51"/>
      </object_component>
      <object_component id="oc-4a9">
         <name>.text:Fapi_getNumberOfBankSectors</name>
         <load_address>0x1b420</load_address>
         <run_address>0x1b420</run_address>
         <size>0x10</size>
         <input_file_ref idref="fl-62"/>
      </object_component>
      <object_component id="oc-2ce">
         <name>.text:_ZN14Bridgetek_EVE211CMD_DLSTARTEv</name>
         <load_address>0x1b430</load_address>
         <run_address>0x1b430</run_address>
         <size>0x10</size>
         <input_file_ref idref="fl-a"/>
      </object_component>
      <object_component id="oc-2f8">
         <name>.text:_ZN14Bridgetek_EVE216LIB_EndCoProListEv</name>
         <load_address>0x1b440</load_address>
         <run_address>0x1b440</run_address>
         <size>0x10</size>
         <input_file_ref idref="fl-a"/>
      </object_component>
      <object_component id="oc-2c7">
         <name>.text:_ZN14Bridgetek_EVE218LIB_BeginCoProListEv</name>
         <load_address>0x1b450</load_address>
         <run_address>0x1b450</run_address>
         <size>0x10</size>
         <input_file_ref idref="fl-a"/>
      </object_component>
      <object_component id="oc-2ff">
         <name>.text:_ZN14Bridgetek_EVE219LIB_AwaitCoProEmptyEv</name>
         <load_address>0x1b460</load_address>
         <run_address>0x1b460</run_address>
         <size>0x10</size>
         <input_file_ref idref="fl-33"/>
      </object_component>
      <object_component id="oc-35e">
         <name>.text:_ZN14Bridgetek_EVE23ENDEv</name>
         <load_address>0x1b470</load_address>
         <run_address>0x1b470</run_address>
         <size>0x10</size>
         <input_file_ref idref="fl-a"/>
      </object_component>
      <object_component id="oc-143">
         <name>.text:_ZN14Bridgetek_EVE24InitEv</name>
         <load_address>0x1b480</load_address>
         <run_address>0x1b480</run_address>
         <size>0x10</size>
         <input_file_ref idref="fl-18"/>
      </object_component>
      <object_component id="oc-39a">
         <name>.text:_ZN14Bridgetek_EVE27DISPLAYEv</name>
         <load_address>0x1b490</load_address>
         <run_address>0x1b490</run_address>
         <size>0x10</size>
         <input_file_ref idref="fl-a"/>
      </object_component>
      <object_component id="oc-3a1">
         <name>.text:_ZN14Bridgetek_EVE28CMD_SWAPEv</name>
         <load_address>0x1b4a0</load_address>
         <run_address>0x1b4a0</run_address>
         <size>0x10</size>
         <input_file_ref idref="fl-a"/>
      </object_component>
      <object_component id="oc-4a7">
         <name>.text:_scaleEEFclk</name>
         <load_address>0x1b4b0</load_address>
         <run_address>0x1b4b0</run_address>
         <size>0x10</size>
         <input_file_ref idref="fl-5b"/>
      </object_component>
      <object_component id="oc-4a6">
         <name>.text:_scaleMainFclk</name>
         <load_address>0x1b4c0</load_address>
         <run_address>0x1b4c0</run_address>
         <size>0x10</size>
         <input_file_ref idref="fl-5b"/>
      </object_component>
      <object_component id="oc-18">
         <name>.text:decompress:none:__TI_decompress_none</name>
         <load_address>0x1b4d0</load_address>
         <run_address>0x1b4d0</run_address>
         <size>0xe</size>
         <input_file_ref idref="fl-41"/>
      </object_component>
      <object_component id="oc-55d">
         <name>.text:_Fapi_checkWdService</name>
         <load_address>0x1b4de</load_address>
         <run_address>0x1b4de</run_address>
         <size>0xc</size>
         <input_file_ref idref="fl-5f"/>
      </object_component>
      <object_component id="oc-75">
         <name>.text:decompress:ZI:__TI_zero_init</name>
         <load_address>0x1b4ea</load_address>
         <run_address>0x1b4ea</run_address>
         <size>0xc</size>
         <input_file_ref idref="fl-40"/>
      </object_component>
      <object_component id="oc-501">
         <name>.text:_outc</name>
         <load_address>0x1b4f6</load_address>
         <run_address>0x1b4f6</run_address>
         <size>0xa</size>
         <input_file_ref idref="fl-3a"/>
      </object_component>
      <object_component id="oc-5d0">
         <name>.text</name>
         <load_address>0x1b500</load_address>
         <run_address>0x1b500</run_address>
         <size>0x8</size>
         <input_file_ref idref="fl-7"/>
      </object_component>
      <object_component id="oc-59e">
         <name>.text:__aeabi_errno_addr</name>
         <load_address>0x1b508</load_address>
         <run_address>0x1b508</run_address>
         <size>0x8</size>
         <input_file_ref idref="fl-50"/>
      </object_component>
      <object_component id="oc-192">
         <name>.text:abort:abort</name>
         <load_address>0x1b510</load_address>
         <run_address>0x1b510</run_address>
         <size>0x4</size>
         <input_file_ref idref="fl-43"/>
      </object_component>
      <object_component id="oc-46">
         <name>.text:retain</name>
         <load_address>0x1b514</load_address>
         <run_address>0x1b514</run_address>
         <size>0x4</size>
         <input_file_ref idref="fl-1b"/>
      </object_component>
      <object_component id="oc-86">
         <name>.text</name>
         <load_address>0x1b518</load_address>
         <run_address>0x1b518</run_address>
         <size>0x4</size>
         <input_file_ref idref="fl-1f"/>
      </object_component>
      <object_component id="oc-6c1">
         <name>.tramp.Fapi_serviceWatchdogTimer.1</name>
         <load_address>0x1b51c</load_address>
         <run_address>0x1b51c</run_address>
         <size>0x8</size>
         <input_file_ref idref="fl-7"/>
      </object_component>
      <object_component id="oc-2b">
         <name>.const:s_vim_init</name>
         <load_address>0x1cb48</load_address>
         <run_address>0x1cb48</run_address>
         <size>0x200</size>
         <input_file_ref idref="fl-20"/>
      </object_component>
      <object_component id="oc-5dd">
         <name>.const:.string:_ctypes_</name>
         <load_address>0x1cd48</load_address>
         <run_address>0x1cd48</run_address>
         <size>0x101</size>
         <input_file_ref idref="fl-4d"/>
      </object_component>
      <object_component id="oc-242">
         <name>.const:.string:$P$T0$1</name>
         <load_address>0x1ce49</load_address>
         <run_address>0x1ce49</run_address>
         <size>0x23</size>
         <input_file_ref idref="fl-2"/>
      </object_component>
      <object_component id="oc-243">
         <name>.const:.string:$P$T1$2</name>
         <load_address>0x1ce6c</load_address>
         <run_address>0x1ce6c</run_address>
         <size>0x23</size>
         <input_file_ref idref="fl-2"/>
      </object_component>
      <object_component id="oc-244">
         <name>.const:.string:$P$T2$3</name>
         <load_address>0x1ce8f</load_address>
         <run_address>0x1ce8f</run_address>
         <size>0x23</size>
         <input_file_ref idref="fl-2"/>
      </object_component>
      <object_component id="oc-4d1">
         <name>.const:s_canByteOrder</name>
         <load_address>0x1ceb4</load_address>
         <run_address>0x1ceb4</run_address>
         <size>0x20</size>
         <input_file_ref idref="fl-8"/>
      </object_component>
      <object_component id="oc-6bd">
         <name>.cinit..data.load</name>
         <load_address>0x1cf78</load_address>
         <run_address>0x1cf78</run_address>
         <size>0x1f</size>
      </object_component>
      <object_component id="oc-6ba">
         <name>__TI_handler_table</name>
         <load_address>0x1cf98</load_address>
         <run_address>0x1cf98</run_address>
         <size>0xc</size>
      </object_component>
      <object_component id="oc-6be">
         <name>.cinit.FEE_DATA_SECTION.load</name>
         <load_address>0x1cfa4</load_address>
         <run_address>0x1cfa4</run_address>
         <size>0x9</size>
      </object_component>
      <object_component id="oc-6bc">
         <name>.cinit..bss.load</name>
         <load_address>0x1cfb0</load_address>
         <run_address>0x1cfb0</run_address>
         <size>0x8</size>
      </object_component>
      <object_component id="oc-6bb">
         <name>__TI_cinit_table</name>
         <load_address>0x1cfb8</load_address>
         <run_address>0x1cfb8</run_address>
         <size>0x18</size>
      </object_component>
      <object_component id="oc-b8">
         <name>.bss:g_sciTransfer_t</name>
         <uninitialized>true</uninitialized>
         <run_address>0x8005634</run_address>
         <size>0x28</size>
         <input_file_ref idref="fl-13"/>
      </object_component>
      <object_component id="oc-63c">
         <name>.bss:g_spiPacket_t</name>
         <uninitialized>true</uninitialized>
         <run_address>0x8005550</run_address>
         <size>0x78</size>
         <input_file_ref idref="fl-14"/>
      </object_component>
      <object_component id="oc-17a">
         <name>.bss:display_data</name>
         <uninitialized>true</uninitialized>
         <run_address>0x80055c8</run_address>
         <size>0x69</size>
         <input_file_ref idref="fl-18"/>
      </object_component>
      <object_component id="oc-334">
         <name>.bss:sensors_msg</name>
         <uninitialized>true</uninitialized>
         <run_address>0x80056c1</run_address>
         <size>0x8</size>
         <input_file_ref idref="fl-22"/>
      </object_component>
      <object_component id="oc-337">
         <name>.bss:wheel_speed_msg</name>
         <uninitialized>true</uninitialized>
         <run_address>0x80056d1</run_address>
         <size>0x8</size>
         <input_file_ref idref="fl-22"/>
      </object_component>
      <object_component id="oc-33a">
         <name>.bss:dynamic_msg</name>
         <uninitialized>true</uninitialized>
         <run_address>0x80056a9</run_address>
         <size>0x8</size>
         <input_file_ref idref="fl-22"/>
      </object_component>
      <object_component id="oc-33d">
         <name>.bss:motor1_msg</name>
         <uninitialized>true</uninitialized>
         <run_address>0x80056b1</run_address>
         <size>0x8</size>
         <input_file_ref idref="fl-22"/>
      </object_component>
      <object_component id="oc-340">
         <name>.bss:motor2_msg</name>
         <uninitialized>true</uninitialized>
         <run_address>0x80056b9</run_address>
         <size>0x8</size>
         <input_file_ref idref="fl-22"/>
      </object_component>
      <object_component id="oc-343">
         <name>.bss:status_msg</name>
         <uninitialized>true</uninitialized>
         <run_address>0x80056c9</run_address>
         <size>0x8</size>
         <input_file_ref idref="fl-22"/>
      </object_component>
      <object_component id="oc-245">
         <name>.common:EVE_DISP_WIDTH</name>
         <uninitialized>true</uninitialized>
         <run_address>0x8005718</run_address>
         <size>0x4</size>
      </object_component>
      <object_component id="oc-249">
         <name>.common:EVE_DISP_HEIGHT</name>
         <uninitialized>true</uninitialized>
         <run_address>0x80056e8</run_address>
         <size>0x4</size>
      </object_component>
      <object_component id="oc-24a">
         <name>.common:EVE_DISP_HCYCLE</name>
         <uninitialized>true</uninitialized>
         <run_address>0x80056e4</run_address>
         <size>0x4</size>
      </object_component>
      <object_component id="oc-24b">
         <name>.common:EVE_DISP_VCYCLE</name>
         <uninitialized>true</uninitialized>
         <run_address>0x8005708</run_address>
         <size>0x4</size>
      </object_component>
      <object_component id="oc-24c">
         <name>.common:EVE_DISP_HOFFSET</name>
         <uninitialized>true</uninitialized>
         <run_address>0x80056ec</run_address>
         <size>0x4</size>
      </object_component>
      <object_component id="oc-24d">
         <name>.common:EVE_DISP_VOFFSET</name>
         <uninitialized>true</uninitialized>
         <run_address>0x800570c</run_address>
         <size>0x4</size>
      </object_component>
      <object_component id="oc-24e">
         <name>.common:EVE_DISP_HSYNC0</name>
         <uninitialized>true</uninitialized>
         <run_address>0x80056f0</run_address>
         <size>0x4</size>
      </object_component>
      <object_component id="oc-24f">
         <name>.common:EVE_DISP_HSYNC1</name>
         <uninitialized>true</uninitialized>
         <run_address>0x80056f4</run_address>
         <size>0x4</size>
      </object_component>
      <object_component id="oc-250">
         <name>.common:EVE_DISP_VSYNC0</name>
         <uninitialized>true</uninitialized>
         <run_address>0x8005710</run_address>
         <size>0x4</size>
      </object_component>
      <object_component id="oc-251">
         <name>.common:EVE_DISP_VSYNC1</name>
         <uninitialized>true</uninitialized>
         <run_address>0x8005714</run_address>
         <size>0x4</size>
      </object_component>
      <object_component id="oc-252">
         <name>.common:EVE_DISP_PCLKPOL</name>
         <uninitialized>true</uninitialized>
         <run_address>0x80056fc</run_address>
         <size>0x4</size>
      </object_component>
      <object_component id="oc-253">
         <name>.common:EVE_DISP_SWIZZLE</name>
         <uninitialized>true</uninitialized>
         <run_address>0x8005704</run_address>
         <size>0x4</size>
      </object_component>
      <object_component id="oc-254">
         <name>.common:EVE_DISP_CSPREAD</name>
         <uninitialized>true</uninitialized>
         <run_address>0x80056dc</run_address>
         <size>0x4</size>
      </object_component>
      <object_component id="oc-255">
         <name>.common:EVE_DISP_DITHER</name>
         <uninitialized>true</uninitialized>
         <run_address>0x80056e0</run_address>
         <size>0x4</size>
      </object_component>
      <object_component id="oc-256">
         <name>.common:EVE_DISP_PCLK</name>
         <uninitialized>true</uninitialized>
         <run_address>0x80056f8</run_address>
         <size>0x4</size>
      </object_component>
      <object_component id="oc-257">
         <name>.common:EVE_DISP_PCLK_FREQ</name>
         <uninitialized>true</uninitialized>
         <run_address>0x8005700</run_address>
         <size>0x4</size>
      </object_component>
      <object_component id="oc-258">
         <name>.common:EVE_TOUCH_ADDR</name>
         <uninitialized>true</uninitialized>
         <run_address>0x800571c</run_address>
         <size>0x4</size>
      </object_component>
      <object_component id="oc-17d">
         <name>.common:dashboard_data</name>
         <uninitialized>true</uninitialized>
         <run_address>0x8001500</run_address>
         <size>0x4050</size>
      </object_component>
      <object_component id="oc-181">
         <name>.common:sensors_data</name>
         <uninitialized>true</uninitialized>
         <run_address>0x800567a</run_address>
         <size>0xa</size>
      </object_component>
      <object_component id="oc-185">
         <name>.common:speed_data</name>
         <uninitialized>true</uninitialized>
         <run_address>0x8005684</run_address>
         <size>0xa</size>
      </object_component>
      <object_component id="oc-189">
         <name>.common:dynamic_data</name>
         <uninitialized>true</uninitialized>
         <run_address>0x800565c</run_address>
         <size>0xa</size>
      </object_component>
      <object_component id="oc-186">
         <name>.common:motor1_data</name>
         <uninitialized>true</uninitialized>
         <run_address>0x8005666</run_address>
         <size>0xa</size>
      </object_component>
      <object_component id="oc-187">
         <name>.common:motor2_data</name>
         <uninitialized>true</uninitialized>
         <run_address>0x8005670</run_address>
         <size>0xa</size>
      </object_component>
      <object_component id="oc-188">
         <name>.common:drivers_status_data</name>
         <uninitialized>true</uninitialized>
         <run_address>0x8005697</run_address>
         <size>0x9</size>
      </object_component>
      <object_component id="oc-324">
         <name>.common:buttons_data</name>
         <uninitialized>true</uninitialized>
         <run_address>0x800568e</run_address>
         <size>0x9</size>
      </object_component>
      <object_component id="oc-325">
         <name>.common:on_board_status_data</name>
         <uninitialized>true</uninitialized>
         <run_address>0x80056a0</run_address>
         <size>0x9</size>
      </object_component>
      <object_component id="oc-5c7">
         <name>.data:dataconfig</name>
         <load_address>0x80058a2</load_address>
         <run_address>0x80058a2</run_address>
         <size>0x4</size>
         <input_file_ref idref="fl-5"/>
      </object_component>
      <object_component id="oc-307">
         <name>.data</name>
         <load_address>0x80058a6</load_address>
         <run_address>0x80058a6</run_address>
         <size>0x2</size>
         <input_file_ref idref="fl-10"/>
      </object_component>
      <object_component id="oc-331">
         <name>.data</name>
         <load_address>0x8005854</load_address>
         <run_address>0x8005854</run_address>
         <size>0x40</size>
         <input_file_ref idref="fl-22"/>
      </object_component>
      <object_component id="oc-306">
         <name>.data</name>
         <load_address>0x800589c</load_address>
         <run_address>0x800589c</run_address>
         <size>0x6</size>
         <input_file_ref idref="fl-33"/>
      </object_component>
      <object_component id="oc-625">
         <name>.data</name>
         <load_address>0x80058a8</load_address>
         <run_address>0x80058a8</run_address>
         <size>0x4</size>
         <input_file_ref idref="fl-50"/>
      </object_component>
      <object_component id="oc-558">
         <name>.data</name>
         <load_address>0x8005894</load_address>
         <run_address>0x8005894</run_address>
         <size>0x8</size>
         <input_file_ref idref="fl-5b"/>
      </object_component>
      <object_component id="oc-4a8">
         <name>.data</name>
         <load_address>0x80058ac</load_address>
         <run_address>0x80058ac</run_address>
         <size>0x1</size>
         <input_file_ref idref="fl-5c"/>
      </object_component>
      <object_component id="oc-2ac">
         <name>FEE_TEXT_SECTION</name>
         <load_address>0x1b524</load_address>
         <run_address>0x1b524</run_address>
         <size>0xc3c</size>
         <input_file_ref idref="fl-2f"/>
      </object_component>
      <object_component id="oc-298">
         <name>FEE_TEXT_SECTION</name>
         <load_address>0x1c160</load_address>
         <run_address>0x1c160</run_address>
         <size>0x9e8</size>
         <input_file_ref idref="fl-2c"/>
      </object_component>
      <object_component id="oc-274">
         <name>FEE_CONST_SECTION</name>
         <load_address>0x1ced4</load_address>
         <run_address>0x1ced4</run_address>
         <size>0x84</size>
         <input_file_ref idref="fl-6"/>
      </object_component>
      <object_component id="oc-277">
         <name>FEE_CONST_SECTION</name>
         <load_address>0x1cf58</load_address>
         <run_address>0x1cf58</run_address>
         <size>0x1c</size>
         <input_file_ref idref="fl-25"/>
      </object_component>
      <object_component id="oc-271">
         <name>FEE_DATA_SECTION</name>
         <load_address>0x8005720</load_address>
         <run_address>0x8005720</run_address>
         <size>0xf5</size>
         <input_file_ref idref="fl-28"/>
      </object_component>
      <object_component id="oc-289">
         <name>FEE_DATA_SECTION</name>
         <load_address>0x8005815</load_address>
         <run_address>0x8005815</run_address>
         <size>0x1</size>
         <input_file_ref idref="fl-2a"/>
      </object_component>
      <object_component id="oc-290">
         <name>FEE_DATA_SECTION:uninit</name>
         <load_address>0x8005818</load_address>
         <run_address>0x8005818</run_address>
         <size>0x2e</size>
         <input_file_ref idref="fl-2e"/>
      </object_component>
      <object_component id="oc-28f">
         <name>FEE_DATA_SECTION:init</name>
         <load_address>0x8005848</load_address>
         <run_address>0x8005848</run_address>
         <size>0x9</size>
         <input_file_ref idref="fl-2e"/>
      </object_component>
      <object_component id="oc-246">
         <name>.debug_info</name>
         <load_address>0x0</load_address>
         <run_address>0x0</run_address>
         <size>0xc1e</size>
         <input_file_ref idref="fl-2"/>
      </object_component>
      <object_component id="oc-13f">
         <name>.debug_info</name>
         <load_address>0xc1e</load_address>
         <run_address>0xc1e</run_address>
         <size>0x51f</size>
         <input_file_ref idref="fl-2"/>
      </object_component>
      <object_component id="oc-25a">
         <name>.debug_info</name>
         <load_address>0x113d</load_address>
         <run_address>0x113d</run_address>
         <size>0x18bd</size>
         <input_file_ref idref="fl-2"/>
      </object_component>
      <object_component id="oc-3c5">
         <name>.debug_info</name>
         <load_address>0x29fa</load_address>
         <run_address>0x29fa</run_address>
         <size>0xe9</size>
         <input_file_ref idref="fl-2"/>
      </object_component>
      <object_component id="oc-5e">
         <name>.debug_info</name>
         <load_address>0x2ae3</load_address>
         <run_address>0x2ae3</run_address>
         <size>0x84</size>
         <input_file_ref idref="fl-2"/>
      </object_component>
      <object_component id="oc-3e8">
         <name>.debug_info</name>
         <load_address>0x2b67</load_address>
         <run_address>0x2b67</run_address>
         <size>0x2d6</size>
         <input_file_ref idref="fl-2"/>
      </object_component>
      <object_component id="oc-25f">
         <name>.debug_info</name>
         <load_address>0x2e3d</load_address>
         <run_address>0x2e3d</run_address>
         <size>0xbb</size>
         <input_file_ref idref="fl-2"/>
      </object_component>
      <object_component id="oc-3de">
         <name>.debug_info</name>
         <load_address>0x2ef8</load_address>
         <run_address>0x2ef8</run_address>
         <size>0x2a1</size>
         <input_file_ref idref="fl-2"/>
      </object_component>
      <object_component id="oc-4c8">
         <name>.debug_info</name>
         <load_address>0x3199</load_address>
         <run_address>0x3199</run_address>
         <size>0x2c</size>
         <input_file_ref idref="fl-2"/>
      </object_component>
      <object_component id="oc-454">
         <name>.debug_info</name>
         <load_address>0x31c5</load_address>
         <run_address>0x31c5</run_address>
         <size>0x89b</size>
         <input_file_ref idref="fl-3"/>
      </object_component>
      <object_component id="oc-268">
         <name>.debug_info</name>
         <load_address>0x3a60</load_address>
         <run_address>0x3a60</run_address>
         <size>0x8760</size>
         <input_file_ref idref="fl-3"/>
      </object_component>
      <object_component id="oc-1ac">
         <name>.debug_info</name>
         <load_address>0xc1c0</load_address>
         <run_address>0xc1c0</run_address>
         <size>0x26b</size>
         <input_file_ref idref="fl-3"/>
      </object_component>
      <object_component id="oc-44f">
         <name>.debug_info</name>
         <load_address>0xc42b</load_address>
         <run_address>0xc42b</run_address>
         <size>0x2a4</size>
         <input_file_ref idref="fl-3"/>
      </object_component>
      <object_component id="oc-1a5">
         <name>.debug_info</name>
         <load_address>0xc6cf</load_address>
         <run_address>0xc6cf</run_address>
         <size>0xbb</size>
         <input_file_ref idref="fl-3"/>
      </object_component>
      <object_component id="oc-1e0">
         <name>.debug_info</name>
         <load_address>0xc78a</load_address>
         <run_address>0xc78a</run_address>
         <size>0x2c</size>
         <input_file_ref idref="fl-3"/>
      </object_component>
      <object_component id="oc-495">
         <name>.debug_info</name>
         <load_address>0xc7b6</load_address>
         <run_address>0xc7b6</run_address>
         <size>0x2c</size>
         <input_file_ref idref="fl-3"/>
      </object_component>
      <object_component id="oc-1fc">
         <name>.debug_info</name>
         <load_address>0xc7e2</load_address>
         <run_address>0xc7e2</run_address>
         <size>0x35</size>
         <input_file_ref idref="fl-3"/>
      </object_component>
      <object_component id="oc-551">
         <name>.debug_info</name>
         <load_address>0xc817</load_address>
         <run_address>0xc817</run_address>
         <size>0x5db</size>
         <input_file_ref idref="fl-4"/>
      </object_component>
      <object_component id="oc-48b">
         <name>.debug_info</name>
         <load_address>0xcdf2</load_address>
         <run_address>0xcdf2</run_address>
         <size>0x15e8</size>
         <input_file_ref idref="fl-4"/>
      </object_component>
      <object_component id="oc-421">
         <name>.debug_info</name>
         <load_address>0xe3da</load_address>
         <run_address>0xe3da</run_address>
         <size>0x5d0</size>
         <input_file_ref idref="fl-5"/>
      </object_component>
      <object_component id="oc-5c8">
         <name>.debug_info</name>
         <load_address>0xe9aa</load_address>
         <run_address>0xe9aa</run_address>
         <size>0xeb</size>
         <input_file_ref idref="fl-5"/>
      </object_component>
      <object_component id="oc-54b">
         <name>.debug_info</name>
         <load_address>0xea95</load_address>
         <run_address>0xea95</run_address>
         <size>0x154a</size>
         <input_file_ref idref="fl-5"/>
      </object_component>
      <object_component id="oc-51b">
         <name>.debug_info</name>
         <load_address>0xffdf</load_address>
         <run_address>0xffdf</run_address>
         <size>0x3d9</size>
         <input_file_ref idref="fl-5"/>
      </object_component>
      <object_component id="oc-18b">
         <name>.debug_info</name>
         <load_address>0x103b8</load_address>
         <run_address>0x103b8</run_address>
         <size>0x18d</size>
         <input_file_ref idref="fl-5"/>
      </object_component>
      <object_component id="oc-ca">
         <name>.debug_info</name>
         <load_address>0x10545</load_address>
         <run_address>0x10545</run_address>
         <size>0x8b</size>
         <input_file_ref idref="fl-5"/>
      </object_component>
      <object_component id="oc-40d">
         <name>.debug_info</name>
         <load_address>0x105d0</load_address>
         <run_address>0x105d0</run_address>
         <size>0x25d</size>
         <input_file_ref idref="fl-5"/>
      </object_component>
      <object_component id="oc-511">
         <name>.debug_info</name>
         <load_address>0x1082d</load_address>
         <run_address>0x1082d</run_address>
         <size>0x15c</size>
         <input_file_ref idref="fl-5"/>
      </object_component>
      <object_component id="oc-516">
         <name>.debug_info</name>
         <load_address>0x10989</load_address>
         <run_address>0x10989</run_address>
         <size>0x29e</size>
         <input_file_ref idref="fl-5"/>
      </object_component>
      <object_component id="oc-4a0">
         <name>.debug_info</name>
         <load_address>0x10c27</load_address>
         <run_address>0x10c27</run_address>
         <size>0x1ee</size>
         <input_file_ref idref="fl-6"/>
      </object_component>
      <object_component id="oc-275">
         <name>.debug_info</name>
         <load_address>0x10e15</load_address>
         <run_address>0x10e15</run_address>
         <size>0xfe</size>
         <input_file_ref idref="fl-6"/>
      </object_component>
      <object_component id="oc-284">
         <name>.debug_info</name>
         <load_address>0x10f13</load_address>
         <run_address>0x10f13</run_address>
         <size>0xe57</size>
         <input_file_ref idref="fl-6"/>
      </object_component>
      <object_component id="oc-4ad">
         <name>.debug_info</name>
         <load_address>0x11d6a</load_address>
         <run_address>0x11d6a</run_address>
         <size>0x225</size>
         <input_file_ref idref="fl-6"/>
      </object_component>
      <object_component id="oc-4b2">
         <name>.debug_info</name>
         <load_address>0x11f8f</load_address>
         <run_address>0x11f8f</run_address>
         <size>0x26d5</size>
         <input_file_ref idref="fl-6"/>
      </object_component>
      <object_component id="oc-ae">
         <name>.debug_info</name>
         <load_address>0x14664</load_address>
         <run_address>0x14664</run_address>
         <size>0x157</size>
         <input_file_ref idref="fl-6"/>
      </object_component>
      <object_component id="oc-4bf">
         <name>.debug_info</name>
         <load_address>0x147bb</load_address>
         <run_address>0x147bb</run_address>
         <size>0x46</size>
         <input_file_ref idref="fl-6"/>
      </object_component>
      <object_component id="oc-5d1">
         <name>.debug_info</name>
         <load_address>0x14801</load_address>
         <run_address>0x14801</run_address>
         <size>0x17a</size>
         <input_file_ref idref="fl-7"/>
      </object_component>
      <object_component id="oc-1d8">
         <name>.debug_info</name>
         <load_address>0x1497b</load_address>
         <run_address>0x1497b</run_address>
         <size>0x3e2</size>
         <input_file_ref idref="fl-8"/>
      </object_component>
      <object_component id="oc-4d2">
         <name>.debug_info</name>
         <load_address>0x14d5d</load_address>
         <run_address>0x14d5d</run_address>
         <size>0xe7</size>
         <input_file_ref idref="fl-8"/>
      </object_component>
      <object_component id="oc-315">
         <name>.debug_info</name>
         <load_address>0x14e44</load_address>
         <run_address>0x14e44</run_address>
         <size>0x13a6</size>
         <input_file_ref idref="fl-8"/>
      </object_component>
      <object_component id="oc-26">
         <name>.debug_info</name>
         <load_address>0x161ea</load_address>
         <run_address>0x161ea</run_address>
         <size>0x262</size>
         <input_file_ref idref="fl-8"/>
      </object_component>
      <object_component id="oc-c5">
         <name>.debug_info</name>
         <load_address>0x1644c</load_address>
         <run_address>0x1644c</run_address>
         <size>0x18c</size>
         <input_file_ref idref="fl-8"/>
      </object_component>
      <object_component id="oc-cf">
         <name>.debug_info</name>
         <load_address>0x165d8</load_address>
         <run_address>0x165d8</run_address>
         <size>0x86</size>
         <input_file_ref idref="fl-8"/>
      </object_component>
      <object_component id="oc-201">
         <name>.debug_info</name>
         <load_address>0x1665e</load_address>
         <run_address>0x1665e</run_address>
         <size>0x437</size>
         <input_file_ref idref="fl-8"/>
      </object_component>
      <object_component id="oc-464">
         <name>.debug_info</name>
         <load_address>0x16a95</load_address>
         <run_address>0x16a95</run_address>
         <size>0x15f</size>
         <input_file_ref idref="fl-8"/>
      </object_component>
      <object_component id="oc-1ca">
         <name>.debug_info</name>
         <load_address>0x16bf4</load_address>
         <run_address>0x16bf4</run_address>
         <size>0x2d0</size>
         <input_file_ref idref="fl-8"/>
      </object_component>
      <object_component id="oc-bf">
         <name>.debug_info</name>
         <load_address>0x16ec4</load_address>
         <run_address>0x16ec4</run_address>
         <size>0xfe</size>
         <input_file_ref idref="fl-9"/>
      </object_component>
      <object_component id="oc-17e">
         <name>.debug_info</name>
         <load_address>0x16fc2</load_address>
         <run_address>0x16fc2</run_address>
         <size>0x3501</size>
         <input_file_ref idref="fl-a"/>
      </object_component>
      <object_component id="oc-38e">
         <name>.debug_info</name>
         <load_address>0x1a4c3</load_address>
         <run_address>0x1a4c3</run_address>
         <size>0x1c9</size>
         <input_file_ref idref="fl-a"/>
      </object_component>
      <object_component id="oc-387">
         <name>.debug_info</name>
         <load_address>0x1a68c</load_address>
         <run_address>0x1a68c</run_address>
         <size>0x1cb</size>
         <input_file_ref idref="fl-a"/>
      </object_component>
      <object_component id="oc-2c9">
         <name>.debug_info</name>
[...]
      </symbol>
      <symbol id="sm-f2c">
         <name>TI_Fee_u8ErrEraseVS</name>
         <value>0x80057fc</value>
         <object_component_ref idref="oc-271"/>
      </symbol>
      <symbol id="sm-f2d">
         <name>TI_Fee_bIsMainFunctionCalled</name>
         <value>0x80057fe</value>
         <object_component_ref idref="oc-271"/>
      </symbol>
      <symbol id="sm-f9e">
         <name>TI_Fee_MainFunction</name>
         <value>0xf43c</value>
         <object_component_ref idref="oc-156"/>
      </symbol>
      <symbol id="sm-fd9">
         <name>TI_Fee_ReadSync</name>
         <value>0x1c160</value>
         <object_component_ref idref="oc-298"/>
      </symbol>
      <symbol id="sm-11fc">
         <name>TI_FeeInternal_FindNextVirtualSector</name>
         <value>0xec4</value>
         <object_component_ref idref="oc-15c"/>
      </symbol>
      <symbol id="sm-11fd">
         <name>TI_Fee_GetStatus</name>
         <value>0x4ec0</value>
         <object_component_ref idref="oc-15c"/>
      </symbol>
      <symbol id="sm-11fe">
         <name>TI_FeeInternal_SetClearCopyBlockState</name>
         <value>0x2f28</value>
         <object_component_ref idref="oc-15c"/>
      </symbol>
      <symbol id="sm-11ff">
         <name>TI_FeeInternal_UpdateBlockOffsetArray</name>
         <value>0x1e90</value>
         <object_component_ref idref="oc-15c"/>
      </symbol>
      <symbol id="sm-1200">
         <name>TI_FeeInternal_CheckReadParameters</name>
         <value>0x2ab4</value>
         <object_component_ref idref="oc-15c"/>
      </symbol>
      <symbol id="sm-1201">
         <name>TI_FeeInternal_BlankCheck</name>
         <value>0x1188</value>
         <object_component_ref idref="oc-15c"/>
      </symbol>
      <symbol id="sm-1202">
         <name>TI_FeeInternal_Fletcher16</name>
         <value>0x50ac</value>
         <object_component_ref idref="oc-15c"/>
      </symbol>
      <symbol id="sm-1203">
         <name>TI_Fee_ErrorRecovery</name>
         <value>0x51d8</value>
         <object_component_ref idref="oc-15c"/>
      </symbol>
      <symbol id="sm-1204">
         <name>TI_FeeInternal_PollFlashStatus</name>
         <value>0xe08</value>
         <object_component_ref idref="oc-15c"/>
      </symbol>
      <symbol id="sm-1205">
         <name>TI_FeeInternal_StartProgramBlock</name>
         <value>0x4dbc</value>
         <object_component_ref idref="oc-15c"/>
      </symbol>
      <symbol id="sm-1206">
         <name>TI_FeeInternal_GetCurrentBlockAddress</name>
         <value>0x2be4</value>
         <object_component_ref idref="oc-15c"/>
      </symbol>
      <symbol id="sm-1207">
         <name>TI_FeeInternal_WriteBlockHeader</name>
         <value>0x44bc</value>
         <object_component_ref idref="oc-15c"/>
      </symbol>
      <symbol id="sm-1208">
         <name>TI_FeeInternal_EnableRequiredFlashSector</name>
         <value>0x56c0</value>
         <object_component_ref idref="oc-15c"/>
      </symbol>
      <symbol id="sm-1209">
         <name>TI_FeeInternal_WriteDataF021</name>
         <value>0x664</value>
         <object_component_ref idref="oc-15c"/>
      </symbol>
      <symbol id="sm-120a">
         <name>TI_FeeInternal_GetBlockNumber</name>
         <value>0x1c2c</value>
         <object_component_ref idref="oc-15c"/>
      </symbol>
      <symbol id="sm-120b">
         <name>TI_FeeInternal_GetDataSetIndex</name>
         <value>0x1ce8</value>
         <object_component_ref idref="oc-15c"/>
      </symbol>
      <symbol id="sm-120c">
         <name>TI_FeeInternal_GetVirtualSectorParameter</name>
         <value>0x20</value>
         <object_component_ref idref="oc-15c"/>
      </symbol>
      <symbol id="sm-120d">
         <name>TI_FeeInternal_WriteVirtualSectorHeader</name>
         <value>0x1b8</value>
         <object_component_ref idref="oc-15c"/>
      </symbol>
      <symbol id="sm-120e">
         <name>TI_FeeInternal_AlignAddressForECC</name>
         <value>0xaf4</value>
         <object_component_ref idref="oc-15c"/>
      </symbol>
      <symbol id="sm-120f">
         <name>TI_FeeInternal_WritePreviousBlockHeader</name>
         <value>0x4814</value>
         <object_component_ref idref="oc-15c"/>
      </symbol>
      <symbol id="sm-1210">
         <name>TI_FeeInternal_GetBlockSize</name>
         <value>0xe84</value>
         <object_component_ref idref="oc-15c"/>
      </symbol>
      <symbol id="sm-1211">
         <name>TI_FeeInternal_GetNextFlashAddress</name>
         <value>0x2ce8</value>
         <object_component_ref idref="oc-15c"/>
      </symbol>
      <symbol id="sm-1212">
         <name>TI_FeeInternal_GetArrayIndex</name>
         <value>0x1d24</value>
         <object_component_ref idref="oc-15c"/>
      </symbol>
      <symbol id="sm-1213">
         <name>TI_FeeInternal_WriteInitialize</name>
         <value>0xb2c</value>
         <object_component_ref idref="oc-15c"/>
      </symbol>
      <symbol id="sm-1214">
         <name>TI_FeeInternal_FeeManager</name>
         <value>0x3044</value>
         <object_component_ref idref="oc-15c"/>
      </symbol>
      <symbol id="sm-1215">
         <name>TI_FeeInternal_CheckModuleState</name>
         <value>0x2a54</value>
         <object_component_ref idref="oc-15c"/>
      </symbol>
      <symbol id="sm-1216">
         <name>TI_FeeInternal_GetBlockIndex</name>
         <value>0x1c68</value>
         <object_component_ref idref="oc-15c"/>
      </symbol>
      <symbol id="sm-1217">
         <name>TI_FeeInternal_InvalidateErase</name>
         <value>0x4b0c</value>
         <object_component_ref idref="oc-15c"/>
      </symbol>
      <symbol id="sm-1218">
         <name>TI_FeeInternal_GetVirtualSectorIndex</name>
         <value>0x1a50</value>
         <object_component_ref idref="oc-15c"/>
      </symbol>
      <symbol id="sm-1219">
         <name>TI_FeeInternal_CheckForError</name>
         <value>0x4f2c</value>
         <object_component_ref idref="oc-15c"/>
      </symbol>
      <symbol id="sm-121a">
         <name>TI_Fee_SuspendResumeErase</name>
         <value>0x54b0</value>
         <object_component_ref idref="oc-15c"/>
      </symbol>
      <symbol id="sm-121b">
         <name>TI_FeeInternal_SanityCheck</name>
         <value>0x2d38</value>
         <object_component_ref idref="oc-15c"/>
      </symbol>
      <symbol id="sm-125e">
         <name>TI_Fee_WriteAsync</name>
         <value>0x1b524</value>
         <object_component_ref idref="oc-2ac"/>
      </symbol>
      <symbol id="sm-127e">
         <name>_Z15ui_draw_buttonsR14Bridgetek_EVE2P16dashboard_data_t</name>
         <value>0x1912c</value>
         <object_component_ref idref="oc-37f"/>
      </symbol>
      <symbol id="sm-1296">
         <name>_Z15ui_draw_rpm_barR14Bridgetek_EVE2f</name>
         <value>0x197b0</value>
         <object_component_ref idref="oc-379"/>
      </symbol>
      <symbol id="sm-1352">
         <name>_Z15saveCalibrationR14Bridgetek_EVE2</name>
         <value>0x11d14</value>
         <object_component_ref idref="oc-162"/>
      </symbol>
      <symbol id="sm-1353">
         <name>_Z12eve_read_tagR14Bridgetek_EVE2Ph</name>
         <value>0x11e40</value>
         <object_component_ref idref="oc-162"/>
      </symbol>
      <symbol id="sm-1354">
         <name>_ZN14Bridgetek_EVE213CMD_CALIBRATEEj</name>
         <value>0x1b368</value>
         <object_component_ref idref="oc-2f1"/>
      </symbol>
      <symbol id="sm-1355">
         <name>_ZN14Bridgetek_EVE213LIB_MemRead16Ej</name>
         <value>0x1b380</value>
         <object_component_ref idref="oc-2b2"/>
      </symbol>
      <symbol id="sm-1356">
         <name>_Z5delayi</name>
         <value>0x11dcc</value>
         <object_component_ref idref="oc-162"/>
      </symbol>
      <symbol id="sm-1357">
         <name>_Z13eve_calibrateR14Bridgetek_EVE2</name>
         <value>0x11eac</value>
         <object_component_ref idref="oc-162"/>
      </symbol>
      <symbol id="sm-1358">
         <name>_Z10eve_get_xyR14Bridgetek_EVE2PtS1_</name>
         <value>0x12098</value>
         <object_component_ref idref="oc-162"/>
      </symbol>
      <symbol id="sm-1359">
         <name>_Z15ui_handle_touchR14Bridgetek_EVE2P16dashboard_data_t</name>
         <value>0x12114</value>
         <object_component_ref idref="oc-162"/>
      </symbol>
      <symbol id="sm-135a">
         <name>_ZN14Bridgetek_EVE219LIB_AwaitCoProEmptyEv</name>
         <value>0x1b460</value>
         <object_component_ref idref="oc-2ff"/>
      </symbol>
      <symbol id="sm-135b">
         <name>_ZN14Bridgetek_EVE213LIB_MemRead32Ej</name>
         <value>0x1b398</value>
         <object_component_ref idref="oc-2a5"/>
      </symbol>
      <symbol id="sm-135c">
         <name>_ZN14Bridgetek_EVE214LIB_MemWrite32Ejj</name>
         <value>0x1b28c</value>
         <object_component_ref idref="oc-29e"/>
      </symbol>
      <symbol id="sm-135d">
         <name>_ZN14Bridgetek_EVE213LIB_MemWrite8Ejh</name>
         <value>0x1b26c</value>
         <object_component_ref idref="oc-2c0"/>
      </symbol>
      <symbol id="sm-135e">
         <name>_ZN14Bridgetek_EVE212LIB_MemRead8Ej</name>
         <value>0x1b350</value>
         <object_component_ref idref="oc-2b9"/>
      </symbol>
      <symbol id="sm-135f">
         <name>_Z15loadCalibrationR14Bridgetek_EVE2</name>
         <value>0x11c58</value>
         <object_component_ref idref="oc-162"/>
      </symbol>
      <symbol id="sm-1385">
         <name>floorl</name>
         <value>0x1a54d</value>
         <object_component_ref idref="oc-4d5"/>
      </symbol>
      <symbol id="sm-1386">
         <name>floor</name>
         <value>0x1a54d</value>
         <object_component_ref idref="oc-4d5"/>
      </symbol>
      <symbol id="sm-13ad">
         <name>sprintf</name>
         <value>0x1afcd</value>
         <object_component_ref idref="oc-365"/>
      </symbol>
      <symbol id="sm-13c8">
         <name>memcpy</name>
         <value>0x1a7bb</value>
         <object_component_ref idref="oc-63"/>
      </symbol>
      <symbol id="sm-13c9">
         <name>__aeabi_memcpy</name>
         <value>0x1a7bb</value>
         <object_component_ref idref="oc-63"/>
      </symbol>
      <symbol id="sm-13ca">
         <name>__aeabi_memcpy8</name>
         <value>0x1a7bb</value>
         <object_component_ref idref="oc-63"/>
      </symbol>
      <symbol id="sm-13cb">
         <name>__aeabi_memcpy4</name>
         <value>0x1a7bb</value>
         <object_component_ref idref="oc-63"/>
      </symbol>
      <symbol id="sm-13d7">
         <name>__aeabi_idivmod</name>
         <value>0x1ad68</value>
         <object_component_ref idref="oc-32c"/>
      </symbol>
      <symbol id="sm-13d8">
         <name>__aeabi_idiv</name>
         <value>0x1ad68</value>
         <object_component_ref idref="oc-32c"/>
      </symbol>
      <symbol id="sm-13e4">
         <name>__aeabi_uidivmod</name>
         <value>0x1aeac</value>
         <object_component_ref idref="oc-327"/>
      </symbol>
      <symbol id="sm-13e5">
         <name>__aeabi_uidiv</name>
         <value>0x1aeac</value>
         <object_component_ref idref="oc-327"/>
      </symbol>
      <symbol id="sm-1412">
         <name>__TI_auto_init_nobinit</name>
         <value>0x1aba9</value>
         <object_component_ref idref="oc-113"/>
      </symbol>
      <symbol id="sm-1425">
         <name>__TI_zero_init</name>
         <value>0x1b4eb</value>
         <object_component_ref idref="oc-75"/>
      </symbol>
      <symbol id="sm-143c">
         <name>__TI_decompress_none</name>
         <value>0x1b4d1</value>
         <object_component_ref idref="oc-18"/>
      </symbol>
      <symbol id="sm-145f">
         <name>__TI_decompress_lzss</name>
         <value>0x1aad5</value>
         <object_component_ref idref="oc-12"/>
      </symbol>
      <symbol id="sm-146a">
         <name>C$$EXIT</name>
         <value>0x1b511</value>
         <object_component_ref idref="oc-192"/>
      </symbol>
      <symbol id="sm-146b">
         <name>abort</name>
         <value>0x1b511</value>
         <object_component_ref idref="oc-192"/>
      </symbol>
      <symbol id="sm-147a">
         <name>strlen</name>
         <value>0x1b3f7</value>
         <object_component_ref idref="oc-31e"/>
      </symbol>
      <symbol id="sm-148d">
         <name>strstr</name>
         <value>0x1b085</value>
         <object_component_ref idref="oc-48e"/>
      </symbol>
      <symbol id="sm-15e4">
         <name>__TI_printfi</name>
         <value>0x13141</value>
         <object_component_ref idref="oc-4f5"/>
      </symbol>
      <symbol id="sm-15ee">
         <name>__aeabi_idiv0</name>
         <value>0x13b8f</value>
         <object_component_ref idref="oc-4de"/>
      </symbol>
      <symbol id="sm-15ef">
         <name>__aeabi_ldiv0</name>
         <value>0x13b8f</value>
         <object_component_ref idref="oc-4de"/>
      </symbol>
      <symbol id="sm-15fe">
         <name>__aeabi_memset</name>
         <value>0x1a9e9</value>
         <object_component_ref idref="oc-e9"/>
      </symbol>
      <symbol id="sm-15ff">
         <name>memset</name>
         <value>0x1a9ef</value>
         <object_component_ref idref="oc-e9"/>
      </symbol>
      <symbol id="sm-1600">
         <name>__aeabi_memset8</name>
         <value>0x1a9e9</value>
         <object_component_ref idref="oc-e9"/>
      </symbol>
      <symbol id="sm-1601">
         <name>__aeabi_memset4</name>
         <value>0x1a9e9</value>
         <object_component_ref idref="oc-e9"/>
      </symbol>
      <symbol id="sm-1602">
         <name>__aeabi_memclr8</name>
         <value>0x1a9e7</value>
         <object_component_ref idref="oc-e9"/>
      </symbol>
      <symbol id="sm-1603">
         <name>__aeabi_memclr4</name>
         <value>0x1a9e7</value>
         <object_component_ref idref="oc-e9"/>
      </symbol>
      <symbol id="sm-1604">
         <name>__aeabi_memclr</name>
         <value>0x1a9e7</value>
         <object_component_ref idref="oc-e9"/>
      </symbol>
      <symbol id="sm-161f">
         <name>__aeabi_uldivmod</name>
         <value>0x18990</value>
         <object_component_ref idref="oc-5e2"/>
      </symbol>
      <symbol id="sm-162e">
         <name>__TI_ltoa</name>
         <value>0x1acc1</value>
         <object_component_ref idref="oc-5e8"/>
      </symbol>
      <symbol id="sm-1643">
         <name>atoi</name>
         <value>0x1ae5d</value>
         <object_component_ref idref="oc-56e"/>
      </symbol>
      <symbol id="sm-164e">
         <name>_ctypes_</name>
         <value>0x1cd48</value>
         <object_component_ref idref="oc-5dd"/>
      </symbol>
      <symbol id="sm-165e">
         <name>memccpy</name>
         <value>0x1b225</value>
         <object_component_ref idref="oc-592"/>
      </symbol>
      <symbol id="sm-166e">
         <name>strchr</name>
         <value>0x1b3e1</value>
         <object_component_ref idref="oc-615"/>
      </symbol>
      <symbol id="sm-1684">
         <name>__aeabi_errno_addr</name>
         <value>0x1b509</value>
         <object_component_ref idref="oc-59e"/>
      </symbol>
      <symbol id="sm-1685">
         <name>errno</name>
         <value>0x80058a8</value>
         <object_component_ref idref="oc-625"/>
      </symbol>
      <symbol id="sm-169e">
         <name>wcslen</name>
         <value>0x1b40d</value>
         <object_component_ref idref="oc-598"/>
      </symbol>
      <symbol id="sm-16bc">
         <name>frexpl</name>
         <value>0x1aa61</value>
         <object_component_ref idref="oc-609"/>
      </symbol>
      <symbol id="sm-16bd">
         <name>frexp</name>
         <value>0x1aa61</value>
         <object_component_ref idref="oc-609"/>
      </symbol>
      <symbol id="sm-16da">
         <name>scalbn</name>
         <value>0x1a375</value>
         <object_component_ref idref="oc-60f"/>
      </symbol>
      <symbol id="sm-16db">
         <name>scalbnl</name>
         <value>0x1a375</value>
         <object_component_ref idref="oc-60f"/>
      </symbol>
      <symbol id="sm-16dc">
         <name>ldexpl</name>
         <value>0x1a375</value>
         <object_component_ref idref="oc-60f"/>
      </symbol>
      <symbol id="sm-16dd">
         <name>ldexp</name>
         <value>0x1a375</value>
         <object_component_ref idref="oc-60f"/>
      </symbol>
      <symbol id="sm-16e7">
         <name>copysign</name>
         <value>0x1b2cd</value>
         <object_component_ref idref="oc-65c"/>
      </symbol>
      <symbol id="sm-16e8">
         <name>copysignl</name>
         <value>0x1b2cd</value>
         <object_component_ref idref="oc-65c"/>
      </symbol>
      <symbol id="sm-16ee">
         <name>Fapi_issueAsyncCommand</name>
         <value>0x1b181</value>
         <object_component_ref idref="oc-28d"/>
      </symbol>
      <symbol id="sm-16f6">
         <name>Fapi_issueAsyncCommandWithAddress</name>
         <value>0x1b0f5</value>
         <object_component_ref idref="oc-28e"/>
      </symbol>
      <symbol id="sm-16fe">
         <name>Fapi_doBlankCheck</name>
         <value>0x1a859</value>
         <object_component_ref idref="oc-28c"/>
      </symbol>
      <symbol id="sm-170f">
         <name>_Fapi_EnableSectors</name>
         <value>0x1af49</value>
         <object_component_ref idref="oc-4aa"/>
      </symbol>
      <symbol id="sm-1710">
         <name>Fapi_enableEepromBankSectors</name>
         <value>0x1a8ed</value>
         <object_component_ref idref="oc-27c"/>
      </symbol>
      <symbol id="sm-1724">
         <name>Fapi_initializeFlashBanks</name>
         <value>0x18ecd</value>
         <object_component_ref idref="oc-27a"/>
      </symbol>
      <symbol id="sm-172a">
         <name>_Fapi_issueFsmCommand</name>
         <value>0x1b00d</value>
         <object_component_ref idref="oc-4bc"/>
      </symbol>
      <symbol id="sm-1737">
         <name>_scaleMainFclk</name>
         <value>0x1b4c1</value>
         <object_component_ref idref="oc-4a6"/>
      </symbol>
      <symbol id="sm-1738">
         <name>_scaleEEFclk</name>
         <value>0x1b4b1</value>
         <object_component_ref idref="oc-4a7"/>
      </symbol>
      <symbol id="sm-1749">
         <name>Fapi_setActiveFlashBank</name>
         <value>0x19cbd</value>
         <object_component_ref idref="oc-27b"/>
      </symbol>
      <symbol id="sm-174d">
         <name>Fapi_flushPipeline</name>
         <value>0x1b24b</value>
         <object_component_ref idref="oc-4ba"/>
      </symbol>
      <symbol id="sm-1755">
         <name>_Fapi_loopRegionForValue</name>
         <value>0x1ac09</value>
         <object_component_ref idref="oc-4bb"/>
      </symbol>
      <symbol id="sm-175a">
         <name>_Fapi_checkWdService</name>
         <value>0x1b4df</value>
         <object_component_ref idref="oc-55d"/>
      </symbol>
      <symbol id="sm-1760">
         <name>Fapi_calculateFletcherChecksum</name>
         <value>0x1b0bd</value>
         <object_component_ref idref="oc-4a4"/>
      </symbol>
      <symbol id="sm-1767">
         <name>Fapi_waitDelay</name>
         <value>0x1b125</value>
         <object_component_ref idref="oc-55b"/>
      </symbol>
      <symbol id="sm-176d">
         <name>Fapi_getNumberOfBankSectors</name>
         <value>0x1b421</value>
         <object_component_ref idref="oc-4a9"/>
      </symbol>
      <symbol id="sm-1773">
         <name>_Fapi_readDword</name>
         <value>0x1b155</value>
         <object_component_ref idref="oc-55c"/>
      </symbol>
      <symbol id="sm-177f">
         <name>Fapi_isAddressEcc</name>
         <value>0x1adbd</value>
         <object_component_ref idref="oc-5cf"/>
      </symbol>
      <symbol id="sm-1780">
         <name>__TI_static_base__</name>
         <value>0x0</value>
      </symbol>
      <symbol id="sm-1786">
         <name>_system_post_cinit</name>
         <value>0x0</value>
      </symbol>
   </symbol_table>
   <title>Link successful</title>
</link_info>
