<?xml version="1.0" encoding="ISO-8859-1" ?>
<link_info>
   <banner>TI ARM Linker PC v20.2.7.LTS</banner>
   <copyright>Copyright (c) 1996-2018 Texas Instruments Incorporated</copyright>
   <link_time>0x69b3361f</link_time>
   <link_errors>0x0</link_errors>
   <output_file>tms570_display_test_plots.out</output_file>
   <entry_point>
      <name>_c_int00</name>
      <address>0xe00c</address>
   </entry_point>
   <input_file_list>
      <input_file id="fl-2">
         <path>.\ft81x_driver\</path>
         <kind>object</kind>
         <file>Bridgetek_EVE2.obj</file>
         <name>Bridgetek_EVE2.obj</name>
      </input_file>
      <input_file id="fl-3">
         <path>.\ft81x_driver\</path>
         <kind>object</kind>
         <file>EVE_API.obj</file>
         <name>EVE_API.obj</name>
      </input_file>
      <input_file id="fl-4">
         <path>.\ft81x_driver\</path>
         <kind>object</kind>
         <file>EVE_HAL.obj</file>
         <name>EVE_HAL.obj</name>
      </input_file>
      <input_file id="fl-5">
         <path>.\ft81x_driver\</path>
         <kind>object</kind>
         <file>EVE_MCU.obj</file>
         <name>EVE_MCU.obj</name>
      </input_file>
      <input_file id="fl-6">
         <path>.\source\</path>
         <kind>object</kind>
         <file>dabort.obj</file>
         <name>dabort.obj</name>
      </input_file>
      <input_file id="fl-7">
         <path>.\source\</path>
         <kind>object</kind>
         <file>dashboard.obj</file>
         <name>dashboard.obj</name>
      </input_file>
      <input_file id="fl-8">
         <path>.\source\</path>
         <kind>object</kind>
         <file>errata_SSWF021_45.obj</file>
         <name>errata_SSWF021_45.obj</name>
      </input_file>
      <input_file id="fl-9">
         <path>.\source\</path>
         <kind>object</kind>
         <file>esm.obj</file>
         <name>esm.obj</name>
      </input_file>
      <input_file id="fl-a">
         <path>.\source\</path>
         <kind>object</kind>
         <file>gio.obj</file>
         <name>gio.obj</name>
      </input_file>
      <input_file id="fl-b">
         <path>.\source\</path>
         <kind>object</kind>
         <file>notification.obj</file>
         <name>notification.obj</name>
      </input_file>
      <input_file id="fl-c">
         <path>.\source\</path>
         <kind>object</kind>
         <file>pages.obj</file>
         <name>pages.obj</name>
      </input_file>
      <input_file id="fl-d">
         <path>.\source\</path>
         <kind>object</kind>
         <file>pinmux.obj</file>
         <name>pinmux.obj</name>
      </input_file>
      <input_file id="fl-e">
         <path>.\source\</path>
         <kind>object</kind>
         <file>rti.obj</file>
         <name>rti.obj</name>
      </input_file>
      <input_file id="fl-f">
         <path>.\source\</path>
         <kind>object</kind>
         <file>sci.obj</file>
         <name>sci.obj</name>
      </input_file>
      <input_file id="fl-10">
         <path>.\source\</path>
         <kind>object</kind>
         <file>spi.obj</file>
         <name>spi.obj</name>
      </input_file>
      <input_file id="fl-11">
         <path>.\source\</path>
         <kind>object</kind>
         <file>sys_core.obj</file>
         <name>sys_core.obj</name>
      </input_file>
      <input_file id="fl-12">
         <path>.\source\</path>
         <kind>object</kind>
         <file>sys_dma.obj</file>
         <name>sys_dma.obj</name>
      </input_file>
      <input_file id="fl-13">
         <path>.\source\</path>
         <kind>object</kind>
         <file>sys_intvecs.obj</file>
         <name>sys_intvecs.obj</name>
      </input_file>
      <input_file id="fl-14">
         <path>.\source\</path>
         <kind>object</kind>
         <file>sys_main.obj</file>
         <name>sys_main.obj</name>
      </input_file>
      <input_file id="fl-15">
         <path>.\source\</path>
         <kind>object</kind>
         <file>sys_mpu.obj</file>
         <name>sys_mpu.obj</name>
      </input_file>
      <input_file id="fl-16">
         <path>.\source\</path>
         <kind>object</kind>
         <file>sys_pcr.obj</file>
         <name>sys_pcr.obj</name>
      </input_file>
      <input_file id="fl-17">
         <path>.\source\</path>
         <kind>object</kind>
         <file>sys_phantom.obj</file>
         <name>sys_phantom.obj</name>
      </input_file>
      <input_file id="fl-18">
         <path>.\source\</path>
         <kind>object</kind>
         <file>sys_pmm.obj</file>
         <name>sys_pmm.obj</name>
      </input_file>
      <input_file id="fl-19">
         <path>.\source\</path>
         <kind>object</kind>
         <file>sys_pmu.obj</file>
         <name>sys_pmu.obj</name>
      </input_file>
      <input_file id="fl-1a">
         <path>.\source\</path>
         <kind>object</kind>
         <file>sys_selftest.obj</file>
         <name>sys_selftest.obj</name>
      </input_file>
      <input_file id="fl-1b">
         <path>.\source\</path>
         <kind>object</kind>
         <file>sys_startup.obj</file>
         <name>sys_startup.obj</name>
      </input_file>
      <input_file id="fl-1c">
         <path>.\source\</path>
         <kind>object</kind>
         <file>sys_vim.obj</file>
         <name>sys_vim.obj</name>
      </input_file>
      <input_file id="fl-1d">
         <path>.\source\</path>
         <kind>object</kind>
         <file>system.obj</file>
         <name>system.obj</name>
      </input_file>
      <input_file id="fl-1e">
         <path>.\source\</path>
         <kind>object</kind>
         <file>ui_buttons.obj</file>
         <name>ui_buttons.obj</name>
      </input_file>
      <input_file id="fl-1f">
         <path>.\source\</path>
         <kind>object</kind>
         <file>ui_rpm_bar.obj</file>
         <name>ui_rpm_bar.obj</name>
      </input_file>
      <input_file id="fl-20">
         <path>.\source\</path>
         <kind>object</kind>
         <file>ui_touch.obj</file>
         <name>ui_touch.obj</name>
      </input_file>
      <input_file id="fl-24">
         <kind>object</kind>
         <file>&lt;internal&gt;</file>
         <name>&lt;internal&gt;</name>
      </input_file>
      <input_file id="fl-25">
         <path>C:\ti\ccs1281\ccs\tools\compiler\ti-cgt-arm_20.2.7.LTS\lib\</path>
         <kind>archive</kind>
         <file>rtsv7R4_T_be_v3D16_eabi.lib</file>
         <name>s_floor.c.obj</name>
      </input_file>
      <input_file id="fl-26">
         <path>C:\ti\ccs1281\ccs\tools\compiler\ti-cgt-arm_20.2.7.LTS\lib\</path>
         <kind>archive</kind>
         <file>rtsv7R4_T_be_v3D16_eabi.lib</file>
         <name>sprintf.c.obj</name>
      </input_file>
      <input_file id="fl-27">
         <path>C:\ti\ccs1281\ccs\tools\compiler\ti-cgt-arm_20.2.7.LTS\lib\</path>
         <kind>archive</kind>
         <file>rtsv7R4_T_be_v3D16_eabi.lib</file>
         <name>memcpy_t2.asm.obj</name>
      </input_file>
      <input_file id="fl-28">
         <path>C:\ti\ccs1281\ccs\tools\compiler\ti-cgt-arm_20.2.7.LTS\lib\</path>
         <kind>archive</kind>
         <file>rtsv7R4_T_be_v3D16_eabi.lib</file>
         <name>i_div32.asm.obj</name>
      </input_file>
      <input_file id="fl-29">
         <path>C:\ti\ccs1281\ccs\tools\compiler\ti-cgt-arm_20.2.7.LTS\lib\</path>
         <kind>archive</kind>
         <file>rtsv7R4_T_be_v3D16_eabi.lib</file>
         <name>autoinit.c.obj</name>
      </input_file>
      <input_file id="fl-2a">
         <path>C:\ti\ccs1281\ccs\tools\compiler\ti-cgt-arm_20.2.7.LTS\lib\</path>
         <kind>archive</kind>
         <file>rtsv7R4_T_be_v3D16_eabi.lib</file>
         <name>cpy_tbl.c.obj</name>
      </input_file>
      <input_file id="fl-2b">
         <path>C:\ti\ccs1281\ccs\tools\compiler\ti-cgt-arm_20.2.7.LTS\lib\</path>
         <kind>archive</kind>
         <file>rtsv7R4_T_be_v3D16_eabi.lib</file>
         <name>copy_zero_init.c.obj</name>
      </input_file>
      <input_file id="fl-2c">
         <path>C:\ti\ccs1281\ccs\tools\compiler\ti-cgt-arm_20.2.7.LTS\lib\</path>
         <kind>archive</kind>
         <file>rtsv7R4_T_be_v3D16_eabi.lib</file>
         <name>copy_decompress_none.c.obj</name>
      </input_file>
      <input_file id="fl-2d">
         <path>C:\ti\ccs1281\ccs\tools\compiler\ti-cgt-arm_20.2.7.LTS\lib\</path>
         <kind>archive</kind>
         <file>rtsv7R4_T_be_v3D16_eabi.lib</file>
         <name>copy_decompress_lzss.c.obj</name>
      </input_file>
      <input_file id="fl-2e">
         <path>C:\ti\ccs1281\ccs\tools\compiler\ti-cgt-arm_20.2.7.LTS\lib\</path>
         <kind>archive</kind>
         <file>rtsv7R4_T_be_v3D16_eabi.lib</file>
         <name>exit.c.obj</name>
      </input_file>
      <input_file id="fl-2f">
         <path>C:\ti\ccs1281\ccs\tools\compiler\ti-cgt-arm_20.2.7.LTS\lib\</path>
         <kind>archive</kind>
         <file>rtsv7R4_T_be_v3D16_eabi.lib</file>
         <name>_lock.c.obj</name>
      </input_file>
      <input_file id="fl-30">
         <path>C:\ti\ccs1281\ccs\tools\compiler\ti-cgt-arm_20.2.7.LTS\lib\</path>
         <kind>archive</kind>
         <file>rtsv7R4_T_be_v3D16_eabi.lib</file>
         <name>strlen.c.obj</name>
      </input_file>
      <input_file id="fl-31">
         <path>C:\ti\ccs1281\ccs\tools\compiler\ti-cgt-arm_20.2.7.LTS\lib\</path>
         <kind>archive</kind>
         <file>rtsv7R4_T_be_v3D16_eabi.lib</file>
         <name>strstr.c.obj</name>
      </input_file>
      <input_file id="fl-32">
         <path>C:\ti\ccs1281\ccs\tools\compiler\ti-cgt-arm_20.2.7.LTS\lib\</path>
         <kind>archive</kind>
         <file>rtsv7R4_T_be_v3D16_eabi.lib</file>
         <name>_printfi.c.obj</name>
      </input_file>
      <input_file id="fl-33">
         <path>C:\ti\ccs1281\ccs\tools\compiler\ti-cgt-arm_20.2.7.LTS\lib\</path>
         <kind>archive</kind>
         <file>rtsv7R4_T_be_v3D16_eabi.lib</file>
         <name>div0.asm.obj</name>
      </input_file>
      <input_file id="fl-34">
         <path>C:\ti\ccs1281\ccs\tools\compiler\ti-cgt-arm_20.2.7.LTS\lib\</path>
         <kind>archive</kind>
         <file>rtsv7R4_T_be_v3D16_eabi.lib</file>
         <name>memset_t2.asm.obj</name>
      </input_file>
      <input_file id="fl-35">
         <path>C:\ti\ccs1281\ccs\tools\compiler\ti-cgt-arm_20.2.7.LTS\lib\</path>
         <kind>archive</kind>
         <file>rtsv7R4_T_be_v3D16_eabi.lib</file>
         <name>ull_div32.asm.obj</name>
      </input_file>
      <input_file id="fl-36">
         <path>C:\ti\ccs1281\ccs\tools\compiler\ti-cgt-arm_20.2.7.LTS\lib\</path>
         <kind>archive</kind>
         <file>rtsv7R4_T_be_v3D16_eabi.lib</file>
         <name>_ltoa.c.obj</name>
      </input_file>
      <input_file id="fl-37">
         <path>C:\ti\ccs1281\ccs\tools\compiler\ti-cgt-arm_20.2.7.LTS\lib\</path>
         <kind>archive</kind>
         <file>rtsv7R4_T_be_v3D16_eabi.lib</file>
         <name>atoi.c.obj</name>
      </input_file>
      <input_file id="fl-38">
         <path>C:\ti\ccs1281\ccs\tools\compiler\ti-cgt-arm_20.2.7.LTS\lib\</path>
         <kind>archive</kind>
         <file>rtsv7R4_T_be_v3D16_eabi.lib</file>
         <name>ctype.c.obj</name>
      </input_file>
      <input_file id="fl-39">
         <path>C:\ti\ccs1281\ccs\tools\compiler\ti-cgt-arm_20.2.7.LTS\lib\</path>
         <kind>archive</kind>
         <file>rtsv7R4_T_be_v3D16_eabi.lib</file>
         <name>memccpy.c.obj</name>
      </input_file>
      <input_file id="fl-3a">
         <path>C:\ti\ccs1281\ccs\tools\compiler\ti-cgt-arm_20.2.7.LTS\lib\</path>
         <kind>archive</kind>
         <file>rtsv7R4_T_be_v3D16_eabi.lib</file>
         <name>strchr.c.obj</name>
      </input_file>
      <input_file id="fl-3b">
         <path>C:\ti\ccs1281\ccs\tools\compiler\ti-cgt-arm_20.2.7.LTS\lib\</path>
         <kind>archive</kind>
         <file>rtsv7R4_T_be_v3D16_eabi.lib</file>
         <name>errno.c.obj</name>
      </input_file>
      <input_file id="fl-3c">
         <path>C:\ti\ccs1281\ccs\tools\compiler\ti-cgt-arm_20.2.7.LTS\lib\</path>
         <kind>archive</kind>
         <file>rtsv7R4_T_be_v3D16_eabi.lib</file>
         <name>wcslen.c.obj</name>
      </input_file>
      <input_file id="fl-3d">
         <path>C:\ti\ccs1281\ccs\tools\compiler\ti-cgt-arm_20.2.7.LTS\lib\</path>
         <kind>archive</kind>
         <file>rtsv7R4_T_be_v3D16_eabi.lib</file>
         <name>s_frexp.c.obj</name>
      </input_file>
      <input_file id="fl-3e">
         <path>C:\ti\ccs1281\ccs\tools\compiler\ti-cgt-arm_20.2.7.LTS\lib\</path>
         <kind>archive</kind>
         <file>rtsv7R4_T_be_v3D16_eabi.lib</file>
         <name>s_scalbn.c.obj</name>
      </input_file>
      <input_file id="fl-3f">
         <path>C:\ti\ccs1281\ccs\tools\compiler\ti-cgt-arm_20.2.7.LTS\lib\</path>
         <kind>archive</kind>
         <file>rtsv7R4_T_be_v3D16_eabi.lib</file>
         <name>s_copysign.c.obj</name>
      </input_file>
   </input_file_list>
   <object_component_list>
      <object_component id="oc-37">
         <name>.intvecs</name>
         <load_address>0x0</load_address>
         <run_address>0x0</run_address>
         <size>0x20</size>
         <input_file_ref idref="fl-13"/>
      </object_component>
      <object_component id="oc-89">
         <name>.text</name>
         <load_address>0x20</load_address>
         <run_address>0x20</run_address>
         <size>0x2cdc</size>
         <input_file_ref idref="fl-1a"/>
      </object_component>
      <object_component id="oc-23c">
         <name>.text</name>
         <load_address>0x2cfc</load_address>
         <run_address>0x2cfc</run_address>
         <size>0x2240</size>
         <input_file_ref idref="fl-3"/>
      </object_component>
      <object_component id="oc-14c">
         <name>.text</name>
         <load_address>0x4f3c</load_address>
         <run_address>0x4f3c</run_address>
         <size>0x1f58</size>
         <input_file_ref idref="fl-7"/>
      </object_component>
      <object_component id="oc-44b">
         <name>.text</name>
         <load_address>0x6e94</load_address>
         <run_address>0x6e94</run_address>
         <size>0xbd8</size>
         <input_file_ref idref="fl-10"/>
      </object_component>
      <object_component id="oc-83">
         <name>.text</name>
         <load_address>0x7a6c</load_address>
         <run_address>0x7a6c</run_address>
         <size>0xb64</size>
         <input_file_ref idref="fl-1d"/>
      </object_component>
      <object_component id="oc-47">
         <name>.text</name>
         <load_address>0x85d0</load_address>
         <run_address>0x85d0</run_address>
         <size>0xa54</size>
         <input_file_ref idref="fl-1c"/>
      </object_component>
      <object_component id="oc-396">
         <name>.text:__TI_printfi</name>
         <load_address>0x9024</load_address>
         <run_address>0x9024</run_address>
         <size>0xa4e</size>
         <input_file_ref idref="fl-32"/>
      </object_component>
      <object_component id="oc-311">
         <name>.text</name>
         <load_address>0x9a72</load_address>
         <run_address>0x9a72</run_address>
         <size>0x2</size>
         <input_file_ref idref="fl-33"/>
      </object_component>
      <object_component id="oc-146">
         <name>.text</name>
         <load_address>0x9a74</load_address>
         <run_address>0x9a74</run_address>
         <size>0x910</size>
         <input_file_ref idref="fl-20"/>
      </object_component>
      <object_component id="oc-f3">
         <name>.text</name>
         <load_address>0xa384</load_address>
         <run_address>0xa384</run_address>
         <size>0x8b8</size>
         <input_file_ref idref="fl-d"/>
      </object_component>
      <object_component id="oc-139">
         <name>.text</name>
         <load_address>0xac3c</load_address>
         <run_address>0xac3c</run_address>
         <size>0x7d0</size>
         <input_file_ref idref="fl-2"/>
      </object_component>
      <object_component id="oc-96">
         <name>.text</name>
         <load_address>0xb40c</load_address>
         <run_address>0xb40c</run_address>
         <size>0x788</size>
         <input_file_ref idref="fl-14"/>
      </object_component>
      <object_component id="oc-77">
         <name>.text</name>
         <load_address>0xbb94</load_address>
         <run_address>0xbb94</run_address>
         <size>0x664</size>
         <input_file_ref idref="fl-8"/>
      </object_component>
      <object_component id="oc-8f">
         <name>.text</name>
         <load_address>0xc1f8</load_address>
         <run_address>0xc1f8</run_address>
         <size>0x5bc</size>
         <input_file_ref idref="fl-9"/>
      </object_component>
      <object_component id="oc-3ec">
         <name>.text</name>
         <load_address>0xc7b4</load_address>
         <run_address>0xc7b4</run_address>
         <size>0x498</size>
         <input_file_ref idref="fl-5"/>
      </object_component>
      <object_component id="oc-445">
         <name>.text</name>
         <load_address>0xcc4c</load_address>
         <run_address>0xcc4c</run_address>
         <size>0x484</size>
         <input_file_ref idref="fl-a"/>
      </object_component>
      <object_component id="oc-370">
         <name>.text</name>
         <load_address>0xd0d0</load_address>
         <run_address>0xd0d0</run_address>
         <size>0x3c0</size>
         <input_file_ref idref="fl-4"/>
      </object_component>
      <object_component id="oc-72">
         <name>.text</name>
         <load_address>0xd490</load_address>
         <run_address>0xd490</run_address>
         <size>0x34c</size>
         <input_file_ref idref="fl-11"/>
      </object_component>
      <object_component id="oc-43">
         <name>.text:retain</name>
         <load_address>0xd7dc</load_address>
         <run_address>0xd7dc</run_address>
         <size>0x2cc</size>
         <input_file_ref idref="fl-1c"/>
      </object_component>
      <object_component id="oc-467">
         <name>.text</name>
         <load_address>0xdaa8</load_address>
         <run_address>0xdaa8</run_address>
         <size>0x2b4</size>
         <input_file_ref idref="fl-35"/>
      </object_component>
      <object_component id="oc-31">
         <name>.text:retain</name>
         <load_address>0xdd5c</load_address>
         <run_address>0xdd5c</run_address>
         <size>0x2b0</size>
         <input_file_ref idref="fl-10"/>
      </object_component>
      <object_component id="oc-1c">
         <name>.text:retain</name>
         <load_address>0xe00c</load_address>
         <run_address>0xe00c</run_address>
         <size>0x288</size>
         <input_file_ref idref="fl-1b"/>
      </object_component>
      <object_component id="oc-2e1">
         <name>.text</name>
         <load_address>0xe294</load_address>
         <run_address>0xe294</run_address>
         <size>0x250</size>
         <input_file_ref idref="fl-1e"/>
      </object_component>
      <object_component id="oc-416">
         <name>.text:_pconv_a</name>
         <load_address>0xe4e4</load_address>
         <run_address>0xe4e4</run_address>
         <size>0x248</size>
         <input_file_ref idref="fl-32"/>
      </object_component>
      <object_component id="oc-2db">
         <name>.text</name>
         <load_address>0xe72c</load_address>
         <run_address>0xe72c</run_address>
         <size>0x1d0</size>
         <input_file_ref idref="fl-1f"/>
      </object_component>
      <object_component id="oc-404">
         <name>.text:_pconv_g</name>
         <load_address>0xe8fc</load_address>
         <run_address>0xe8fc</run_address>
         <size>0x1a0</size>
         <input_file_ref idref="fl-32"/>
      </object_component>
      <object_component id="oc-2b">
         <name>.text:retain</name>
         <load_address>0xea9c</load_address>
         <run_address>0xea9c</run_address>
         <size>0x124</size>
         <input_file_ref idref="fl-e"/>
      </object_component>
      <object_component id="oc-22">
         <name>.text:retain</name>
         <load_address>0xebc0</load_address>
         <run_address>0xebc0</run_address>
         <size>0x114</size>
         <input_file_ref idref="fl-9"/>
      </object_component>
      <object_component id="oc-410">
         <name>.text:_pconv_e</name>
         <load_address>0xecd4</load_address>
         <run_address>0xecd4</run_address>
         <size>0x104</size>
         <input_file_ref idref="fl-32"/>
      </object_component>
      <object_component id="oc-480">
         <name>.text:fcvt</name>
         <load_address>0xedd8</load_address>
         <run_address>0xedd8</run_address>
         <size>0xfc</size>
         <input_file_ref idref="fl-32"/>
      </object_component>
      <object_component id="oc-494">
         <name>.text:scalbn</name>
         <load_address>0xeed4</load_address>
         <run_address>0xeed4</run_address>
         <size>0xf0</size>
         <input_file_ref idref="fl-3e"/>
      </object_component>
      <object_component id="oc-b8">
         <name>.text</name>
         <load_address>0xefc4</load_address>
         <run_address>0xefc4</run_address>
         <size>0xe8</size>
         <input_file_ref idref="fl-6"/>
      </object_component>
      <object_component id="oc-fb">
         <name>.text</name>
         <load_address>0xf0ac</load_address>
         <run_address>0xf0ac</run_address>
         <size>0xe0</size>
         <input_file_ref idref="fl-19"/>
      </object_component>
      <object_component id="oc-9e">
         <name>.text</name>
         <load_address>0xf18c</load_address>
         <run_address>0xf18c</run_address>
         <size>0xc8</size>
         <input_file_ref idref="fl-b"/>
      </object_component>
      <object_component id="oc-3fe">
         <name>.text:_ltostr</name>
         <load_address>0xf254</load_address>
         <run_address>0xf254</run_address>
         <size>0xad</size>
         <input_file_ref idref="fl-32"/>
      </object_component>
      <object_component id="oc-5a">
         <name>.text</name>
         <load_address>0xf302</load_address>
         <run_address>0xf302</run_address>
         <size>0x9c</size>
         <input_file_ref idref="fl-27"/>
      </object_component>
      <object_component id="oc-479">
         <name>.text:_mcpy</name>
         <load_address>0xf39e</load_address>
         <run_address>0xf39e</run_address>
         <size>0x7a</size>
         <input_file_ref idref="fl-32"/>
      </object_component>
      <object_component id="oc-e5">
         <name>.text</name>
         <load_address>0xf418</load_address>
         <run_address>0xf418</run_address>
         <size>0x7a</size>
         <input_file_ref idref="fl-34"/>
      </object_component>
      <object_component id="oc-48e">
         <name>.text:frexp</name>
         <load_address>0xf494</load_address>
         <run_address>0xf494</run_address>
         <size>0x74</size>
         <input_file_ref idref="fl-3d"/>
      </object_component>
      <object_component id="oc-f">
         <name>.text:decompress:lzss:__TI_decompress_lzss</name>
         <load_address>0xf508</load_address>
         <run_address>0xf508</run_address>
         <size>0x6c</size>
         <input_file_ref idref="fl-2d"/>
      </object_component>
      <object_component id="oc-2f5">
         <name>.text:_ZN14Bridgetek_EVE210CMD_BUTTONEssssstPKcz</name>
         <load_address>0xf574</load_address>
         <run_address>0xf574</run_address>
         <size>0x68</size>
         <input_file_ref idref="fl-7"/>
      </object_component>
      <object_component id="oc-10f">
         <name>.text:__TI_auto_init_nobinit:__TI_auto_init_nobinit</name>
         <load_address>0xf5dc</load_address>
         <run_address>0xf5dc</run_address>
         <size>0x60</size>
         <input_file_ref idref="fl-29"/>
      </object_component>
      <object_component id="oc-27a">
         <name>.text:_ZN14Bridgetek_EVE28CMD_TEXTEssstPKcz</name>
         <load_address>0xf63c</load_address>
         <run_address>0xf63c</run_address>
         <size>0x58</size>
         <input_file_ref idref="fl-7"/>
      </object_component>
      <object_component id="oc-46d">
         <name>.text:__TI_ltoa</name>
         <load_address>0xf694</load_address>
         <run_address>0xf694</run_address>
         <size>0x54</size>
         <input_file_ref idref="fl-36"/>
      </object_component>
      <object_component id="oc-473">
         <name>.text:_ecpy</name>
         <load_address>0xf6e8</load_address>
         <run_address>0xf6e8</run_address>
         <size>0x54</size>
         <input_file_ref idref="fl-32"/>
      </object_component>
      <object_component id="oc-152">
         <name>.text</name>
         <load_address>0xf73c</load_address>
         <run_address>0xf73c</run_address>
         <size>0x54</size>
         <input_file_ref idref="fl-28"/>
      </object_component>
      <object_component id="oc-40a">
         <name>.text:_pconv_f</name>
         <load_address>0xf790</load_address>
         <run_address>0xf790</run_address>
         <size>0x50</size>
         <input_file_ref idref="fl-32"/>
      </object_component>
      <object_component id="oc-3f8">
         <name>.text:atoi</name>
         <load_address>0xf7e0</load_address>
         <run_address>0xf7e0</run_address>
         <size>0x50</size>
         <input_file_ref idref="fl-37"/>
      </object_component>
      <object_component id="oc-2d4">
         <name>.text:_ZN14Bridgetek_EVE212CMD_PROGRESSEssssttt</name>
         <load_address>0xf830</load_address>
         <run_address>0xf830</run_address>
         <size>0x4c</size>
         <input_file_ref idref="fl-7"/>
      </object_component>
      <object_component id="oc-486">
         <name>.text:_fcpy</name>
         <load_address>0xf87c</load_address>
         <run_address>0xf87c</run_address>
         <size>0x40</size>
         <input_file_ref idref="fl-32"/>
      </object_component>
      <object_component id="oc-2c7">
         <name>.text:sprintf</name>
         <load_address>0xf8bc</load_address>
         <run_address>0xf8bc</run_address>
         <size>0x40</size>
         <input_file_ref idref="fl-26"/>
      </object_component>
      <object_component id="oc-2cd">
         <name>.text:_ZN14Bridgetek_EVE210CMD_NUMBEREsssti</name>
         <load_address>0xf8fc</load_address>
         <run_address>0xf8fc</run_address>
         <size>0x3c</size>
         <input_file_ref idref="fl-7"/>
      </object_component>
      <object_component id="oc-37c">
         <name>.text:strstr</name>
         <load_address>0xf938</load_address>
         <run_address>0xf938</run_address>
         <size>0x38</size>
         <input_file_ref idref="fl-31"/>
      </object_component>
      <object_component id="oc-265">
         <name>.text:_ZN14Bridgetek_EVE215CLEAR_COLOR_RGBEhhh</name>
         <load_address>0xf970</load_address>
         <run_address>0xf970</run_address>
         <size>0x28</size>
         <input_file_ref idref="fl-7"/>
      </object_component>
      <object_component id="oc-26c">
         <name>.text:_ZN14Bridgetek_EVE25CLEAREhhh</name>
         <load_address>0xf998</load_address>
         <run_address>0xf998</run_address>
         <size>0x28</size>
         <input_file_ref idref="fl-7"/>
      </object_component>
      <object_component id="oc-273">
         <name>.text:_ZN14Bridgetek_EVE29COLOR_RGBEhhh</name>
         <load_address>0xf9c0</load_address>
         <run_address>0xf9c0</run_address>
         <size>0x28</size>
         <input_file_ref idref="fl-7"/>
      </object_component>
      <object_component id="oc-41c">
         <name>.text:memccpy</name>
         <load_address>0xf9e8</load_address>
         <run_address>0xf9e8</run_address>
         <size>0x26</size>
         <input_file_ref idref="fl-39"/>
      </object_component>
      <object_component id="oc-250">
         <name>.text:_ZN14Bridgetek_EVE213LIB_MemWrite8Ejh</name>
         <load_address>0xfa10</load_address>
         <run_address>0xfa10</run_address>
         <size>0x20</size>
         <input_file_ref idref="fl-20"/>
      </object_component>
      <object_component id="oc-29d">
         <name>.text:_ZN14Bridgetek_EVE214LIB_MemWrite32Ejj</name>
         <load_address>0xfa30</load_address>
         <run_address>0xfa30</run_address>
         <size>0x20</size>
         <input_file_ref idref="fl-20"/>
      </object_component>
      <object_component id="oc-2b9">
         <name>.text:_ZN14Bridgetek_EVE28VERTEX2FEss</name>
         <load_address>0xfa50</load_address>
         <run_address>0xfa50</run_address>
         <size>0x20</size>
         <input_file_ref idref="fl-7"/>
      </object_component>
      <object_component id="oc-4ed">
         <name>.text:copysign</name>
         <load_address>0xfa70</load_address>
         <run_address>0xfa70</run_address>
         <size>0x1e</size>
         <input_file_ref idref="fl-3f"/>
      </object_component>
      <object_component id="oc-39c">
         <name>.text:_outs</name>
         <load_address>0xfa8e</load_address>
         <run_address>0xfa8e</run_address>
         <size>0x1a</size>
         <input_file_ref idref="fl-26"/>
      </object_component>
      <object_component id="oc-2ee">
         <name>.text:_Z3absf</name>
         <load_address>0xfaa8</load_address>
         <run_address>0xfaa8</run_address>
         <size>0x18</size>
         <input_file_ref idref="fl-7"/>
      </object_component>
      <object_component id="oc-2e7">
         <name>.text:_Z4fabsf</name>
         <load_address>0xfac0</load_address>
         <run_address>0xfac0</run_address>
         <size>0x18</size>
         <input_file_ref idref="fl-7"/>
      </object_component>
      <object_component id="oc-249">
         <name>.text:_ZN14Bridgetek_EVE212LIB_MemRead8Ej</name>
         <load_address>0xfad8</load_address>
         <run_address>0xfad8</run_address>
         <size>0x18</size>
         <input_file_ref idref="fl-20"/>
      </object_component>
      <object_component id="oc-281">
         <name>.text:_ZN14Bridgetek_EVE213CMD_CALIBRATEEj</name>
         <load_address>0xfaf0</load_address>
         <run_address>0xfaf0</run_address>
         <size>0x18</size>
         <input_file_ref idref="fl-20"/>
      </object_component>
      <object_component id="oc-242">
         <name>.text:_ZN14Bridgetek_EVE213LIB_MemRead16Ej</name>
         <load_address>0xfb08</load_address>
         <run_address>0xfb08</run_address>
         <size>0x18</size>
         <input_file_ref idref="fl-20"/>
      </object_component>
      <object_component id="oc-296">
         <name>.text:_ZN14Bridgetek_EVE213LIB_MemRead32Ej</name>
         <load_address>0xfb20</load_address>
         <run_address>0xfb20</run_address>
         <size>0x18</size>
         <input_file_ref idref="fl-20"/>
      </object_component>
      <object_component id="oc-2ab">
         <name>.text:_ZN14Bridgetek_EVE23TAGEh</name>
         <load_address>0xfb38</load_address>
         <run_address>0xfb38</run_address>
         <size>0x18</size>
         <input_file_ref idref="fl-7"/>
      </object_component>
      <object_component id="oc-2b2">
         <name>.text:_ZN14Bridgetek_EVE25BEGINEh</name>
         <load_address>0xfb50</load_address>
         <run_address>0xfb50</run_address>
         <size>0x18</size>
         <input_file_ref idref="fl-7"/>
      </object_component>
      <object_component id="oc-49a">
         <name>.text:strchr</name>
         <load_address>0xfb68</load_address>
         <run_address>0xfb68</run_address>
         <size>0x16</size>
         <input_file_ref idref="fl-3a"/>
      </object_component>
      <object_component id="oc-376">
         <name>.text:strlen</name>
         <load_address>0xfb7e</load_address>
         <run_address>0xfb7e</run_address>
         <size>0x16</size>
         <input_file_ref idref="fl-30"/>
      </object_component>
      <object_component id="oc-422">
         <name>.text:wcslen</name>
         <load_address>0xfb94</load_address>
         <run_address>0xfb94</run_address>
         <size>0x12</size>
         <input_file_ref idref="fl-3c"/>
      </object_component>
      <object_component id="oc-25e">
         <name>.text:_ZN14Bridgetek_EVE211CMD_DLSTARTEv</name>
         <load_address>0xfba8</load_address>
         <run_address>0xfba8</run_address>
         <size>0x10</size>
         <input_file_ref idref="fl-7"/>
      </object_component>
      <object_component id="oc-288">
         <name>.text:_ZN14Bridgetek_EVE216LIB_EndCoProListEv</name>
         <load_address>0xfbb8</load_address>
         <run_address>0xfbb8</run_address>
         <size>0x10</size>
         <input_file_ref idref="fl-7"/>
      </object_component>
      <object_component id="oc-257">
         <name>.text:_ZN14Bridgetek_EVE218LIB_BeginCoProListEv</name>
         <load_address>0xfbc8</load_address>
         <run_address>0xfbc8</run_address>
         <size>0x10</size>
         <input_file_ref idref="fl-7"/>
      </object_component>
      <object_component id="oc-28f">
         <name>.text:_ZN14Bridgetek_EVE219LIB_AwaitCoProEmptyEv</name>
         <load_address>0xfbd8</load_address>
         <run_address>0xfbd8</run_address>
         <size>0x10</size>
         <input_file_ref idref="fl-20"/>
      </object_component>
      <object_component id="oc-2c0">
         <name>.text:_ZN14Bridgetek_EVE23ENDEv</name>
         <load_address>0xfbe8</load_address>
         <run_address>0xfbe8</run_address>
         <size>0x10</size>
         <input_file_ref idref="fl-7"/>
      </object_component>
      <object_component id="oc-13f">
         <name>.text:_ZN14Bridgetek_EVE24InitEv</name>
         <load_address>0xfbf8</load_address>
         <run_address>0xfbf8</run_address>
         <size>0x10</size>
         <input_file_ref idref="fl-14"/>
      </object_component>
      <object_component id="oc-2fc">
         <name>.text:_ZN14Bridgetek_EVE27DISPLAYEv</name>
         <load_address>0xfc08</load_address>
         <run_address>0xfc08</run_address>
         <size>0x10</size>
         <input_file_ref idref="fl-7"/>
      </object_component>
      <object_component id="oc-303">
         <name>.text:_ZN14Bridgetek_EVE28CMD_SWAPEv</name>
         <load_address>0xfc18</load_address>
         <run_address>0xfc18</run_address>
         <size>0x10</size>
         <input_file_ref idref="fl-7"/>
      </object_component>
      <object_component id="oc-15">
         <name>.text:decompress:none:__TI_decompress_none</name>
         <load_address>0xfc28</load_address>
         <run_address>0xfc28</run_address>
         <size>0xe</size>
         <input_file_ref idref="fl-2c"/>
      </object_component>
      <object_component id="oc-6c">
         <name>.text:decompress:ZI:__TI_zero_init</name>
         <load_address>0xfc36</load_address>
         <run_address>0xfc36</run_address>
         <size>0xc</size>
         <input_file_ref idref="fl-2b"/>
      </object_component>
      <object_component id="oc-3a2">
         <name>.text:_outc</name>
         <load_address>0xfc42</load_address>
         <run_address>0xfc42</run_address>
         <size>0xa</size>
         <input_file_ref idref="fl-26"/>
      </object_component>
      <object_component id="oc-428">
         <name>.text:__aeabi_errno_addr</name>
         <load_address>0xfc4c</load_address>
         <run_address>0xfc4c</run_address>
         <size>0x8</size>
         <input_file_ref idref="fl-3b"/>
      </object_component>
      <object_component id="oc-160">
         <name>.text:abort:abort</name>
         <load_address>0xfc54</load_address>
         <run_address>0xfc54</run_address>
         <size>0x4</size>
         <input_file_ref idref="fl-2e"/>
      </object_component>
      <object_component id="oc-3d">
         <name>.text:retain</name>
         <load_address>0xfc58</load_address>
         <run_address>0xfc58</run_address>
         <size>0x4</size>
         <input_file_ref idref="fl-17"/>
      </object_component>
      <object_component id="oc-7d">
         <name>.text</name>
         <load_address>0xfc5c</load_address>
         <run_address>0xfc5c</run_address>
         <size>0x4</size>
         <input_file_ref idref="fl-1b"/>
      </object_component>
      <object_component id="oc-28">
         <name>.const:s_vim_init</name>
         <load_address>0xfc60</load_address>
         <run_address>0xfc60</run_address>
         <size>0x200</size>
         <input_file_ref idref="fl-1c"/>
      </object_component>
      <object_component id="oc-462">
         <name>.const:.string:_ctypes_</name>
         <load_address>0xfe60</load_address>
         <run_address>0xfe60</run_address>
         <size>0x101</size>
         <input_file_ref idref="fl-38"/>
      </object_component>
      <object_component id="oc-21a">
         <name>.const:.string:$P$T0$1</name>
         <load_address>0xff61</load_address>
         <run_address>0xff61</run_address>
         <size>0x23</size>
         <input_file_ref idref="fl-2"/>
      </object_component>
      <object_component id="oc-21b">
         <name>.const:.string:$P$T1$2</name>
         <load_address>0xff84</load_address>
         <run_address>0xff84</run_address>
         <size>0x23</size>
         <input_file_ref idref="fl-2"/>
      </object_component>
      <object_component id="oc-21c">
         <name>.const:.string:$P$T2$3</name>
         <load_address>0xffa7</load_address>
         <run_address>0xffa7</run_address>
         <size>0x23</size>
         <input_file_ref idref="fl-2"/>
      </object_component>
      <object_component id="oc-53f">
         <name>__TI_handler_table</name>
         <load_address>0xffd0</load_address>
         <run_address>0xffd0</run_address>
         <size>0xc</size>
      </object_component>
      <object_component id="oc-542">
         <name>.cinit..data.load</name>
         <load_address>0xffdc</load_address>
         <run_address>0xffdc</run_address>
         <size>0xb</size>
      </object_component>
      <object_component id="oc-541">
         <name>.cinit..bss.load</name>
         <load_address>0xffe8</load_address>
         <run_address>0xffe8</run_address>
         <size>0x8</size>
      </object_component>
      <object_component id="oc-540">
         <name>__TI_cinit_table</name>
         <load_address>0xfff0</load_address>
         <run_address>0xfff0</run_address>
         <size>0x10</size>
      </object_component>
      <object_component id="oc-ae">
         <name>.bss:g_spiPacket_t</name>
         <uninitialized>true</uninitialized>
         <run_address>0x8005550</run_address>
         <size>0x78</size>
         <input_file_ref idref="fl-10"/>
      </object_component>
      <object_component id="oc-157">
         <name>.bss:eve</name>
         <uninitialized>true</uninitialized>
         <run_address>0x80055c8</run_address>
         <size>0x69</size>
         <input_file_ref idref="fl-14"/>
      </object_component>
      <object_component id="oc-21d">
         <name>.common:EVE_DISP_WIDTH</name>
         <uninitialized>true</uninitialized>
         <run_address>0x8005670</run_address>
         <size>0x4</size>
      </object_component>
      <object_component id="oc-221">
         <name>.common:EVE_DISP_HEIGHT</name>
         <uninitialized>true</uninitialized>
         <run_address>0x8005640</run_address>
         <size>0x4</size>
      </object_component>
      <object_component id="oc-222">
         <name>.common:EVE_DISP_HCYCLE</name>
         <uninitialized>true</uninitialized>
         <run_address>0x800563c</run_address>
         <size>0x4</size>
      </object_component>
      <object_component id="oc-223">
         <name>.common:EVE_DISP_VCYCLE</name>
         <uninitialized>true</uninitialized>
         <run_address>0x8005660</run_address>
         <size>0x4</size>
      </object_component>
      <object_component id="oc-224">
         <name>.common:EVE_DISP_HOFFSET</name>
         <uninitialized>true</uninitialized>
         <run_address>0x8005644</run_address>
         <size>0x4</size>
      </object_component>
      <object_component id="oc-225">
         <name>.common:EVE_DISP_VOFFSET</name>
         <uninitialized>true</uninitialized>
         <run_address>0x8005664</run_address>
         <size>0x4</size>
      </object_component>
      <object_component id="oc-226">
         <name>.common:EVE_DISP_HSYNC0</name>
         <uninitialized>true</uninitialized>
         <run_address>0x8005648</run_address>
         <size>0x4</size>
      </object_component>
      <object_component id="oc-227">
         <name>.common:EVE_DISP_HSYNC1</name>
         <uninitialized>true</uninitialized>
         <run_address>0x800564c</run_address>
         <size>0x4</size>
      </object_component>
      <object_component id="oc-228">
         <name>.common:EVE_DISP_VSYNC0</name>
         <uninitialized>true</uninitialized>
         <run_address>0x8005668</run_address>
         <size>0x4</size>
      </object_component>
      <object_component id="oc-229">
         <name>.common:EVE_DISP_VSYNC1</name>
         <uninitialized>true</uninitialized>
         <run_address>0x800566c</run_address>
         <size>0x4</size>
      </object_component>
      <object_component id="oc-22a">
         <name>.common:EVE_DISP_PCLKPOL</name>
         <uninitialized>true</uninitialized>
         <run_address>0x8005654</run_address>
         <size>0x4</size>
      </object_component>
      <object_component id="oc-22b">
         <name>.common:EVE_DISP_SWIZZLE</name>
         <uninitialized>true</uninitialized>
         <run_address>0x800565c</run_address>
         <size>0x4</size>
      </object_component>
      <object_component id="oc-22c">
         <name>.common:EVE_DISP_CSPREAD</name>
         <uninitialized>true</uninitialized>
         <run_address>0x8005634</run_address>
         <size>0x4</size>
      </object_component>
      <object_component id="oc-22d">
         <name>.common:EVE_DISP_DITHER</name>
         <uninitialized>true</uninitialized>
         <run_address>0x8005638</run_address>
         <size>0x4</size>
      </object_component>
      <object_component id="oc-22e">
         <name>.common:EVE_DISP_PCLK</name>
         <uninitialized>true</uninitialized>
         <run_address>0x8005650</run_address>
         <size>0x4</size>
      </object_component>
      <object_component id="oc-22f">
         <name>.common:EVE_DISP_PCLK_FREQ</name>
         <uninitialized>true</uninitialized>
         <run_address>0x8005658</run_address>
         <size>0x4</size>
      </object_component>
      <object_component id="oc-230">
         <name>.common:EVE_TOUCH_ADDR</name>
         <uninitialized>true</uninitialized>
         <run_address>0x8005674</run_address>
         <size>0x4</size>
      </object_component>
      <object_component id="oc-15a">
         <name>.common:data</name>
         <uninitialized>true</uninitialized>
         <run_address>0x8001500</run_address>
         <size>0x4050</size>
      </object_component>
      <object_component id="oc-451">
         <name>.data:dataconfig</name>
         <load_address>0x800567e</load_address>
         <run_address>0x800567e</run_address>
         <size>0x4</size>
         <input_file_ref idref="fl-5"/>
      </object_component>
      <object_component id="oc-2a5">
         <name>.data</name>
         <load_address>0x8005682</load_address>
         <run_address>0x8005682</run_address>
         <size>0x2</size>
         <input_file_ref idref="fl-c"/>
      </object_component>
      <object_component id="oc-15e">
         <name>.data</name>
         <load_address>0x8005688</load_address>
         <run_address>0x8005688</run_address>
         <size>0x4</size>
         <input_file_ref idref="fl-14"/>
      </object_component>
      <object_component id="oc-2a4">
         <name>.data</name>
         <load_address>0x8005678</load_address>
         <run_address>0x8005678</run_address>
         <size>0x6</size>
         <input_file_ref idref="fl-20"/>
      </object_component>
      <object_component id="oc-4aa">
         <name>.data</name>
         <load_address>0x8005684</load_address>
         <run_address>0x8005684</run_address>
         <size>0x4</size>
         <input_file_ref idref="fl-3b"/>
      </object_component>
      <object_component id="oc-21e">
         <name>.debug_info</name>
         <load_address>0x0</load_address>
         <run_address>0x0</run_address>
         <size>0xc24</size>
         <input_file_ref idref="fl-2"/>
      </object_component>
      <object_component id="oc-13b">
         <name>.debug_info</name>
         <load_address>0xc24</load_address>
         <run_address>0xc24</run_address>
         <size>0x525</size>
         <input_file_ref idref="fl-2"/>
      </object_component>
      <object_component id="oc-232">
         <name>.debug_info</name>
         <load_address>0x1149</load_address>
         <run_address>0x1149</run_address>
         <size>0x18b9</size>
         <input_file_ref idref="fl-2"/>
      </object_component>
      <object_component id="oc-31b">
         <name>.debug_info</name>
         <load_address>0x2a02</load_address>
         <run_address>0x2a02</run_address>
         <size>0xe9</size>
         <input_file_ref idref="fl-2"/>
      </object_component>
      <object_component id="oc-55">
         <name>.debug_info</name>
         <load_address>0x2aeb</load_address>
         <run_address>0x2aeb</run_address>
         <size>0x84</size>
         <input_file_ref idref="fl-2"/>
      </object_component>
      <object_component id="oc-325">
         <name>.debug_info</name>
         <load_address>0x2b6f</load_address>
         <run_address>0x2b6f</run_address>
         <size>0x2d6</size>
         <input_file_ref idref="fl-2"/>
      </object_component>
      <object_component id="oc-237">
         <name>.debug_info</name>
         <load_address>0x2e45</load_address>
         <run_address>0x2e45</run_address>
         <size>0xbb</size>
         <input_file_ref idref="fl-2"/>
      </object_component>
      <object_component id="oc-320">
         <name>.debug_info</name>
         <load_address>0x2f00</load_address>
         <run_address>0x2f00</run_address>
         <size>0x2a1</size>
         <input_file_ref idref="fl-2"/>
      </object_component>
      <object_component id="oc-388">
         <name>.debug_info</name>
         <load_address>0x31a1</load_address>
         <run_address>0x31a1</run_address>
         <size>0x2c</size>
         <input_file_ref idref="fl-2"/>
      </object_component>
      <object_component id="oc-34f">
         <name>.debug_info</name>
         <load_address>0x31cd</load_address>
         <run_address>0x31cd</run_address>
         <size>0x8a1</size>
         <input_file_ref idref="fl-3"/>
      </object_component>
      <object_component id="oc-240">
         <name>.debug_info</name>
         <load_address>0x3a6e</load_address>
         <run_address>0x3a6e</run_address>
         <size>0x8766</size>
         <input_file_ref idref="fl-3"/>
      </object_component>
      <object_component id="oc-17a">
         <name>.debug_info</name>
         <load_address>0xc1d4</load_address>
         <run_address>0xc1d4</run_address>
         <size>0x26b</size>
         <input_file_ref idref="fl-3"/>
      </object_component>
      <object_component id="oc-34a">
         <name>.debug_info</name>
         <load_address>0xc43f</load_address>
         <run_address>0xc43f</run_address>
         <size>0x2a4</size>
         <input_file_ref idref="fl-3"/>
      </object_component>
      <object_component id="oc-173">
         <name>.debug_info</name>
         <load_address>0xc6e3</load_address>
         <run_address>0xc6e3</run_address>
         <size>0xbb</size>
         <input_file_ref idref="fl-3"/>
      </object_component>
      <object_component id="oc-1b8">
         <name>.debug_info</name>
         <load_address>0xc79e</load_address>
         <run_address>0xc79e</run_address>
         <size>0x2c</size>
         <input_file_ref idref="fl-3"/>
      </object_component>
      <object_component id="oc-383">
         <name>.debug_info</name>
         <load_address>0xc7ca</load_address>
         <run_address>0xc7ca</run_address>
         <size>0x2c</size>
         <input_file_ref idref="fl-3"/>
      </object_component>
      <object_component id="oc-1d4">
         <name>.debug_info</name>
         <load_address>0xc7f6</load_address>
         <run_address>0xc7f6</run_address>
         <size>0x35</size>
         <input_file_ref idref="fl-3"/>
      </object_component>
      <object_component id="oc-3f3">
         <name>.debug_info</name>
         <load_address>0xc82b</load_address>
         <run_address>0xc82b</run_address>
         <size>0x5e1</size>
         <input_file_ref idref="fl-4"/>
      </object_component>
      <object_component id="oc-372">
         <name>.debug_info</name>
         <load_address>0xce0c</load_address>
         <run_address>0xce0c</run_address>
         <size>0x15ee</size>
         <input_file_ref idref="fl-4"/>
      </object_component>
      <object_component id="oc-45a">
         <name>.debug_info</name>
         <load_address>0xe3fa</load_address>
         <run_address>0xe3fa</run_address>
         <size>0x5d6</size>
         <input_file_ref idref="fl-5"/>
      </object_component>
      <object_component id="oc-452">
         <name>.debug_info</name>
         <load_address>0xe9d0</load_address>
         <run_address>0xe9d0</run_address>
         <size>0xf1</size>
         <input_file_ref idref="fl-5"/>
      </object_component>
      <object_component id="oc-3ed">
         <name>.debug_info</name>
         <load_address>0xeac1</load_address>
         <run_address>0xeac1</run_address>
         <size>0x1550</size>
         <input_file_ref idref="fl-5"/>
      </object_component>
      <object_component id="oc-4c4">
         <name>.debug_info</name>
         <load_address>0x10011</load_address>
         <run_address>0x10011</run_address>
         <size>0x3d9</size>
         <input_file_ref idref="fl-5"/>
      </object_component>
      <object_component id="oc-455">
         <name>.debug_info</name>
         <load_address>0x103ea</load_address>
         <run_address>0x103ea</run_address>
         <size>0x18d</size>
         <input_file_ref idref="fl-5"/>
      </object_component>
      <object_component id="oc-c5">
         <name>.debug_info</name>
         <load_address>0x10577</load_address>
         <run_address>0x10577</run_address>
         <size>0x8b</size>
         <input_file_ref idref="fl-5"/>
      </object_component>
      <object_component id="oc-4cb">
         <name>.debug_info</name>
         <load_address>0x10602</load_address>
         <run_address>0x10602</run_address>
         <size>0x25d</size>
         <input_file_ref idref="fl-5"/>
      </object_component>
      <object_component id="oc-4d0">
         <name>.debug_info</name>
         <load_address>0x1085f</load_address>
         <run_address>0x1085f</run_address>
         <size>0x15c</size>
         <input_file_ref idref="fl-5"/>
      </object_component>
      <object_component id="oc-4d5">
         <name>.debug_info</name>
         <load_address>0x109bb</load_address>
         <run_address>0x109bb</run_address>
         <size>0x29e</size>
         <input_file_ref idref="fl-5"/>
      </object_component>
      <object_component id="oc-b9">
         <name>.debug_info</name>
         <load_address>0x10c59</load_address>
         <run_address>0x10c59</run_address>
         <size>0x104</size>
         <input_file_ref idref="fl-6"/>
      </object_component>
      <object_component id="oc-30b">
         <name>.debug_info</name>
         <load_address>0x10d5d</load_address>
         <run_address>0x10d5d</run_address>
         <size>0x1cc4</size>
         <input_file_ref idref="fl-7"/>
      </object_component>
      <object_component id="oc-2ef">
         <name>.debug_info</name>
         <load_address>0x12a21</load_address>
         <run_address>0x12a21</run_address>
         <size>0x1cf</size>
         <input_file_ref idref="fl-7"/>
      </object_component>
      <object_component id="oc-2e8">
         <name>.debug_info</name>
         <load_address>0x12bf0</load_address>
         <run_address>0x12bf0</run_address>
         <size>0x1d1</size>
         <input_file_ref idref="fl-7"/>
      </object_component>
      <object_component id="oc-259">
         <name>.debug_info</name>
         <load_address>0x12dc1</load_address>
         <run_address>0x12dc1</run_address>
         <size>0x214</size>
         <input_file_ref idref="fl-7"/>
      </object_component>
      <object_component id="oc-289">
         <name>.debug_info</name>
         <load_address>0x12fd5</load_address>
         <run_address>0x12fd5</run_address>
         <size>0x20e</size>
         <input_file_ref idref="fl-7"/>
      </object_component>
      <object_component id="oc-25f">
         <name>.debug_info</name>
         <load_address>0x131e3</load_address>
         <run_address>0x131e3</run_address>
         <size>0x1ff</size>
         <input_file_ref idref="fl-7"/>
      </object_component>
      <object_component id="oc-2cf">
         <name>.debug_info</name>
         <load_address>0x133e2</load_address>
         <run_address>0x133e2</run_address>
         <size>0x271</size>
         <input_file_ref idref="fl-7"/>
      </object_component>
      <object_component id="oc-2d5">
         <name>.debug_info</name>
         <load_address>0x13653</load_address>
         <run_address>0x13653</run_address>
         <size>0x295</size>
         <input_file_ref idref="fl-7"/>
      </object_component>
      <object_component id="oc-305">
         <name>.debug_info</name>
         <load_address>0x138e8</load_address>
         <run_address>0x138e8</run_address>
         <size>0x1f5</size>
         <input_file_ref idref="fl-7"/>
      </object_component>
      <object_component id="oc-2b3">
         <name>.debug_info</name>
         <load_address>0x13add</load_address>
         <run_address>0x13add</run_address>
         <size>0x20f</size>
         <input_file_ref idref="fl-7"/>
      </object_component>
      <object_component id="oc-26d">
         <name>.debug_info</name>
         <load_address>0x13cec</load_address>
         <run_address>0x13cec</run_address>
         <size>0x233</size>
         <input_file_ref idref="fl-7"/>
      </object_component>
      <object_component id="oc-267">
         <name>.debug_info</name>
         <load_address>0x13f1f</load_address>
         <run_address>0x13f1f</run_address>
         <size>0x252</size>
         <input_file_ref idref="fl-7"/>
      </object_component>
      <object_component id="oc-275">
         <name>.debug_info</name>
         <load_address>0x14171</load_address>
         <run_address>0x14171</run_address>
         <size>0x23f</size>
         <input_file_ref idref="fl-7"/>
      </object_component>
      <object_component id="oc-2fd">
         <name>.debug_info</name>
         <load_address>0x143b0</load_address>
         <run_address>0x143b0</run_address>
         <size>0x1f2</size>
         <input_file_ref idref="fl-7"/>
      </object_component>
      <object_component id="oc-2c1">
         <name>.debug_info</name>
         <load_address>0x145a2</load_address>
         <run_address>0x145a2</run_address>
         <size>0x1e6</size>
         <input_file_ref idref="fl-7"/>
      </object_component>
      <object_component id="oc-2ac">
         <name>.debug_info</name>
         <load_address>0x14788</load_address>
         <run_address>0x14788</run_address>
         <size>0x1fd</size>
         <input_file_ref idref="fl-7"/>
      </object_component>
      <object_component id="oc-2bb">
         <name>.debug_info</name>
         <load_address>0x14985</load_address>
         <run_address>0x14985</run_address>
         <size>0x224</size>
         <input_file_ref idref="fl-7"/>
      </object_component>
      <object_component id="oc-14e">
         <name>.debug_info</name>
         <load_address>0x14ba9</load_address>
         <run_address>0x14ba9</run_address>
         <size>0x2372</size>
         <input_file_ref idref="fl-7"/>
      </object_component>
      <object_component id="oc-2f6">
         <name>.debug_info</name>
         <load_address>0x16f1b</load_address>
         <run_address>0x16f1b</run_address>
         <size>0x2ad</size>
         <input_file_ref idref="fl-7"/>
      </object_component>
      <object_component id="oc-27b">
         <name>.debug_info</name>
         <load_address>0x171c8</load_address>
         <run_address>0x171c8</run_address>
         <size>0x292</size>
         <input_file_ref idref="fl-7"/>
      </object_component>
      <object_component id="oc-30d">
         <name>.debug_info</name>
         <load_address>0x1745a</load_address>
         <run_address>0x1745a</run_address>
         <size>0x109</size>
         <input_file_ref idref="fl-7"/>
      </object_component>
      <object_component id="oc-3b2">
         <name>.debug_info</name>
         <load_address>0x17563</load_address>
         <run_address>0x17563</run_address>
         <size>0x16e0</size>
         <input_file_ref idref="fl-7"/>
      </object_component>
      <object_component id="oc-3b7">
         <name>.debug_info</name>
         <load_address>0x18c43</load_address>
         <run_address>0x18c43</run_address>
         <size>0xa0a</size>
         <input_file_ref idref="fl-7"/>
      </object_component>
      <object_component id="oc-3bc">
         <name>.debug_info</name>
         <load_address>0x1964d</load_address>
         <run_address>0x1964d</run_address>
         <size>0xfe</size>
         <input_file_ref idref="fl-7"/>
      </object_component>
      <object_component id="oc-32a">
         <name>.debug_info</name>
         <load_address>0x1974b</load_address>
         <run_address>0x1974b</run_address>
         <size>0x43f</size>
         <input_file_ref idref="fl-7"/>
      </object_component>
      <object_component id="oc-38f">
         <name>.debug_info</name>
         <load_address>0x19b8a</load_address>
         <run_address>0x19b8a</run_address>
         <size>0x112</size>
         <input_file_ref idref="fl-7"/>
      </object_component>
      <object_component id="oc-1c0">
         <name>.debug_info</name>
         <load_address>0x19c9c</load_address>
         <run_address>0x19c9c</run_address>
         <size>0x2c3</size>
         <input_file_ref idref="fl-8"/>
      </object_component>
      <object_component id="oc-78">
         <name>.debug_info</name>
         <load_address>0x19f5f</load_address>
         <run_address>0x19f5f</run_address>
         <size>0x644</size>
         <input_file_ref idref="fl-8"/>
      </object_component>
      <object_component id="oc-ed">
         <name>.debug_info</name>
         <load_address>0x1a5a3</load_address>
         <run_address>0x1a5a3</run_address>
         <size>0x9e7</size>
         <input_file_ref idref="fl-8"/>
      </object_component>
      <object_component id="oc-108">
         <name>.debug_info</name>
         <load_address>0x1af8a</load_address>
         <run_address>0x1af8a</run_address>
         <size>0x31b</size>
         <input_file_ref idref="fl-9"/>
      </object_component>
      <object_component id="oc-90">
         <name>.debug_info</name>
         <load_address>0x1b2a5</load_address>
         <run_address>0x1b2a5</run_address>
         <size>0xb30</size>
         <input_file_ref idref="fl-9"/>
      </object_component>
      <object_component id="oc-25">
         <name>.debug_info</name>
         <load_address>0x1bdd5</load_address>
         <run_address>0x1bdd5</run_address>
         <size>0x190</size>
         <input_file_ref idref="fl-9"/>
      </object_component>
      <object_component id="oc-a5">
         <name>.debug_info</name>
         <load_address>0x1bf65</load_address>
         <run_address>0x1bf65</run_address>
         <size>0x157</size>
         <input_file_ref idref="fl-9"/>
      </object_component>
      <object_component id="oc-c0">
         <name>.debug_info</name>
         <load_address>0x1c0bc</load_address>
         <run_address>0x1c0bc</run_address>
         <size>0x18c</size>
         <input_file_ref idref="fl-9"/>
      </object_component>
      <object_component id="oc-ca">
         <name>.debug_info</name>
         <load_address>0x1c248</load_address>
         <run_address>0x1c248</run_address>
         <size>0x86</size>
         <input_file_ref idref="fl-9"/>
      </object_component>
      <object_component id="oc-17f">
         <name>.debug_info</name>
         <load_address>0x1c2ce</load_address>
         <run_address>0x1c2ce</run_address>
         <size>0x1de</size>
         <input_file_ref idref="fl-9"/>
      </object_component>
      <object_component id="oc-103">
         <name>.debug_info</name>
         <load_address>0x1c4ac</load_address>
         <run_address>0x1c4ac</run_address>
         <size>0x129</size>
         <input_file_ref idref="fl-9"/>
      </object_component>
      <object_component id="oc-198">
         <name>.debug_info</name>
         <load_address>0x1c5d5</load_address>
         <run_address>0x1c5d5</run_address>
         <size>0x2d0</size>
         <input_file_ref idref="fl-9"/>
      </object_component>
      <object_component id="oc-350">
         <name>.debug_info</name>
         <load_address>0x1c8a5</load_address>
         <run_address>0x1c8a5</run_address>
         <size>0x29e</size>
         <input_file_ref idref="fl-a"/>
      </object_component>
      <object_component id="oc-447">
         <name>.debug_info</name>
         <load_address>0x1cb43</load_address>
         <run_address>0x1cb43</run_address>
         <size>0x6e8</size>
         <input_file_ref idref="fl-a"/>
      </object_component>
      <object_component id="oc-189">
         <name>.debug_info</name>
         <load_address>0x1d22b</load_address>
         <run_address>0x1d22b</run_address>
         <size>0x1f9</size>
         <input_file_ref idref="fl-a"/>
      </object_component>
      <object_component id="oc-3d4">
         <name>.debug_info</name>
         <load_address>0x1d424</load_address>
         <run_address>0x1d424</run_address>
         <size>0x12a</size>
         <input_file_ref idref="fl-a"/>
      </object_component>
      <object_component id="oc-16d">
         <name>.debug_info</name>
         <load_address>0x1d54e</load_address>
         <run_address>0x1d54e</run_address>
         <size>0x4df</size>
         <input_file_ref idref="fl-b"/>
      </object_component>
      <object_component id="oc-9f">
         <name>.debug_info</name>
         <load_address>0x1da2d</load_address>
         <run_address>0x1da2d</run_address>
         <size>0x916</size>
         <input_file_ref idref="fl-b"/>
      </object_component>
      <object_component id="oc-1c5">
         <name>.debug_info</name>
         <load_address>0x1e343</load_address>
         <run_address>0x1e343</run_address>
         <size>0x791</size>
         <input_file_ref idref="fl-b"/>
      </object_component>
      <object_component id="oc-1ca">
         <name>.debug_info</name>
         <load_address>0x1ead4</load_address>
         <run_address>0x1ead4</run_address>
         <size>0x4de</size>
         <input_file_ref idref="fl-b"/>
      </object_component>
      <object_component id="oc-1cf">
         <name>.debug_info</name>
         <load_address>0x1efb2</load_address>
         <run_address>0x1efb2</run_address>
         <size>0x3ce</size>
         <input_file_ref idref="fl-b"/>
      </object_component>
      <object_component id="oc-33b">
         <name>.debug_info</name>
         <load_address>0x1f380</load_address>
         <run_address>0x1f380</run_address>
         <size>0x306</size>
         <input_file_ref idref="fl-b"/>
      </object_component>
      <object_component id="oc-340">
         <name>.debug_info</name>
         <load_address>0x1f686</load_address>
         <run_address>0x1f686</run_address>
         <size>0x7cd</size>
         <input_file_ref idref="fl-b"/>
      </object_component>
      <object_component id="oc-16e">
         <name>.debug_info</name>
         <load_address>0x1fe53</load_address>
         <run_address>0x1fe53</run_address>
         <size>0x673</size>
         <input_file_ref idref="fl-b"/>
      </object_component>
      <object_component id="oc-b3">
         <name>.debug_info</name>
         <load_address>0x204c6</load_address>
         <run_address>0x204c6</run_address>
         <size>0x375</size>
         <input_file_ref idref="fl-b"/>
      </object_component>
      <object_component id="oc-1d9">
         <name>.debug_info</name>
         <load_address>0x2083b</load_address>
         <run_address>0x2083b</run_address>
         <size>0x437</size>
         <input_file_ref idref="fl-b"/>
      </object_component>
      <object_component id="oc-204">
         <name>.debug_info</name>
         <load_address>0x20c72</load_address>
         <run_address>0x20c72</run_address>
         <size>0x37b</size>
         <input_file_ref idref="fl-b"/>
      </object_component>
      <object_component id="oc-1de">
         <name>.debug_info</name>
         <load_address>0x20fed</load_address>
         <run_address>0x20fed</run_address>
         <size>0x1ca</size>
         <input_file_ref idref="fl-b"/>
      </object_component>
      <object_component id="oc-184">
         <name>.debug_info</name>
         <load_address>0x211b7</load_address>
         <run_address>0x211b7</run_address>
         <size>0x435</size>
         <input_file_ref idref="fl-b"/>
      </object_component>
      <object_component id="oc-1f7">
         <name>.debug_info</name>
         <load_address>0x215ec</load_address>
         <run_address>0x215ec</run_address>
         <size>0x551</size>
         <input_file_ref idref="fl-b"/>
      </object_component>
      <object_component id="oc-1e3">
         <name>.debug_info</name>
         <load_address>0x21b3d</load_address>
         <run_address>0x21b3d</run_address>
         <size>0x3d3</size>
         <input_file_ref idref="fl-b"/>
      </object_component>
      <object_component id="oc-1ed">
         <name>.debug_info</name>
         <load_address>0x21f10</load_address>
         <run_address>0x21f10</run_address>
         <size>0x1de</size>
         <input_file_ref idref="fl-b"/>
      </object_component>
      <object_component id="oc-345">
         <name>.debug_info</name>
         <load_address>0x220ee</load_address>
         <run_address>0x220ee</run_address>
         <size>0x243</size>
         <input_file_ref idref="fl-b"/>
      </object_component>
      <object_component id="oc-1ab">
         <name>.debug_info</name>
         <load_address>0x22331</load_address>
         <run_address>0x22331</run_address>
         <size>0x26c</size>
         <input_file_ref idref="fl-b"/>
      </object_component>
      <object_component id="oc-1fc">
         <name>.debug_info</name>
         <load_address>0x2259d</load_address>
         <run_address>0x2259d</run_address>
         <size>0x17a</size>
         <input_file_ref idref="fl-b"/>
      </object_component>
      <object_component id="oc-18e">
         <name>.debug_info</name>
         <load_address>0x22717</load_address>
         <run_address>0x22717</run_address>
         <size>0x6a6</size>
         <input_file_ref idref="fl-b"/>
      </object_component>
      <object_component id="oc-193">
         <name>.debug_info</name>
         <load_address>0x22dbd</load_address>
         <run_address>0x22dbd</run_address>
         <size>0x13e</size>
         <input_file_ref idref="fl-b"/>
      </object_component>
      <object_component id="oc-2a6">
         <name>.debug_info</name>
         <load_address>0x22efb</load_address>
         <run_address>0x22efb</run_address>
         <size>0x119</size>
         <input_file_ref idref="fl-c"/>
      </object_component>
      <object_component id="oc-1c2">
         <name>.debug_info</name>
         <load_address>0x23014</load_address>
         <run_address>0x23014</run_address>
         <size>0x285</size>
         <input_file_ref idref="fl-d"/>
      </object_component>
      <object_component id="oc-f7">
         <name>.debug_info</name>
         <load_address>0x23299</load_address>
         <run_address>0x23299</run_address>
         <size>0x1ee</size>
         <input_file_ref idref="fl-d"/>
      </object_component>
      <object_component id="oc-1e8">
         <name>.debug_info</name>
         <load_address>0x23487</load_address>
         <run_address>0x23487</run_address>
         <size>0x508</size>
         <input_file_ref idref="fl-d"/>
      </object_component>
      <object_component id="oc-355">
         <name>.debug_info</name>
         <load_address>0x2398f</load_address>
         <run_address>0x2398f</run_address>
         <size>0x43c</size>
         <input_file_ref idref="fl-d"/>
      </object_component>
      <object_component id="oc-2e">
         <name>.debug_info</name>
         <load_address>0x23dcb</load_address>
         <run_address>0x23dcb</run_address>
         <size>0x2cd</size>
         <input_file_ref idref="fl-e"/>
      </object_component>
      <object_component id="oc-b2">
         <name>.debug_info</name>
         <load_address>0x24098</load_address>
         <run_address>0x24098</run_address>
         <size>0x340</size>
         <input_file_ref idref="fl-10"/>
      </object_component>
      <object_component id="oc-af">
         <name>.debug_info</name>
         <load_address>0x243d8</load_address>
         <run_address>0x243d8</run_address>
         <size>0xeb</size>
         <input_file_ref idref="fl-10"/>
      </object_component>
      <object_component id="oc-44d">
         <name>.debug_info</name>
         <load_address>0x244c3</load_address>
         <run_address>0x244c3</run_address>
         <size>0xf7c</size>
         <input_file_ref idref="fl-10"/>
      </object_component>
      <object_component id="oc-33">
         <name>.debug_info</name>
         <load_address>0x2543f</load_address>
         <run_address>0x2543f</run_address>
         <size>0x292</size>
         <input_file_ref idref="fl-10"/>
      </object_component>
      <object_component id="oc-1a6">
         <name>.debug_info</name>
         <load_address>0x256d1</load_address>
         <run_address>0x256d1</run_address>
         <size>0xb9</size>
         <input_file_ref idref="fl-10"/>
      </object_component>
      <object_component id="oc-74">
         <name>.debug_info</name>
         <load_address>0x2578a</load_address>
         <run_address>0x2578a</run_address>
         <size>0x7f9</size>
         <input_file_ref idref="fl-11"/>
      </object_component>
      <object_component id="oc-39">
         <name>.debug_info</name>
         <load_address>0x25f83</load_address>
         <run_address>0x25f83</run_address>
         <size>0x10c</size>
         <input_file_ref idref="fl-13"/>
      </object_component>
      <object_component id="oc-15b">
         <name>.debug_info</name>
         <load_address>0x2608f</load_address>
         <run_address>0x2608f</run_address>
         <size>0xae4</size>
         <input_file_ref idref="fl-14"/>
      </object_component>
      <object_component id="oc-158">
         <name>.debug_info</name>
         <load_address>0x26b73</load_address>
         <run_address>0x26b73</run_address>
         <size>0xdf</size>
         <input_file_ref idref="fl-14"/>
      </object_component>
      <object_component id="oc-140">
         <name>.debug_info</name>
         <load_address>0x26c52</load_address>
         <run_address>0x26c52</run_address>
         <size>0x1e8</size>
         <input_file_ref idref="fl-14"/>
      </object_component>
      <object_component id="oc-98">
         <name>.debug_info</name>
         <load_address>0x26e3a</load_address>
         <run_address>0x26e3a</run_address>
         <size>0x2d9</size>
         <input_file_ref idref="fl-14"/>
      </object_component>
      <object_component id="oc-35a">
         <name>.debug_info</name>
         <load_address>0x27113</load_address>
         <run_address>0x27113</run_address>
         <size>0x2a4</size>
         <input_file_ref idref="fl-16"/>
      </object_component>
      <object_component id="oc-3db">
         <name>.debug_info</name>
         <load_address>0x273b7</load_address>
         <run_address>0x273b7</run_address>
         <size>0x242</size>
         <input_file_ref idref="fl-16"/>
      </object_component>
      <object_component id="oc-1f2">
         <name>.debug_info</name>
         <load_address>0x275f9</load_address>
         <run_address>0x275f9</run_address>
         <size>0x2af</size>
         <input_file_ref idref="fl-16"/>
      </object_component>
      <object_component id="oc-3e">
         <name>.debug_info</name>
         <load_address>0x278a8</load_address>
         <run_address>0x278a8</run_address>
         <size>0x141</size>
         <input_file_ref idref="fl-17"/>
      </object_component>
      <object_component id="oc-fd">
         <name>.debug_info</name>
         <load_address>0x279e9</load_address>
         <run_address>0x279e9</run_address>
         <size>0x36b</size>
         <input_file_ref idref="fl-19"/>
      </object_component>
      <object_component id="oc-101">
         <name>.debug_info</name>
         <load_address>0x27d54</load_address>
         <run_address>0x27d54</run_address>
         <size>0x67a</size>
         <input_file_ref idref="fl-1a"/>
      </object_component>
      <object_component id="oc-8a">
         <name>.debug_info</name>
         <load_address>0x283ce</load_address>
         <run_address>0x283ce</run_address>
         <size>0x2e93</size>
         <input_file_ref idref="fl-1a"/>
      </object_component>
      <object_component id="oc-1d">
         <name>.debug_info</name>
         <load_address>0x2b261</load_address>
         <run_address>0x2b261</run_address>
         <size>0x5e7</size>
         <input_file_ref idref="fl-1b"/>
      </object_component>
      <object_component id="oc-7e">
         <name>.debug_info</name>
         <load_address>0x2b848</load_address>
         <run_address>0x2b848</run_address>
         <size>0x13a</size>
         <input_file_ref idref="fl-1b"/>
      </object_component>
      <object_component id="oc-ac">
         <name>.debug_info</name>
         <load_address>0x2b982</load_address>
         <run_address>0x2b982</run_address>
         <size>0x544</size>
         <input_file_ref idref="fl-1c"/>
      </object_component>
      <object_component id="oc-29">
         <name>.debug_info</name>
         <load_address>0x2bec6</load_address>
         <run_address>0x2bec6</run_address>
         <size>0xe9</size>
         <input_file_ref idref="fl-1c"/>
      </object_component>
      <object_component id="oc-4b">
         <name>.debug_info</name>
         <load_address>0x2bfaf</load_address>
         <run_address>0x2bfaf</run_address>
         <size>0x47b</size>
         <input_file_ref idref="fl-1c"/>
      </object_component>
      <object_component id="oc-4d">
         <name>.debug_info</name>
         <load_address>0x2c42a</load_address>
         <run_address>0x2c42a</run_address>
         <size>0x204</size>
         <input_file_ref idref="fl-1c"/>
      </object_component>
      <object_component id="oc-19d">
         <name>.debug_info</name>
         <load_address>0x2c62e</load_address>
         <run_address>0x2c62e</run_address>
         <size>0x4f</size>
         <input_file_ref idref="fl-1c"/>
      </object_component>
      <object_component id="oc-fa">
         <name>.debug_info</name>
         <load_address>0x2c67d</load_address>
         <run_address>0x2c67d</run_address>
         <size>0x527</size>
         <input_file_ref idref="fl-1d"/>
      </object_component>
      <object_component id="oc-84">
         <name>.debug_info</name>
         <load_address>0x2cba4</load_address>
         <run_address>0x2cba4</run_address>
         <size>0x7de</size>
         <input_file_ref idref="fl-1d"/>
      </object_component>
      <object_component id="oc-3ae">
         <name>.debug_info</name>
         <load_address>0x2d382</load_address>
         <run_address>0x2d382</run_address>
         <size>0x9de</size>
         <input_file_ref idref="fl-1e"/>
      </object_component>
      <object_component id="oc-2e2">
         <name>.debug_info</name>
         <load_address>0x2dd60</load_address>
         <run_address>0x2dd60</run_address>
         <size>0x3eb</size>
         <input_file_ref idref="fl-1e"/>
      </object_component>
      <object_component id="oc-3ab">
         <name>.debug_info</name>
         <load_address>0x2e14b</load_address>
         <run_address>0x2e14b</run_address>
         <size>0xa17</size>
         <input_file_ref idref="fl-1f"/>
      </object_component>
      <object_component id="oc-2dc">
         <name>.debug_info</name>
         <load_address>0x2eb62</load_address>
         <run_address>0x2eb62</run_address>
         <size>0x398</size>
         <input_file_ref idref="fl-1f"/>
      </object_component>
      <object_component id="oc-2a9">
         <name>.debug_info</name>
         <load_address>0x2eefa</load_address>
         <run_address>0x2eefa</run_address>
         <size>0xd1d</size>
         <input_file_ref idref="fl-20"/>
      </object_component>
      <object_component id="oc-290">
         <name>.debug_info</name>
         <load_address>0x2fc17</load_address>
         <run_address>0x2fc17</run_address>
         <size>0x216</size>
         <input_file_ref idref="fl-20"/>
      </object_component>
      <object_component id="oc-244">
         <name>.debug_info</name>
         <load_address>0x2fe2d</load_address>
         <run_address>0x2fe2d</run_address>
         <size>0x22f</size>
         <input_file_ref idref="fl-20"/>
      </object_component>
      <object_component id="oc-298">
         <name>.debug_info</name>
         <load_address>0x3005c</load_address>
         <run_address>0x3005c</run_address>
         <size>0x22f</size>
         <input_file_ref idref="fl-20"/>
      </object_component>
      <object_component id="oc-24b">
         <name>.debug_info</name>
         <load_address>0x3028b</load_address>
         <run_address>0x3028b</run_address>
         <size>0x22c</size>
         <input_file_ref idref="fl-20"/>
      </object_component>
      <object_component id="oc-29f">
         <name>.debug_info</name>
         <load_address>0x304b7</load_address>
         <run_address>0x304b7</run_address>
         <size>0x24a</size>
         <input_file_ref idref="fl-20"/>
      </object_component>
      <object_component id="oc-251">
         <name>.debug_info</name>
         <load_address>0x30701</load_address>
         <run_address>0x30701</run_address>
         <size>0x24b</size>
         <input_file_ref idref="fl-20"/>
      </object_component>
      <object_component id="oc-283">
         <name>.debug_info</name>
         <load_address>0x3094c</load_address>
         <run_address>0x3094c</run_address>
         <size>0x22b</size>
         <input_file_ref idref="fl-20"/>
      </object_component>
      <object_component id="oc-147">
         <name>.debug_info</name>
         <load_address>0x30b77</load_address>
         <run_address>0x30b77</run_address>
         <size>0xda6</size>
         <input_file_ref idref="fl-20"/>
      </object_component>
      <object_component id="oc-3a9">
         <name>.debug_info</name>
         <load_address>0x3191d</load_address>
         <run_address>0x3191d</run_address>
         <size>0x333</size>
         <input_file_ref idref="fl-26"/>
      </object_component>
      <object_component id="oc-2c9">
         <name>.debug_info</name>
         <load_address>0x31c50</load_address>
         <run_address>0x31c50</run_address>
         <size>0x1d1</size>
         <input_file_ref idref="fl-26"/>
      </object_component>
      <object_component id="oc-39f">
         <name>.debug_info</name>
         <load_address>0x31e21</load_address>
[...]
      </symbol>
      <symbol id="sm-a1a">
         <name>custom_dabort</name>
         <value>0xdf4</value>
         <object_component_ref idref="oc-89"/>
      </symbol>
      <symbol id="sm-a1b">
         <name>memoryInit</name>
         <value>0x174</value>
         <object_component_ref idref="oc-89"/>
      </symbol>
      <symbol id="sm-a1c">
         <name>stcSelfCheck</name>
         <value>0x1b8</value>
         <object_component_ref idref="oc-89"/>
      </symbol>
      <symbol id="sm-a1d">
         <name>efcGetConfigValue</name>
         <value>0x2660</value>
         <object_component_ref idref="oc-89"/>
      </symbol>
      <symbol id="sm-a1e">
         <name>can2ParityCheck</name>
         <value>0x14e8</value>
         <object_component_ref idref="oc-89"/>
      </symbol>
      <symbol id="sm-a1f">
         <name>het1ParityCheck</name>
         <value>0xf58</value>
         <object_component_ref idref="oc-89"/>
      </symbol>
      <symbol id="sm-a20">
         <name>adc1ParityCheck</name>
         <value>0x126c</value>
         <object_component_ref idref="oc-89"/>
      </symbol>
      <symbol id="sm-a21">
         <name>checkefcSelfTest</name>
         <value>0x7bc</value>
         <object_component_ref idref="oc-89"/>
      </symbol>
      <symbol id="sm-a22">
         <name>checkRAMECC</name>
         <value>0x19d0</value>
         <object_component_ref idref="oc-89"/>
      </symbol>
      <symbol id="sm-a23">
         <name>stcSelfCheckFail</name>
         <value>0xdf8</value>
         <object_component_ref idref="oc-89"/>
      </symbol>
      <symbol id="sm-a24">
         <name>ccmSelfCheck</name>
         <value>0x30</value>
         <object_component_ref idref="oc-89"/>
      </symbol>
      <symbol id="sm-a25">
         <name>efcCheck</name>
         <value>0x660</value>
         <object_component_ref idref="oc-89"/>
      </symbol>
      <symbol id="sm-a26">
         <name>het2ParityCheck</name>
         <value>0x10c0</value>
         <object_component_ref idref="oc-89"/>
      </symbol>
      <symbol id="sm-a27">
         <name>adc2ParityCheck</name>
         <value>0x1358</value>
         <object_component_ref idref="oc-89"/>
      </symbol>
      <symbol id="sm-a28">
         <name>cpuSelfTest</name>
         <value>0x234</value>
         <object_component_ref idref="oc-89"/>
      </symbol>
      <symbol id="sm-a29">
         <name>htu1ParityCheck</name>
         <value>0x1004</value>
         <object_component_ref idref="oc-89"/>
      </symbol>
      <symbol id="sm-a2a">
         <name>checkFlashECC</name>
         <value>0xd18</value>
         <object_component_ref idref="oc-89"/>
      </symbol>
      <symbol id="sm-a2b">
         <name>cpuSelfTestFail</name>
         <value>0xdfc</value>
         <object_component_ref idref="oc-89"/>
      </symbol>
      <symbol id="sm-a2c">
         <name>checkPLL1Slip</name>
         <value>0x1e8c</value>
         <object_component_ref idref="oc-89"/>
      </symbol>
      <symbol id="sm-a2d">
         <name>mibspi1ParityCheck</name>
         <value>0x1684</value>
         <object_component_ref idref="oc-89"/>
      </symbol>
      <symbol id="sm-a2e">
         <name>ccmr4GetConfigValue</name>
         <value>0x26fc</value>
         <object_component_ref idref="oc-89"/>
      </symbol>
      <symbol id="sm-a2f">
         <name>htu2ParityCheck</name>
         <value>0x11bc</value>
         <object_component_ref idref="oc-89"/>
      </symbol>
      <symbol id="sm-a30">
         <name>pbistPortTestStatus</name>
         <value>0x608</value>
         <object_component_ref idref="oc-89"/>
      </symbol>
      <symbol id="sm-a31">
         <name>checkFlashEEPROMECC</name>
         <value>0x1cf4</value>
         <object_component_ref idref="oc-89"/>
      </symbol>
      <symbol id="sm-a32">
         <name>pbistGetConfigValue</name>
         <value>0x2470</value>
         <object_component_ref idref="oc-89"/>
      </symbol>
      <symbol id="sm-a33">
         <name>vimParityCheck</name>
         <value>0xe00</value>
         <object_component_ref idref="oc-89"/>
      </symbol>
      <symbol id="sm-a34">
         <name>pbistIsTestCompleted</name>
         <value>0x5a8</value>
         <object_component_ref idref="oc-89"/>
      </symbol>
      <symbol id="sm-a35">
         <name>disableParity</name>
         <value>0x2b58</value>
         <object_component_ref idref="oc-89"/>
      </symbol>
      <symbol id="sm-a36">
         <name>pbistRun</name>
         <value>0x4ac</value>
         <object_component_ref idref="oc-89"/>
      </symbol>
      <symbol id="sm-a37">
         <name>pbistFail</name>
         <value>0x23ec</value>
         <object_component_ref idref="oc-89"/>
      </symbol>
      <symbol id="sm-a38">
         <name>selftestFailNotification</name>
         <value>0x20</value>
         <object_component_ref idref="oc-89"/>
      </symbol>
      <symbol id="sm-a39">
         <name>errata_PBIST_4</name>
         <value>0x276c</value>
         <object_component_ref idref="oc-89"/>
      </symbol>
      <symbol id="sm-a3a">
         <name>mibspi3ParityCheck</name>
         <value>0x178c</value>
         <object_component_ref idref="oc-89"/>
      </symbol>
      <symbol id="sm-a3b">
         <name>efcSelfTest</name>
         <value>0x794</value>
         <object_component_ref idref="oc-89"/>
      </symbol>
      <symbol id="sm-a3c">
         <name>checkB1RAMECC</name>
         <value>0xb28</value>
         <object_component_ref idref="oc-89"/>
      </symbol>
      <symbol id="sm-a3d">
         <name>pbistStop</name>
         <value>0x578</value>
         <object_component_ref idref="oc-89"/>
      </symbol>
      <symbol id="sm-a3e">
         <name>can3ParityCheck</name>
         <value>0x15b0</value>
         <object_component_ref idref="oc-89"/>
      </symbol>
      <symbol id="sm-a3f">
         <name>checkRAMAddrParity</name>
         <value>0x2050</value>
         <object_component_ref idref="oc-89"/>
      </symbol>
      <symbol id="sm-a40">
         <name>mibspi5ParityCheck</name>
         <value>0x18b0</value>
         <object_component_ref idref="oc-89"/>
      </symbol>
      <symbol id="sm-a41">
         <name>checkB0RAMECC</name>
         <value>0x938</value>
         <object_component_ref idref="oc-89"/>
      </symbol>
      <symbol id="sm-a42">
         <name>stcGetConfigValue</name>
         <value>0x25bc</value>
         <object_component_ref idref="oc-89"/>
      </symbol>
      <symbol id="sm-a43">
         <name>pbistIsTestPassed</name>
         <value>0x5d4</value>
         <object_component_ref idref="oc-89"/>
      </symbol>
      <symbol id="sm-a44">
         <name>checkClockMonitor</name>
         <value>0x1c18</value>
         <object_component_ref idref="oc-89"/>
      </symbol>
      <symbol id="sm-a45">
         <name>fmcECCcheck</name>
         <value>0x898</value>
         <object_component_ref idref="oc-89"/>
      </symbol>
      <symbol id="sm-a46">
         <name>fmcBus2Check</name>
         <value>0x85c</value>
         <object_component_ref idref="oc-89"/>
      </symbol>
      <symbol id="sm-a47">
         <name>checkRAMUERRTest</name>
         <value>0x215c</value>
         <object_component_ref idref="oc-89"/>
      </symbol>
      <symbol id="sm-a48">
         <name>efcStuckZeroTest</name>
         <value>0x6e8</value>
         <object_component_ref idref="oc-89"/>
      </symbol>
      <symbol id="sm-a49">
         <name>checkPLL2Slip</name>
         <value>0x1f8c</value>
         <object_component_ref idref="oc-89"/>
      </symbol>
      <symbol id="sm-a7b">
         <name>_c_int00</name>
         <value>0xe00c</value>
         <object_component_ref idref="oc-1c"/>
      </symbol>
      <symbol id="sm-a7c">
         <name>handlePLLLockFail</name>
         <value>0xfc5c</value>
         <object_component_ref idref="oc-7d"/>
      </symbol>
      <symbol id="sm-b2b">
         <name>vimChannelMap</name>
         <value>0x86a4</value>
         <object_component_ref idref="oc-47"/>
      </symbol>
      <symbol id="sm-b2c">
         <name>vimInit</name>
         <value>0x85d0</value>
         <object_component_ref idref="oc-47"/>
      </symbol>
      <symbol id="sm-b2d">
         <name>vimEnableInterrupt</name>
         <value>0x8748</value>
         <object_component_ref idref="oc-47"/>
      </symbol>
      <symbol id="sm-b2e">
         <name>vimDisableInterrupt</name>
         <value>0x8910</value>
         <object_component_ref idref="oc-47"/>
      </symbol>
      <symbol id="sm-b2f">
         <name>vimGetConfigValue</name>
         <value>0x89bc</value>
         <object_component_ref idref="oc-47"/>
      </symbol>
      <symbol id="sm-b30">
         <name>vimParityErrorHandler</name>
         <value>0xd7dc</value>
         <object_component_ref idref="oc-43"/>
      </symbol>
      <symbol id="sm-b8b">
         <name>systemGetConfigValue</name>
         <value>0x7df8</value>
         <object_component_ref idref="oc-83"/>
      </symbol>
      <symbol id="sm-b8c">
         <name>trimLPO</name>
         <value>0x7acc</value>
         <object_component_ref idref="oc-83"/>
      </symbol>
      <symbol id="sm-b8d">
         <name>systemInit</name>
         <value>0x7cfc</value>
         <object_component_ref idref="oc-83"/>
      </symbol>
      <symbol id="sm-b8e">
         <name>customTrimLPO</name>
         <value>0x84f4</value>
         <object_component_ref idref="oc-83"/>
      </symbol>
      <symbol id="sm-b8f">
         <name>tcmflashGetConfigValue</name>
         <value>0x820c</value>
         <object_component_ref idref="oc-83"/>
      </symbol>
      <symbol id="sm-b90">
         <name>sramGetConfigValue</name>
         <value>0x83b8</value>
         <object_component_ref idref="oc-83"/>
      </symbol>
      <symbol id="sm-b91">
         <name>periphInit</name>
         <value>0x7b80</value>
         <object_component_ref idref="oc-83"/>
      </symbol>
      <symbol id="sm-b92">
         <name>setupFlash</name>
         <value>0x7b40</value>
         <object_component_ref idref="oc-83"/>
      </symbol>
      <symbol id="sm-b93">
         <name>setupPLL</name>
         <value>0x7a6c</value>
         <object_component_ref idref="oc-83"/>
      </symbol>
      <symbol id="sm-b94">
         <name>mapClocks</name>
         <value>0x7bd4</value>
         <object_component_ref idref="oc-83"/>
      </symbol>
      <symbol id="sm-b95">
         <name>systemPowerDown</name>
         <value>0x7dc8</value>
         <object_component_ref idref="oc-83"/>
      </symbol>
      <symbol id="sm-bb4">
         <name>_Z15ui_draw_buttonsR14Bridgetek_EVE2P16dashboard_data_t</name>
         <value>0xe294</value>
         <object_component_ref idref="oc-2e1"/>
      </symbol>
      <symbol id="sm-bcc">
         <name>_Z15ui_draw_rpm_barR14Bridgetek_EVE2f</name>
         <value>0xe72c</value>
         <object_component_ref idref="oc-2db"/>
      </symbol>
      <symbol id="sm-c78">
         <name>_Z12eve_read_tagR14Bridgetek_EVE2Ph</name>
         <value>0x9ae8</value>
         <object_component_ref idref="oc-146"/>
      </symbol>
      <symbol id="sm-c79">
         <name>_ZN14Bridgetek_EVE213CMD_CALIBRATEEj</name>
         <value>0xfaf0</value>
         <object_component_ref idref="oc-281"/>
      </symbol>
      <symbol id="sm-c7a">
         <name>_ZN14Bridgetek_EVE213LIB_MemRead16Ej</name>
         <value>0xfb08</value>
         <object_component_ref idref="oc-242"/>
      </symbol>
      <symbol id="sm-c7b">
         <name>_Z5delayi</name>
         <value>0x9a74</value>
         <object_component_ref idref="oc-146"/>
      </symbol>
      <symbol id="sm-c7c">
         <name>_Z13eve_calibrateR14Bridgetek_EVE2</name>
         <value>0x9b54</value>
         <object_component_ref idref="oc-146"/>
      </symbol>
      <symbol id="sm-c7d">
         <name>_Z10eve_get_xyR14Bridgetek_EVE2PtS1_</name>
         <value>0x9d40</value>
         <object_component_ref idref="oc-146"/>
      </symbol>
      <symbol id="sm-c7e">
         <name>_Z15ui_handle_touchR14Bridgetek_EVE2P16dashboard_data_t</name>
         <value>0x9dbc</value>
         <object_component_ref idref="oc-146"/>
      </symbol>
      <symbol id="sm-c7f">
         <name>_ZN14Bridgetek_EVE219LIB_AwaitCoProEmptyEv</name>
         <value>0xfbd8</value>
         <object_component_ref idref="oc-28f"/>
      </symbol>
      <symbol id="sm-c80">
         <name>_ZN14Bridgetek_EVE213LIB_MemRead32Ej</name>
         <value>0xfb20</value>
         <object_component_ref idref="oc-296"/>
      </symbol>
      <symbol id="sm-c81">
         <name>_ZN14Bridgetek_EVE214LIB_MemWrite32Ejj</name>
         <value>0xfa30</value>
         <object_component_ref idref="oc-29d"/>
      </symbol>
      <symbol id="sm-c82">
         <name>_ZN14Bridgetek_EVE213LIB_MemWrite8Ejh</name>
         <value>0xfa10</value>
         <object_component_ref idref="oc-250"/>
      </symbol>
      <symbol id="sm-c83">
         <name>_ZN14Bridgetek_EVE212LIB_MemRead8Ej</name>
         <value>0xfad8</value>
         <object_component_ref idref="oc-249"/>
      </symbol>
      <symbol id="sm-cab">
         <name>sprintf</name>
         <value>0xf8bd</value>
         <object_component_ref idref="oc-2c7"/>
      </symbol>
      <symbol id="sm-cc6">
         <name>memcpy</name>
         <value>0xf303</value>
         <object_component_ref idref="oc-5a"/>
      </symbol>
      <symbol id="sm-cc7">
         <name>__aeabi_memcpy</name>
         <value>0xf303</value>
         <object_component_ref idref="oc-5a"/>
      </symbol>
      <symbol id="sm-cc8">
         <name>__aeabi_memcpy8</name>
         <value>0xf303</value>
         <object_component_ref idref="oc-5a"/>
      </symbol>
      <symbol id="sm-cc9">
         <name>__aeabi_memcpy4</name>
         <value>0xf303</value>
         <object_component_ref idref="oc-5a"/>
      </symbol>
      <symbol id="sm-cd5">
         <name>__aeabi_idivmod</name>
         <value>0xf73c</value>
         <object_component_ref idref="oc-152"/>
      </symbol>
      <symbol id="sm-cd6">
         <name>__aeabi_idiv</name>
         <value>0xf73c</value>
         <object_component_ref idref="oc-152"/>
      </symbol>
      <symbol id="sm-d03">
         <name>__TI_auto_init_nobinit</name>
         <value>0xf5dd</value>
         <object_component_ref idref="oc-10f"/>
      </symbol>
      <symbol id="sm-d16">
         <name>__TI_zero_init</name>
         <value>0xfc37</value>
         <object_component_ref idref="oc-6c"/>
      </symbol>
      <symbol id="sm-d2d">
         <name>__TI_decompress_none</name>
         <value>0xfc29</value>
         <object_component_ref idref="oc-15"/>
      </symbol>
      <symbol id="sm-d50">
         <name>__TI_decompress_lzss</name>
         <value>0xf509</value>
         <object_component_ref idref="oc-f"/>
      </symbol>
      <symbol id="sm-d5b">
         <name>C$$EXIT</name>
         <value>0xfc55</value>
         <object_component_ref idref="oc-160"/>
      </symbol>
      <symbol id="sm-d5c">
         <name>abort</name>
         <value>0xfc55</value>
         <object_component_ref idref="oc-160"/>
      </symbol>
      <symbol id="sm-d6b">
         <name>strlen</name>
         <value>0xfb7f</value>
         <object_component_ref idref="oc-376"/>
      </symbol>
      <symbol id="sm-d7e">
         <name>strstr</name>
         <value>0xf939</value>
         <object_component_ref idref="oc-37c"/>
      </symbol>
      <symbol id="sm-ed5">
         <name>__TI_printfi</name>
         <value>0x9025</value>
         <object_component_ref idref="oc-396"/>
      </symbol>
      <symbol id="sm-edf">
         <name>__aeabi_idiv0</name>
         <value>0x9a73</value>
         <object_component_ref idref="oc-311"/>
      </symbol>
      <symbol id="sm-ee0">
         <name>__aeabi_ldiv0</name>
         <value>0x9a73</value>
         <object_component_ref idref="oc-311"/>
      </symbol>
      <symbol id="sm-eef">
         <name>__aeabi_memset</name>
         <value>0xf41b</value>
         <object_component_ref idref="oc-e5"/>
      </symbol>
      <symbol id="sm-ef0">
         <name>memset</name>
         <value>0xf421</value>
         <object_component_ref idref="oc-e5"/>
      </symbol>
      <symbol id="sm-ef1">
         <name>__aeabi_memset8</name>
         <value>0xf41b</value>
         <object_component_ref idref="oc-e5"/>
      </symbol>
      <symbol id="sm-ef2">
         <name>__aeabi_memset4</name>
         <value>0xf41b</value>
         <object_component_ref idref="oc-e5"/>
      </symbol>
      <symbol id="sm-ef3">
         <name>__aeabi_memclr8</name>
         <value>0xf419</value>
         <object_component_ref idref="oc-e5"/>
      </symbol>
      <symbol id="sm-ef4">
         <name>__aeabi_memclr4</name>
         <value>0xf419</value>
         <object_component_ref idref="oc-e5"/>
      </symbol>
      <symbol id="sm-ef5">
         <name>__aeabi_memclr</name>
         <value>0xf419</value>
         <object_component_ref idref="oc-e5"/>
      </symbol>
      <symbol id="sm-f10">
         <name>__aeabi_uldivmod</name>
         <value>0xdaa8</value>
         <object_component_ref idref="oc-467"/>
      </symbol>
      <symbol id="sm-f1f">
         <name>__TI_ltoa</name>
         <value>0xf695</value>
         <object_component_ref idref="oc-46d"/>
      </symbol>
      <symbol id="sm-f34">
         <name>atoi</name>
         <value>0xf7e1</value>
         <object_component_ref idref="oc-3f8"/>
      </symbol>
      <symbol id="sm-f3f">
         <name>_ctypes_</name>
         <value>0xfe60</value>
         <object_component_ref idref="oc-462"/>
      </symbol>
      <symbol id="sm-f4f">
         <name>memccpy</name>
         <value>0xf9e9</value>
         <object_component_ref idref="oc-41c"/>
      </symbol>
      <symbol id="sm-f5f">
         <name>strchr</name>
         <value>0xfb69</value>
         <object_component_ref idref="oc-49a"/>
      </symbol>
      <symbol id="sm-f75">
         <name>__aeabi_errno_addr</name>
         <value>0xfc4d</value>
         <object_component_ref idref="oc-428"/>
      </symbol>
      <symbol id="sm-f76">
         <name>errno</name>
         <value>0x8005684</value>
         <object_component_ref idref="oc-4aa"/>
      </symbol>
      <symbol id="sm-f8f">
         <name>wcslen</name>
         <value>0xfb95</value>
         <object_component_ref idref="oc-422"/>
      </symbol>
      <symbol id="sm-fad">
         <name>frexpl</name>
         <value>0xf495</value>
         <object_component_ref idref="oc-48e"/>
      </symbol>
      <symbol id="sm-fae">
         <name>frexp</name>
         <value>0xf495</value>
         <object_component_ref idref="oc-48e"/>
      </symbol>
      <symbol id="sm-fcb">
         <name>scalbn</name>
         <value>0xeed5</value>
         <object_component_ref idref="oc-494"/>
      </symbol>
      <symbol id="sm-fcc">
         <name>scalbnl</name>
         <value>0xeed5</value>
         <object_component_ref idref="oc-494"/>
      </symbol>
      <symbol id="sm-fcd">
         <name>ldexpl</name>
         <value>0xeed5</value>
         <object_component_ref idref="oc-494"/>
      </symbol>
      <symbol id="sm-fce">
         <name>ldexp</name>
         <value>0xeed5</value>
         <object_component_ref idref="oc-494"/>
      </symbol>
      <symbol id="sm-fd8">
         <name>copysign</name>
         <value>0xfa71</value>
         <object_component_ref idref="oc-4ed"/>
      </symbol>
      <symbol id="sm-fd9">
         <name>copysignl</name>
         <value>0xfa71</value>
         <object_component_ref idref="oc-4ed"/>
      </symbol>
      <symbol id="sm-fda">
         <name>__TI_static_base__</name>
         <value>0x0</value>
      </symbol>
      <symbol id="sm-fdd">
         <name>_system_post_cinit</name>
         <value>0x0</value>
      </symbol>
   </symbol_table>
   <title>Link successful</title>
</link_info>
