<?xml version="1.0" encoding="ISO-8859-1" ?>
<link_info>
   <banner>TI ARM Linker PC v20.2.7.LTS</banner>
   <copyright>Copyright (c) 1996-2018 Texas Instruments Incorporated</copyright>
   <link_time>0x69b32dcc</link_time>
   <link_errors>0x0</link_errors>
   <output_file>tms570_display_test.out</output_file>
   <entry_point>
      <name>_c_int00</name>
      <address>0xcf70</address>
   </entry_point>
   <input_file_list>
      <input_file id="fl-2">
         <path>.\ft81x_driver\</path>
         <kind>object</kind>
         <file>Bridgetek_EVE2.obj</file>
         <name>Bridgetek_EVE2.obj</name>
      </input_file>
      <input_file id="fl-3">
         <path>.\ft81x_driver\</path>
         <kind>object</kind>
         <file>EVE_API.obj</file>
         <name>EVE_API.obj</name>
      </input_file>
      <input_file id="fl-4">
         <path>.\ft81x_driver\</path>
         <kind>object</kind>
         <file>EVE_HAL.obj</file>
         <name>EVE_HAL.obj</name>
      </input_file>
      <input_file id="fl-5">
         <path>.\ft81x_driver\</path>
         <kind>object</kind>
         <file>EVE_MCU.obj</file>
         <name>EVE_MCU.obj</name>
      </input_file>
      <input_file id="fl-6">
         <path>.\source\</path>
         <kind>object</kind>
         <file>dabort.obj</file>
         <name>dabort.obj</name>
      </input_file>
      <input_file id="fl-7">
         <path>.\source\</path>
         <kind>object</kind>
         <file>dashboard.obj</file>
         <name>dashboard.obj</name>
      </input_file>
      <input_file id="fl-8">
         <path>.\source\</path>
         <kind>object</kind>
         <file>errata_SSWF021_45.obj</file>
         <name>errata_SSWF021_45.obj</name>
      </input_file>
      <input_file id="fl-9">
         <path>.\source\</path>
         <kind>object</kind>
         <file>esm.obj</file>
         <name>esm.obj</name>
      </input_file>
      <input_file id="fl-a">
         <path>.\source\</path>
         <kind>object</kind>
         <file>gio.obj</file>
         <name>gio.obj</name>
      </input_file>
      <input_file id="fl-b">
         <path>.\source\</path>
         <kind>object</kind>
         <file>notification.obj</file>
         <name>notification.obj</name>
      </input_file>
      <input_file id="fl-c">
         <path>.\source\</path>
         <kind>object</kind>
         <file>pages.obj</file>
         <name>pages.obj</name>
      </input_file>
      <input_file id="fl-d">
         <path>.\source\</path>
         <kind>object</kind>
         <file>pinmux.obj</file>
         <name>pinmux.obj</name>
      </input_file>
      <input_file id="fl-e">
         <path>.\source\</path>
         <kind>object</kind>
         <file>rti.obj</file>
         <name>rti.obj</name>
      </input_file>
      <input_file id="fl-f">
         <path>.\source\</path>
         <kind>object</kind>
         <file>sci.obj</file>
         <name>sci.obj</name>
      </input_file>
      <input_file id="fl-10">
         <path>.\source\</path>
         <kind>object</kind>
         <file>spi.obj</file>
         <name>spi.obj</name>
      </input_file>
      <input_file id="fl-11">
         <path>.\source\</path>
         <kind>object</kind>
         <file>sys_core.obj</file>
         <name>sys_core.obj</name>
      </input_file>
      <input_file id="fl-12">
         <path>.\source\</path>
         <kind>object</kind>
         <file>sys_dma.obj</file>
         <name>sys_dma.obj</name>
      </input_file>
      <input_file id="fl-13">
         <path>.\source\</path>
         <kind>object</kind>
         <file>sys_intvecs.obj</file>
         <name>sys_intvecs.obj</name>
      </input_file>
      <input_file id="fl-14">
         <path>.\source\</path>
         <kind>object</kind>
         <file>sys_main.obj</file>
         <name>sys_main.obj</name>
      </input_file>
      <input_file id="fl-15">
         <path>.\source\</path>
         <kind>object</kind>
         <file>sys_mpu.obj</file>
         <name>sys_mpu.obj</name>
      </input_file>
      <input_file id="fl-16">
         <path>.\source\</path>
         <kind>object</kind>
         <file>sys_pcr.obj</file>
         <name>sys_pcr.obj</name>
      </input_file>
      <input_file id="fl-17">
         <path>.\source\</path>
         <kind>object</kind>
         <file>sys_phantom.obj</file>
         <name>sys_phantom.obj</name>
      </input_file>
      <input_file id="fl-18">
         <path>.\source\</path>
         <kind>object</kind>
         <file>sys_pmm.obj</file>
         <name>sys_pmm.obj</name>
      </input_file>
      <input_file id="fl-19">
         <path>.\source\</path>
         <kind>object</kind>
         <file>sys_pmu.obj</file>
         <name>sys_pmu.obj</name>
      </input_file>
      <input_file id="fl-1a">
         <path>.\source\</path>
         <kind>object</kind>
         <file>sys_selftest.obj</file>
         <name>sys_selftest.obj</name>
      </input_file>
      <input_file id="fl-1b">
         <path>.\source\</path>
         <kind>object</kind>
         <file>sys_startup.obj</file>
         <name>sys_startup.obj</name>
      </input_file>
      <input_file id="fl-1c">
         <path>.\source\</path>
         <kind>object</kind>
         <file>sys_vim.obj</file>
         <name>sys_vim.obj</name>
      </input_file>
      <input_file id="fl-1d">
         <path>.\source\</path>
         <kind>object</kind>
         <file>system.obj</file>
         <name>system.obj</name>
      </input_file>
      <input_file id="fl-1e">
         <path>.\source\</path>
         <kind>object</kind>
         <file>ui_buttons.obj</file>
         <name>ui_buttons.obj</name>
      </input_file>
      <input_file id="fl-1f">
         <path>.\source\</path>
         <kind>object</kind>
         <file>ui_rpm_bar.obj</file>
         <name>ui_rpm_bar.obj</name>
      </input_file>
      <input_file id="fl-20">
         <path>.\source\</path>
         <kind>object</kind>
         <file>ui_touch.obj</file>
         <name>ui_touch.obj</name>
      </input_file>
      <input_file id="fl-24">
         <kind>object</kind>
         <file>&lt;internal&gt;</file>
         <name>&lt;internal&gt;</name>
      </input_file>
      <input_file id="fl-25">
         <path>C:\ti\ccs1281\ccs\tools\compiler\ti-cgt-arm_20.2.7.LTS\lib\</path>
         <kind>archive</kind>
         <file>rtsv7R4_T_be_v3D16_eabi.lib</file>
         <name>s_floor.c.obj</name>
      </input_file>
      <input_file id="fl-26">
         <path>C:\ti\ccs1281\ccs\tools\compiler\ti-cgt-arm_20.2.7.LTS\lib\</path>
         <kind>archive</kind>
         <file>rtsv7R4_T_be_v3D16_eabi.lib</file>
         <name>sprintf.c.obj</name>
      </input_file>
      <input_file id="fl-27">
         <path>C:\ti\ccs1281\ccs\tools\compiler\ti-cgt-arm_20.2.7.LTS\lib\</path>
         <kind>archive</kind>
         <file>rtsv7R4_T_be_v3D16_eabi.lib</file>
         <name>memcpy_t2.asm.obj</name>
      </input_file>
      <input_file id="fl-28">
         <path>C:\ti\ccs1281\ccs\tools\compiler\ti-cgt-arm_20.2.7.LTS\lib\</path>
         <kind>archive</kind>
         <file>rtsv7R4_T_be_v3D16_eabi.lib</file>
         <name>i_div32.asm.obj</name>
      </input_file>
      <input_file id="fl-29">
         <path>C:\ti\ccs1281\ccs\tools\compiler\ti-cgt-arm_20.2.7.LTS\lib\</path>
         <kind>archive</kind>
         <file>rtsv7R4_T_be_v3D16_eabi.lib</file>
         <name>autoinit.c.obj</name>
      </input_file>
      <input_file id="fl-2a">
         <path>C:\ti\ccs1281\ccs\tools\compiler\ti-cgt-arm_20.2.7.LTS\lib\</path>
         <kind>archive</kind>
         <file>rtsv7R4_T_be_v3D16_eabi.lib</file>
         <name>cpy_tbl.c.obj</name>
      </input_file>
      <input_file id="fl-2b">
         <path>C:\ti\ccs1281\ccs\tools\compiler\ti-cgt-arm_20.2.7.LTS\lib\</path>
         <kind>archive</kind>
         <file>rtsv7R4_T_be_v3D16_eabi.lib</file>
         <name>copy_zero_init.c.obj</name>
      </input_file>
      <input_file id="fl-2c">
         <path>C:\ti\ccs1281\ccs\tools\compiler\ti-cgt-arm_20.2.7.LTS\lib\</path>
         <kind>archive</kind>
         <file>rtsv7R4_T_be_v3D16_eabi.lib</file>
         <name>copy_decompress_none.c.obj</name>
      </input_file>
      <input_file id="fl-2d">
         <path>C:\ti\ccs1281\ccs\tools\compiler\ti-cgt-arm_20.2.7.LTS\lib\</path>
         <kind>archive</kind>
         <file>rtsv7R4_T_be_v3D16_eabi.lib</file>
         <name>copy_decompress_lzss.c.obj</name>
      </input_file>
      <input_file id="fl-2e">
         <path>C:\ti\ccs1281\ccs\tools\compiler\ti-cgt-arm_20.2.7.LTS\lib\</path>
         <kind>archive</kind>
         <file>rtsv7R4_T_be_v3D16_eabi.lib</file>
         <name>exit.c.obj</name>
      </input_file>
      <input_file id="fl-2f">
         <path>C:\ti\ccs1281\ccs\tools\compiler\ti-cgt-arm_20.2.7.LTS\lib\</path>
         <kind>archive</kind>
         <file>rtsv7R4_T_be_v3D16_eabi.lib</file>
         <name>_lock.c.obj</name>
      </input_file>
      <input_file id="fl-30">
         <path>C:\ti\ccs1281\ccs\tools\compiler\ti-cgt-arm_20.2.7.LTS\lib\</path>
         <kind>archive</kind>
         <file>rtsv7R4_T_be_v3D16_eabi.lib</file>
         <name>strlen.c.obj</name>
      </input_file>
      <input_file id="fl-31">
         <path>C:\ti\ccs1281\ccs\tools\compiler\ti-cgt-arm_20.2.7.LTS\lib\</path>
         <kind>archive</kind>
         <file>rtsv7R4_T_be_v3D16_eabi.lib</file>
         <name>strstr.c.obj</name>
      </input_file>
      <input_file id="fl-32">
         <path>C:\ti\ccs1281\ccs\tools\compiler\ti-cgt-arm_20.2.7.LTS\lib\</path>
         <kind>archive</kind>
         <file>rtsv7R4_T_be_v3D16_eabi.lib</file>
         <name>_printfi.c.obj</name>
      </input_file>
      <input_file id="fl-33">
         <path>C:\ti\ccs1281\ccs\tools\compiler\ti-cgt-arm_20.2.7.LTS\lib\</path>
         <kind>archive</kind>
         <file>rtsv7R4_T_be_v3D16_eabi.lib</file>
         <name>div0.asm.obj</name>
      </input_file>
      <input_file id="fl-34">
         <path>C:\ti\ccs1281\ccs\tools\compiler\ti-cgt-arm_20.2.7.LTS\lib\</path>
         <kind>archive</kind>
         <file>rtsv7R4_T_be_v3D16_eabi.lib</file>
         <name>memset_t2.asm.obj</name>
      </input_file>
      <input_file id="fl-35">
         <path>C:\ti\ccs1281\ccs\tools\compiler\ti-cgt-arm_20.2.7.LTS\lib\</path>
         <kind>archive</kind>
         <file>rtsv7R4_T_be_v3D16_eabi.lib</file>
         <name>ull_div32.asm.obj</name>
      </input_file>
      <input_file id="fl-36">
         <path>C:\ti\ccs1281\ccs\tools\compiler\ti-cgt-arm_20.2.7.LTS\lib\</path>
         <kind>archive</kind>
         <file>rtsv7R4_T_be_v3D16_eabi.lib</file>
         <name>_ltoa.c.obj</name>
      </input_file>
      <input_file id="fl-37">
         <path>C:\ti\ccs1281\ccs\tools\compiler\ti-cgt-arm_20.2.7.LTS\lib\</path>
         <kind>archive</kind>
         <file>rtsv7R4_T_be_v3D16_eabi.lib</file>
         <name>atoi.c.obj</name>
      </input_file>
      <input_file id="fl-38">
         <path>C:\ti\ccs1281\ccs\tools\compiler\ti-cgt-arm_20.2.7.LTS\lib\</path>
         <kind>archive</kind>
         <file>rtsv7R4_T_be_v3D16_eabi.lib</file>
         <name>ctype.c.obj</name>
      </input_file>
      <input_file id="fl-39">
         <path>C:\ti\ccs1281\ccs\tools\compiler\ti-cgt-arm_20.2.7.LTS\lib\</path>
         <kind>archive</kind>
         <file>rtsv7R4_T_be_v3D16_eabi.lib</file>
         <name>memccpy.c.obj</name>
      </input_file>
      <input_file id="fl-3a">
         <path>C:\ti\ccs1281\ccs\tools\compiler\ti-cgt-arm_20.2.7.LTS\lib\</path>
         <kind>archive</kind>
         <file>rtsv7R4_T_be_v3D16_eabi.lib</file>
         <name>strchr.c.obj</name>
      </input_file>
      <input_file id="fl-3b">
         <path>C:\ti\ccs1281\ccs\tools\compiler\ti-cgt-arm_20.2.7.LTS\lib\</path>
         <kind>archive</kind>
         <file>rtsv7R4_T_be_v3D16_eabi.lib</file>
         <name>errno.c.obj</name>
      </input_file>
      <input_file id="fl-3c">
         <path>C:\ti\ccs1281\ccs\tools\compiler\ti-cgt-arm_20.2.7.LTS\lib\</path>
         <kind>archive</kind>
         <file>rtsv7R4_T_be_v3D16_eabi.lib</file>
         <name>wcslen.c.obj</name>
      </input_file>
      <input_file id="fl-3d">
         <path>C:\ti\ccs1281\ccs\tools\compiler\ti-cgt-arm_20.2.7.LTS\lib\</path>
         <kind>archive</kind>
         <file>rtsv7R4_T_be_v3D16_eabi.lib</file>
         <name>s_frexp.c.obj</name>
      </input_file>
      <input_file id="fl-3e">
         <path>C:\ti\ccs1281\ccs\tools\compiler\ti-cgt-arm_20.2.7.LTS\lib\</path>
         <kind>archive</kind>
         <file>rtsv7R4_T_be_v3D16_eabi.lib</file>
         <name>s_scalbn.c.obj</name>
      </input_file>
      <input_file id="fl-3f">
         <path>C:\ti\ccs1281\ccs\tools\compiler\ti-cgt-arm_20.2.7.LTS\lib\</path>
         <kind>archive</kind>
         <file>rtsv7R4_T_be_v3D16_eabi.lib</file>
         <name>s_copysign.c.obj</name>
      </input_file>
   </input_file_list>
   <object_component_list>
      <object_component id="oc-37">
         <name>.intvecs</name>
         <load_address>0x0</load_address>
         <run_address>0x0</run_address>
         <size>0x20</size>
         <input_file_ref idref="fl-13"/>
      </object_component>
      <object_component id="oc-89">
         <name>.text</name>
         <load_address>0x20</load_address>
         <run_address>0x20</run_address>
         <size>0x2cdc</size>
         <input_file_ref idref="fl-1a"/>
      </object_component>
      <object_component id="oc-23c">
         <name>.text</name>
         <load_address>0x2cfc</load_address>
         <run_address>0x2cfc</run_address>
         <size>0x2240</size>
         <input_file_ref idref="fl-3"/>
      </object_component>
      <object_component id="oc-14c">
         <name>.text</name>
         <load_address>0x4f3c</load_address>
         <run_address>0x4f3c</run_address>
         <size>0x12fc</size>
         <input_file_ref idref="fl-7"/>
      </object_component>
      <object_component id="oc-433">
         <name>.text</name>
         <load_address>0x6238</load_address>
         <run_address>0x6238</run_address>
         <size>0xbd8</size>
         <input_file_ref idref="fl-10"/>
      </object_component>
      <object_component id="oc-83">
         <name>.text</name>
         <load_address>0x6e10</load_address>
         <run_address>0x6e10</run_address>
         <size>0xb64</size>
         <input_file_ref idref="fl-1d"/>
      </object_component>
      <object_component id="oc-48">
         <name>.text</name>
         <load_address>0x7974</load_address>
         <run_address>0x7974</run_address>
         <size>0xa54</size>
         <input_file_ref idref="fl-1c"/>
      </object_component>
      <object_component id="oc-388">
         <name>.text:__TI_printfi</name>
         <load_address>0x83c8</load_address>
         <run_address>0x83c8</run_address>
         <size>0xa4e</size>
         <input_file_ref idref="fl-32"/>
      </object_component>
      <object_component id="oc-303">
         <name>.text</name>
         <load_address>0x8e16</load_address>
         <run_address>0x8e16</run_address>
         <size>0x2</size>
         <input_file_ref idref="fl-33"/>
      </object_component>
      <object_component id="oc-f3">
         <name>.text</name>
         <load_address>0x8e18</load_address>
         <run_address>0x8e18</run_address>
         <size>0x8b8</size>
         <input_file_ref idref="fl-d"/>
      </object_component>
      <object_component id="oc-139">
         <name>.text</name>
         <load_address>0x96d0</load_address>
         <run_address>0x96d0</run_address>
         <size>0x7d0</size>
         <input_file_ref idref="fl-2"/>
      </object_component>
      <object_component id="oc-146">
         <name>.text</name>
         <load_address>0x9ea0</load_address>
         <run_address>0x9ea0</run_address>
         <size>0x6bc</size>
         <input_file_ref idref="fl-20"/>
      </object_component>
      <object_component id="oc-77">
         <name>.text</name>
         <load_address>0xa55c</load_address>
         <run_address>0xa55c</run_address>
         <size>0x664</size>
         <input_file_ref idref="fl-8"/>
      </object_component>
      <object_component id="oc-8f">
         <name>.text</name>
         <load_address>0xabc0</load_address>
         <run_address>0xabc0</run_address>
         <size>0x5bc</size>
         <input_file_ref idref="fl-9"/>
      </object_component>
      <object_component id="oc-96">
         <name>.text</name>
         <load_address>0xb17c</load_address>
         <run_address>0xb17c</run_address>
         <size>0x59c</size>
         <input_file_ref idref="fl-14"/>
      </object_component>
      <object_component id="oc-3d4">
         <name>.text</name>
         <load_address>0xb718</load_address>
         <run_address>0xb718</run_address>
         <size>0x498</size>
         <input_file_ref idref="fl-5"/>
      </object_component>
      <object_component id="oc-42d">
         <name>.text</name>
         <load_address>0xbbb0</load_address>
         <run_address>0xbbb0</run_address>
         <size>0x484</size>
         <input_file_ref idref="fl-a"/>
      </object_component>
      <object_component id="oc-362">
         <name>.text</name>
         <load_address>0xc034</load_address>
         <run_address>0xc034</run_address>
         <size>0x3c0</size>
         <input_file_ref idref="fl-4"/>
      </object_component>
      <object_component id="oc-72">
         <name>.text</name>
         <load_address>0xc3f4</load_address>
         <run_address>0xc3f4</run_address>
         <size>0x34c</size>
         <input_file_ref idref="fl-11"/>
      </object_component>
      <object_component id="oc-43">
         <name>.text:retain</name>
         <load_address>0xc740</load_address>
         <run_address>0xc740</run_address>
         <size>0x2cc</size>
         <input_file_ref idref="fl-1c"/>
      </object_component>
      <object_component id="oc-44f">
         <name>.text</name>
         <load_address>0xca0c</load_address>
         <run_address>0xca0c</run_address>
         <size>0x2b4</size>
         <input_file_ref idref="fl-35"/>
      </object_component>
      <object_component id="oc-31">
         <name>.text:retain</name>
         <load_address>0xccc0</load_address>
         <run_address>0xccc0</run_address>
         <size>0x2b0</size>
         <input_file_ref idref="fl-10"/>
      </object_component>
      <object_component id="oc-1c">
         <name>.text:retain</name>
         <load_address>0xcf70</load_address>
         <run_address>0xcf70</run_address>
         <size>0x288</size>
         <input_file_ref idref="fl-1b"/>
      </object_component>
      <object_component id="oc-2da">
         <name>.text</name>
         <load_address>0xd1f8</load_address>
         <run_address>0xd1f8</run_address>
         <size>0x250</size>
         <input_file_ref idref="fl-1e"/>
      </object_component>
      <object_component id="oc-3fe">
         <name>.text:_pconv_a</name>
         <load_address>0xd448</load_address>
         <run_address>0xd448</run_address>
         <size>0x248</size>
         <input_file_ref idref="fl-32"/>
      </object_component>
      <object_component id="oc-2d4">
         <name>.text</name>
         <load_address>0xd690</load_address>
         <run_address>0xd690</run_address>
         <size>0x1d0</size>
         <input_file_ref idref="fl-1f"/>
      </object_component>
      <object_component id="oc-3ec">
         <name>.text:_pconv_g</name>
         <load_address>0xd860</load_address>
         <run_address>0xd860</run_address>
         <size>0x1a0</size>
         <input_file_ref idref="fl-32"/>
      </object_component>
      <object_component id="oc-2b">
         <name>.text:retain</name>
         <load_address>0xda00</load_address>
         <run_address>0xda00</run_address>
         <size>0x124</size>
         <input_file_ref idref="fl-e"/>
      </object_component>
      <object_component id="oc-22">
         <name>.text:retain</name>
         <load_address>0xdb24</load_address>
         <run_address>0xdb24</run_address>
         <size>0x114</size>
         <input_file_ref idref="fl-9"/>
      </object_component>
      <object_component id="oc-3f8">
         <name>.text:_pconv_e</name>
         <load_address>0xdc38</load_address>
         <run_address>0xdc38</run_address>
         <size>0x104</size>
         <input_file_ref idref="fl-32"/>
      </object_component>
      <object_component id="oc-468">
         <name>.text:fcvt</name>
         <load_address>0xdd3c</load_address>
         <run_address>0xdd3c</run_address>
         <size>0xfc</size>
         <input_file_ref idref="fl-32"/>
      </object_component>
      <object_component id="oc-47c">
         <name>.text:scalbn</name>
         <load_address>0xde38</load_address>
         <run_address>0xde38</run_address>
         <size>0xf0</size>
         <input_file_ref idref="fl-3e"/>
      </object_component>
      <object_component id="oc-b8">
         <name>.text</name>
         <load_address>0xdf28</load_address>
         <run_address>0xdf28</run_address>
         <size>0xe8</size>
         <input_file_ref idref="fl-6"/>
      </object_component>
      <object_component id="oc-fb">
         <name>.text</name>
         <load_address>0xe010</load_address>
         <run_address>0xe010</run_address>
         <size>0xe0</size>
         <input_file_ref idref="fl-19"/>
      </object_component>
      <object_component id="oc-9e">
         <name>.text</name>
         <load_address>0xe0f0</load_address>
         <run_address>0xe0f0</run_address>
         <size>0xc8</size>
         <input_file_ref idref="fl-b"/>
      </object_component>
      <object_component id="oc-3e6">
         <name>.text:_ltostr</name>
         <load_address>0xe1b8</load_address>
         <run_address>0xe1b8</run_address>
         <size>0xad</size>
         <input_file_ref idref="fl-32"/>
      </object_component>
      <object_component id="oc-5a">
         <name>.text</name>
         <load_address>0xe266</load_address>
         <run_address>0xe266</run_address>
         <size>0x9c</size>
         <input_file_ref idref="fl-27"/>
      </object_component>
      <object_component id="oc-461">
         <name>.text:_mcpy</name>
         <load_address>0xe302</load_address>
         <run_address>0xe302</run_address>
         <size>0x7a</size>
         <input_file_ref idref="fl-32"/>
      </object_component>
      <object_component id="oc-e5">
         <name>.text</name>
         <load_address>0xe37c</load_address>
         <run_address>0xe37c</run_address>
         <size>0x7a</size>
         <input_file_ref idref="fl-34"/>
      </object_component>
      <object_component id="oc-476">
         <name>.text:frexp</name>
         <load_address>0xe3f8</load_address>
         <run_address>0xe3f8</run_address>
         <size>0x74</size>
         <input_file_ref idref="fl-3d"/>
      </object_component>
      <object_component id="oc-f">
         <name>.text:decompress:lzss:__TI_decompress_lzss</name>
         <load_address>0xe46c</load_address>
         <run_address>0xe46c</run_address>
         <size>0x6c</size>
         <input_file_ref idref="fl-2d"/>
      </object_component>
      <object_component id="oc-2e7">
         <name>.text:_ZN14Bridgetek_EVE210CMD_BUTTONEssssstPKcz</name>
         <load_address>0xe4d8</load_address>
         <run_address>0xe4d8</run_address>
         <size>0x68</size>
         <input_file_ref idref="fl-7"/>
      </object_component>
      <object_component id="oc-10f">
         <name>.text:__TI_auto_init_nobinit:__TI_auto_init_nobinit</name>
         <load_address>0xe540</load_address>
         <run_address>0xe540</run_address>
         <size>0x60</size>
         <input_file_ref idref="fl-29"/>
      </object_component>
      <object_component id="oc-27a">
         <name>.text:_ZN14Bridgetek_EVE28CMD_TEXTEssstPKcz</name>
         <load_address>0xe5a0</load_address>
         <run_address>0xe5a0</run_address>
         <size>0x58</size>
         <input_file_ref idref="fl-7"/>
      </object_component>
      <object_component id="oc-455">
         <name>.text:__TI_ltoa</name>
         <load_address>0xe5f8</load_address>
         <run_address>0xe5f8</run_address>
         <size>0x54</size>
         <input_file_ref idref="fl-36"/>
      </object_component>
      <object_component id="oc-45b">
         <name>.text:_ecpy</name>
         <load_address>0xe64c</load_address>
         <run_address>0xe64c</run_address>
         <size>0x54</size>
         <input_file_ref idref="fl-32"/>
      </object_component>
      <object_component id="oc-152">
         <name>.text</name>
         <load_address>0xe6a0</load_address>
         <run_address>0xe6a0</run_address>
         <size>0x54</size>
         <input_file_ref idref="fl-28"/>
      </object_component>
      <object_component id="oc-3f2">
         <name>.text:_pconv_f</name>
         <load_address>0xe6f4</load_address>
         <run_address>0xe6f4</run_address>
         <size>0x50</size>
         <input_file_ref idref="fl-32"/>
      </object_component>
      <object_component id="oc-3e0">
         <name>.text:atoi</name>
         <load_address>0xe744</load_address>
         <run_address>0xe744</run_address>
         <size>0x50</size>
         <input_file_ref idref="fl-37"/>
      </object_component>
      <object_component id="oc-2cd">
         <name>.text:_ZN14Bridgetek_EVE212CMD_PROGRESSEssssttt</name>
         <load_address>0xe794</load_address>
         <run_address>0xe794</run_address>
         <size>0x4c</size>
         <input_file_ref idref="fl-7"/>
      </object_component>
      <object_component id="oc-46e">
         <name>.text:_fcpy</name>
         <load_address>0xe7e0</load_address>
         <run_address>0xe7e0</run_address>
         <size>0x40</size>
         <input_file_ref idref="fl-32"/>
      </object_component>
      <object_component id="oc-2c0">
         <name>.text:sprintf</name>
         <load_address>0xe820</load_address>
         <run_address>0xe820</run_address>
         <size>0x40</size>
         <input_file_ref idref="fl-26"/>
      </object_component>
      <object_component id="oc-2c6">
         <name>.text:_ZN14Bridgetek_EVE210CMD_NUMBEREsssti</name>
         <load_address>0xe860</load_address>
         <run_address>0xe860</run_address>
         <size>0x3c</size>
         <input_file_ref idref="fl-7"/>
      </object_component>
      <object_component id="oc-36e">
         <name>.text:strstr</name>
         <load_address>0xe89c</load_address>
         <run_address>0xe89c</run_address>
         <size>0x38</size>
         <input_file_ref idref="fl-31"/>
      </object_component>
      <object_component id="oc-265">
         <name>.text:_ZN14Bridgetek_EVE215CLEAR_COLOR_RGBEhhh</name>
         <load_address>0xe8d4</load_address>
         <run_address>0xe8d4</run_address>
         <size>0x28</size>
         <input_file_ref idref="fl-7"/>
      </object_component>
      <object_component id="oc-26c">
         <name>.text:_ZN14Bridgetek_EVE25CLEAREhhh</name>
         <load_address>0xe8fc</load_address>
         <run_address>0xe8fc</run_address>
         <size>0x28</size>
         <input_file_ref idref="fl-7"/>
      </object_component>
      <object_component id="oc-273">
         <name>.text:_ZN14Bridgetek_EVE29COLOR_RGBEhhh</name>
         <load_address>0xe924</load_address>
         <run_address>0xe924</run_address>
         <size>0x28</size>
         <input_file_ref idref="fl-7"/>
      </object_component>
      <object_component id="oc-404">
         <name>.text:memccpy</name>
         <load_address>0xe94c</load_address>
         <run_address>0xe94c</run_address>
         <size>0x26</size>
         <input_file_ref idref="fl-39"/>
      </object_component>
      <object_component id="oc-250">
         <name>.text:_ZN14Bridgetek_EVE213LIB_MemWrite8Ejh</name>
         <load_address>0xe974</load_address>
         <run_address>0xe974</run_address>
         <size>0x20</size>
         <input_file_ref idref="fl-20"/>
      </object_component>
      <object_component id="oc-29d">
         <name>.text:_ZN14Bridgetek_EVE214LIB_MemWrite32Ejj</name>
         <load_address>0xe994</load_address>
         <run_address>0xe994</run_address>
         <size>0x20</size>
         <input_file_ref idref="fl-20"/>
      </object_component>
      <object_component id="oc-2b2">
         <name>.text:_ZN14Bridgetek_EVE28VERTEX2FEss</name>
         <load_address>0xe9b4</load_address>
         <run_address>0xe9b4</run_address>
         <size>0x20</size>
         <input_file_ref idref="fl-7"/>
      </object_component>
      <object_component id="oc-4d5">
         <name>.text:copysign</name>
         <load_address>0xe9d4</load_address>
         <run_address>0xe9d4</run_address>
         <size>0x1e</size>
         <input_file_ref idref="fl-3f"/>
      </object_component>
      <object_component id="oc-66">
         <name>.text:decompress:ZI:__TI_zero_init_nomemset:__TI_zero_init_nomemset</name>
         <load_address>0xe9f2</load_address>
         <run_address>0xe9f2</run_address>
         <size>0x1c</size>
         <input_file_ref idref="fl-2b"/>
      </object_component>
      <object_component id="oc-38e">
         <name>.text:_outs</name>
         <load_address>0xea0e</load_address>
         <run_address>0xea0e</run_address>
         <size>0x1a</size>
         <input_file_ref idref="fl-26"/>
      </object_component>
      <object_component id="oc-249">
         <name>.text:_ZN14Bridgetek_EVE212LIB_MemRead8Ej</name>
         <load_address>0xea28</load_address>
         <run_address>0xea28</run_address>
         <size>0x18</size>
         <input_file_ref idref="fl-20"/>
      </object_component>
      <object_component id="oc-281">
         <name>.text:_ZN14Bridgetek_EVE213CMD_CALIBRATEEj</name>
         <load_address>0xea40</load_address>
         <run_address>0xea40</run_address>
         <size>0x18</size>
         <input_file_ref idref="fl-20"/>
      </object_component>
      <object_component id="oc-242">
         <name>.text:_ZN14Bridgetek_EVE213LIB_MemRead16Ej</name>
         <load_address>0xea58</load_address>
         <run_address>0xea58</run_address>
         <size>0x18</size>
         <input_file_ref idref="fl-20"/>
      </object_component>
      <object_component id="oc-296">
         <name>.text:_ZN14Bridgetek_EVE213LIB_MemRead32Ej</name>
         <load_address>0xea70</load_address>
         <run_address>0xea70</run_address>
         <size>0x18</size>
         <input_file_ref idref="fl-20"/>
      </object_component>
      <object_component id="oc-2e0">
         <name>.text:_ZN14Bridgetek_EVE23TAGEh</name>
         <load_address>0xea88</load_address>
         <run_address>0xea88</run_address>
         <size>0x18</size>
         <input_file_ref idref="fl-7"/>
      </object_component>
      <object_component id="oc-2ab">
         <name>.text:_ZN14Bridgetek_EVE25BEGINEh</name>
         <load_address>0xeaa0</load_address>
         <run_address>0xeaa0</run_address>
         <size>0x18</size>
         <input_file_ref idref="fl-7"/>
      </object_component>
      <object_component id="oc-482">
         <name>.text:strchr</name>
         <load_address>0xeab8</load_address>
         <run_address>0xeab8</run_address>
         <size>0x16</size>
         <input_file_ref idref="fl-3a"/>
      </object_component>
      <object_component id="oc-368">
         <name>.text:strlen</name>
         <load_address>0xeace</load_address>
         <run_address>0xeace</run_address>
         <size>0x16</size>
         <input_file_ref idref="fl-30"/>
      </object_component>
      <object_component id="oc-40a">
         <name>.text:wcslen</name>
         <load_address>0xeae4</load_address>
         <run_address>0xeae4</run_address>
         <size>0x12</size>
         <input_file_ref idref="fl-3c"/>
      </object_component>
      <object_component id="oc-25e">
         <name>.text:_ZN14Bridgetek_EVE211CMD_DLSTARTEv</name>
         <load_address>0xeaf8</load_address>
         <run_address>0xeaf8</run_address>
         <size>0x10</size>
         <input_file_ref idref="fl-7"/>
      </object_component>
      <object_component id="oc-288">
         <name>.text:_ZN14Bridgetek_EVE216LIB_EndCoProListEv</name>
         <load_address>0xeb08</load_address>
         <run_address>0xeb08</run_address>
         <size>0x10</size>
         <input_file_ref idref="fl-7"/>
      </object_component>
      <object_component id="oc-257">
         <name>.text:_ZN14Bridgetek_EVE218LIB_BeginCoProListEv</name>
         <load_address>0xeb18</load_address>
         <run_address>0xeb18</run_address>
         <size>0x10</size>
         <input_file_ref idref="fl-7"/>
      </object_component>
      <object_component id="oc-28f">
         <name>.text:_ZN14Bridgetek_EVE219LIB_AwaitCoProEmptyEv</name>
         <load_address>0xeb28</load_address>
         <run_address>0xeb28</run_address>
         <size>0x10</size>
         <input_file_ref idref="fl-20"/>
      </object_component>
      <object_component id="oc-2b9">
         <name>.text:_ZN14Bridgetek_EVE23ENDEv</name>
         <load_address>0xeb38</load_address>
         <run_address>0xeb38</run_address>
         <size>0x10</size>
         <input_file_ref idref="fl-7"/>
      </object_component>
      <object_component id="oc-13f">
         <name>.text:_ZN14Bridgetek_EVE24InitEv</name>
         <load_address>0xeb48</load_address>
         <run_address>0xeb48</run_address>
         <size>0x10</size>
         <input_file_ref idref="fl-14"/>
      </object_component>
      <object_component id="oc-2ee">
         <name>.text:_ZN14Bridgetek_EVE27DISPLAYEv</name>
         <load_address>0xeb58</load_address>
         <run_address>0xeb58</run_address>
         <size>0x10</size>
         <input_file_ref idref="fl-7"/>
      </object_component>
      <object_component id="oc-2f5">
         <name>.text:_ZN14Bridgetek_EVE28CMD_SWAPEv</name>
         <load_address>0xeb68</load_address>
         <run_address>0xeb68</run_address>
         <size>0x10</size>
         <input_file_ref idref="fl-7"/>
      </object_component>
      <object_component id="oc-15">
         <name>.text:decompress:none:__TI_decompress_none</name>
         <load_address>0xeb78</load_address>
         <run_address>0xeb78</run_address>
         <size>0xe</size>
         <input_file_ref idref="fl-2c"/>
      </object_component>
      <object_component id="oc-394">
         <name>.text:_outc</name>
         <load_address>0xeb86</load_address>
         <run_address>0xeb86</run_address>
         <size>0xa</size>
         <input_file_ref idref="fl-26"/>
      </object_component>
      <object_component id="oc-410">
         <name>.text:__aeabi_errno_addr</name>
         <load_address>0xeb90</load_address>
         <run_address>0xeb90</run_address>
         <size>0x8</size>
         <input_file_ref idref="fl-3b"/>
      </object_component>
      <object_component id="oc-160">
         <name>.text:abort:abort</name>
         <load_address>0xeb98</load_address>
         <run_address>0xeb98</run_address>
         <size>0x4</size>
         <input_file_ref idref="fl-2e"/>
      </object_component>
      <object_component id="oc-3d">
         <name>.text:retain</name>
         <load_address>0xeb9c</load_address>
         <run_address>0xeb9c</run_address>
         <size>0x4</size>
         <input_file_ref idref="fl-17"/>
      </object_component>
      <object_component id="oc-7d">
         <name>.text</name>
         <load_address>0xeba0</load_address>
         <run_address>0xeba0</run_address>
         <size>0x4</size>
         <input_file_ref idref="fl-1b"/>
      </object_component>
      <object_component id="oc-28">
         <name>.const:s_vim_init</name>
         <load_address>0xeba4</load_address>
         <run_address>0xeba4</run_address>
         <size>0x200</size>
         <input_file_ref idref="fl-1c"/>
      </object_component>
      <object_component id="oc-44a">
         <name>.const:.string:_ctypes_</name>
         <load_address>0xeda4</load_address>
         <run_address>0xeda4</run_address>
         <size>0x101</size>
         <input_file_ref idref="fl-38"/>
      </object_component>
      <object_component id="oc-21a">
         <name>.const:.string:$P$T0$1</name>
         <load_address>0xeea5</load_address>
         <run_address>0xeea5</run_address>
         <size>0x23</size>
         <input_file_ref idref="fl-2"/>
      </object_component>
      <object_component id="oc-21b">
         <name>.const:.string:$P$T1$2</name>
         <load_address>0xeec8</load_address>
         <run_address>0xeec8</run_address>
         <size>0x23</size>
         <input_file_ref idref="fl-2"/>
      </object_component>
      <object_component id="oc-21c">
         <name>.const:.string:$P$T2$3</name>
         <load_address>0xeeeb</load_address>
         <run_address>0xeeeb</run_address>
         <size>0x23</size>
         <input_file_ref idref="fl-2"/>
      </object_component>
      <object_component id="oc-527">
         <name>__TI_handler_table</name>
         <load_address>0xef18</load_address>
         <run_address>0xef18</run_address>
         <size>0xc</size>
      </object_component>
      <object_component id="oc-52a">
         <name>.cinit..data.load</name>
         <load_address>0xef24</load_address>
         <run_address>0xef24</run_address>
         <size>0xb</size>
      </object_component>
      <object_component id="oc-529">
         <name>.cinit..bss.load</name>
         <load_address>0xef30</load_address>
         <run_address>0xef30</run_address>
         <size>0x8</size>
      </object_component>
      <object_component id="oc-528">
         <name>__TI_cinit_table</name>
         <load_address>0xef38</load_address>
         <run_address>0xef38</run_address>
         <size>0x10</size>
      </object_component>
      <object_component id="oc-ae">
         <name>.bss:g_spiPacket_t</name>
         <uninitialized>true</uninitialized>
         <run_address>0x8001500</run_address>
         <size>0x78</size>
         <input_file_ref idref="fl-10"/>
      </object_component>
      <object_component id="oc-157">
         <name>.bss:eve</name>
         <uninitialized>true</uninitialized>
         <run_address>0x8001578</run_address>
         <size>0x69</size>
         <input_file_ref idref="fl-14"/>
      </object_component>
      <object_component id="oc-21d">
         <name>.common:EVE_DISP_WIDTH</name>
         <uninitialized>true</uninitialized>
         <run_address>0x800166c</run_address>
         <size>0x4</size>
      </object_component>
      <object_component id="oc-221">
         <name>.common:EVE_DISP_HEIGHT</name>
         <uninitialized>true</uninitialized>
         <run_address>0x800163c</run_address>
         <size>0x4</size>
      </object_component>
      <object_component id="oc-222">
         <name>.common:EVE_DISP_HCYCLE</name>
         <uninitialized>true</uninitialized>
         <run_address>0x8001638</run_address>
         <size>0x4</size>
      </object_component>
      <object_component id="oc-223">
         <name>.common:EVE_DISP_VCYCLE</name>
         <uninitialized>true</uninitialized>
         <run_address>0x800165c</run_address>
         <size>0x4</size>
      </object_component>
      <object_component id="oc-224">
         <name>.common:EVE_DISP_HOFFSET</name>
         <uninitialized>true</uninitialized>
         <run_address>0x8001640</run_address>
         <size>0x4</size>
      </object_component>
      <object_component id="oc-225">
         <name>.common:EVE_DISP_VOFFSET</name>
         <uninitialized>true</uninitialized>
         <run_address>0x8001660</run_address>
         <size>0x4</size>
      </object_component>
      <object_component id="oc-226">
         <name>.common:EVE_DISP_HSYNC0</name>
         <uninitialized>true</uninitialized>
         <run_address>0x8001644</run_address>
         <size>0x4</size>
      </object_component>
      <object_component id="oc-227">
         <name>.common:EVE_DISP_HSYNC1</name>
         <uninitialized>true</uninitialized>
         <run_address>0x8001648</run_address>
         <size>0x4</size>
      </object_component>
      <object_component id="oc-228">
         <name>.common:EVE_DISP_VSYNC0</name>
         <uninitialized>true</uninitialized>
         <run_address>0x8001664</run_address>
         <size>0x4</size>
      </object_component>
      <object_component id="oc-229">
         <name>.common:EVE_DISP_VSYNC1</name>
         <uninitialized>true</uninitialized>
         <run_address>0x8001668</run_address>
         <size>0x4</size>
      </object_component>
      <object_component id="oc-22a">
         <name>.common:EVE_DISP_PCLKPOL</name>
         <uninitialized>true</uninitialized>
         <run_address>0x8001650</run_address>
         <size>0x4</size>
      </object_component>
      <object_component id="oc-22b">
         <name>.common:EVE_DISP_SWIZZLE</name>
         <uninitialized>true</uninitialized>
         <run_address>0x8001658</run_address>
         <size>0x4</size>
      </object_component>
      <object_component id="oc-22c">
         <name>.common:EVE_DISP_CSPREAD</name>
         <uninitialized>true</uninitialized>
         <run_address>0x8001630</run_address>
         <size>0x4</size>
      </object_component>
      <object_component id="oc-22d">
         <name>.common:EVE_DISP_DITHER</name>
         <uninitialized>true</uninitialized>
         <run_address>0x8001634</run_address>
         <size>0x4</size>
      </object_component>
      <object_component id="oc-22e">
         <name>.common:EVE_DISP_PCLK</name>
         <uninitialized>true</uninitialized>
         <run_address>0x800164c</run_address>
         <size>0x4</size>
      </object_component>
      <object_component id="oc-22f">
         <name>.common:EVE_DISP_PCLK_FREQ</name>
         <uninitialized>true</uninitialized>
         <run_address>0x8001654</run_address>
         <size>0x4</size>
      </object_component>
      <object_component id="oc-230">
         <name>.common:EVE_TOUCH_ADDR</name>
         <uninitialized>true</uninitialized>
         <run_address>0x8001670</run_address>
         <size>0x4</size>
      </object_component>
      <object_component id="oc-15a">
         <name>.common:data</name>
         <uninitialized>true</uninitialized>
         <run_address>0x80015e4</run_address>
         <size>0x4c</size>
      </object_component>
      <object_component id="oc-439">
         <name>.data:dataconfig</name>
         <load_address>0x800167a</load_address>
         <run_address>0x800167a</run_address>
         <size>0x4</size>
         <input_file_ref idref="fl-5"/>
      </object_component>
      <object_component id="oc-2a5">
         <name>.data</name>
         <load_address>0x800167e</load_address>
         <run_address>0x800167e</run_address>
         <size>0x1</size>
         <input_file_ref idref="fl-c"/>
      </object_component>
      <object_component id="oc-15e">
         <name>.data</name>
         <load_address>0x8001684</load_address>
         <run_address>0x8001684</run_address>
         <size>0x4</size>
         <input_file_ref idref="fl-14"/>
      </object_component>
      <object_component id="oc-2a4">
         <name>.data</name>
         <load_address>0x8001674</load_address>
         <run_address>0x8001674</run_address>
         <size>0x6</size>
         <input_file_ref idref="fl-20"/>
      </object_component>
      <object_component id="oc-492">
         <name>.data</name>
         <load_address>0x8001680</load_address>
         <run_address>0x8001680</run_address>
         <size>0x4</size>
         <input_file_ref idref="fl-3b"/>
      </object_component>
      <object_component id="oc-21e">
         <name>.debug_info</name>
         <load_address>0x0</load_address>
         <run_address>0x0</run_address>
         <size>0xc1e</size>
         <input_file_ref idref="fl-2"/>
      </object_component>
      <object_component id="oc-13c">
         <name>.debug_info</name>
         <load_address>0xc1e</load_address>
         <run_address>0xc1e</run_address>
         <size>0x51f</size>
         <input_file_ref idref="fl-2"/>
      </object_component>
      <object_component id="oc-232">
         <name>.debug_info</name>
         <load_address>0x113d</load_address>
         <run_address>0x113d</run_address>
         <size>0x18b9</size>
         <input_file_ref idref="fl-2"/>
      </object_component>
      <object_component id="oc-30d">
         <name>.debug_info</name>
         <load_address>0x29f6</load_address>
         <run_address>0x29f6</run_address>
         <size>0xe9</size>
         <input_file_ref idref="fl-2"/>
      </object_component>
      <object_component id="oc-55">
         <name>.debug_info</name>
         <load_address>0x2adf</load_address>
         <run_address>0x2adf</run_address>
         <size>0x84</size>
         <input_file_ref idref="fl-2"/>
      </object_component>
      <object_component id="oc-317">
         <name>.debug_info</name>
         <load_address>0x2b63</load_address>
         <run_address>0x2b63</run_address>
         <size>0x2d6</size>
         <input_file_ref idref="fl-2"/>
      </object_component>
      <object_component id="oc-237">
         <name>.debug_info</name>
         <load_address>0x2e39</load_address>
         <run_address>0x2e39</run_address>
         <size>0xbb</size>
         <input_file_ref idref="fl-2"/>
      </object_component>
      <object_component id="oc-312">
         <name>.debug_info</name>
         <load_address>0x2ef4</load_address>
         <run_address>0x2ef4</run_address>
         <size>0x2a1</size>
         <input_file_ref idref="fl-2"/>
      </object_component>
      <object_component id="oc-37a">
         <name>.debug_info</name>
         <load_address>0x3195</load_address>
         <run_address>0x3195</run_address>
         <size>0x2c</size>
         <input_file_ref idref="fl-2"/>
      </object_component>
      <object_component id="oc-341">
         <name>.debug_info</name>
         <load_address>0x31c1</load_address>
         <run_address>0x31c1</run_address>
         <size>0x89b</size>
         <input_file_ref idref="fl-3"/>
      </object_component>
      <object_component id="oc-23e">
         <name>.debug_info</name>
         <load_address>0x3a5c</load_address>
         <run_address>0x3a5c</run_address>
         <size>0x8760</size>
         <input_file_ref idref="fl-3"/>
      </object_component>
      <object_component id="oc-17a">
         <name>.debug_info</name>
         <load_address>0xc1bc</load_address>
         <run_address>0xc1bc</run_address>
         <size>0x26b</size>
         <input_file_ref idref="fl-3"/>
      </object_component>
      <object_component id="oc-33c">
         <name>.debug_info</name>
         <load_address>0xc427</load_address>
         <run_address>0xc427</run_address>
         <size>0x2a4</size>
         <input_file_ref idref="fl-3"/>
      </object_component>
      <object_component id="oc-173">
         <name>.debug_info</name>
         <load_address>0xc6cb</load_address>
         <run_address>0xc6cb</run_address>
         <size>0xbb</size>
         <input_file_ref idref="fl-3"/>
      </object_component>
      <object_component id="oc-1b8">
         <name>.debug_info</name>
         <load_address>0xc786</load_address>
         <run_address>0xc786</run_address>
         <size>0x2c</size>
         <input_file_ref idref="fl-3"/>
      </object_component>
      <object_component id="oc-375">
         <name>.debug_info</name>
         <load_address>0xc7b2</load_address>
         <run_address>0xc7b2</run_address>
         <size>0x2c</size>
         <input_file_ref idref="fl-3"/>
      </object_component>
      <object_component id="oc-1d4">
         <name>.debug_info</name>
         <load_address>0xc7de</load_address>
         <run_address>0xc7de</run_address>
         <size>0x35</size>
         <input_file_ref idref="fl-3"/>
      </object_component>
      <object_component id="oc-3db">
         <name>.debug_info</name>
         <load_address>0xc813</load_address>
         <run_address>0xc813</run_address>
         <size>0x5db</size>
         <input_file_ref idref="fl-4"/>
      </object_component>
      <object_component id="oc-365">
         <name>.debug_info</name>
         <load_address>0xcdee</load_address>
         <run_address>0xcdee</run_address>
         <size>0x15e8</size>
         <input_file_ref idref="fl-4"/>
      </object_component>
      <object_component id="oc-442">
         <name>.debug_info</name>
         <load_address>0xe3d6</load_address>
         <run_address>0xe3d6</run_address>
         <size>0x5d0</size>
         <input_file_ref idref="fl-5"/>
      </object_component>
      <object_component id="oc-43a">
         <name>.debug_info</name>
         <load_address>0xe9a6</load_address>
         <run_address>0xe9a6</run_address>
         <size>0xeb</size>
         <input_file_ref idref="fl-5"/>
      </object_component>
      <object_component id="oc-3d5">
         <name>.debug_info</name>
         <load_address>0xea91</load_address>
         <run_address>0xea91</run_address>
         <size>0x154a</size>
         <input_file_ref idref="fl-5"/>
      </object_component>
      <object_component id="oc-4ac">
         <name>.debug_info</name>
         <load_address>0xffdb</load_address>
         <run_address>0xffdb</run_address>
         <size>0x3d9</size>
         <input_file_ref idref="fl-5"/>
      </object_component>
      <object_component id="oc-43d">
         <name>.debug_info</name>
         <load_address>0x103b4</load_address>
         <run_address>0x103b4</run_address>
         <size>0x18d</size>
         <input_file_ref idref="fl-5"/>
      </object_component>
      <object_component id="oc-c6">
         <name>.debug_info</name>
         <load_address>0x10541</load_address>
         <run_address>0x10541</run_address>
         <size>0x8b</size>
         <input_file_ref idref="fl-5"/>
      </object_component>
      <object_component id="oc-4b3">
         <name>.debug_info</name>
         <load_address>0x105cc</load_address>
         <run_address>0x105cc</run_address>
         <size>0x25d</size>
         <input_file_ref idref="fl-5"/>
      </object_component>
      <object_component id="oc-4b8">
         <name>.debug_info</name>
         <load_address>0x10829</load_address>
         <run_address>0x10829</run_address>
         <size>0x15c</size>
         <input_file_ref idref="fl-5"/>
      </object_component>
      <object_component id="oc-4bd">
         <name>.debug_info</name>
         <load_address>0x10985</load_address>
         <run_address>0x10985</run_address>
         <size>0x29e</size>
         <input_file_ref idref="fl-5"/>
      </object_component>
      <object_component id="oc-b9">
         <name>.debug_info</name>
         <load_address>0x10c23</load_address>
         <run_address>0x10c23</run_address>
         <size>0xfe</size>
         <input_file_ref idref="fl-6"/>
      </object_component>
      <object_component id="oc-2fd">
         <name>.debug_info</name>
         <load_address>0x10d21</load_address>
         <run_address>0x10d21</run_address>
         <size>0xdfc</size>
         <input_file_ref idref="fl-7"/>
      </object_component>
      <object_component id="oc-258">
         <name>.debug_info</name>
         <load_address>0x11b1d</load_address>
         <run_address>0x11b1d</run_address>
         <size>0x202</size>
         <input_file_ref idref="fl-7"/>
      </object_component>
      <object_component id="oc-289">
         <name>.debug_info</name>
         <load_address>0x11d1f</load_address>
         <run_address>0x11d1f</run_address>
         <size>0x1fc</size>
         <input_file_ref idref="fl-7"/>
      </object_component>
      <object_component id="oc-25f">
         <name>.debug_info</name>
         <load_address>0x11f1b</load_address>
         <run_address>0x11f1b</run_address>
         <size>0x1ed</size>
         <input_file_ref idref="fl-7"/>
      </object_component>
      <object_component id="oc-2c7">
         <name>.debug_info</name>
         <load_address>0x12108</load_address>
         <run_address>0x12108</run_address>
         <size>0x25f</size>
         <input_file_ref idref="fl-7"/>
      </object_component>
      <object_component id="oc-2ce">
         <name>.debug_info</name>
         <load_address>0x12367</load_address>
         <run_address>0x12367</run_address>
         <size>0x283</size>
         <input_file_ref idref="fl-7"/>
      </object_component>
      <object_component id="oc-2f6">
         <name>.debug_info</name>
         <load_address>0x125ea</load_address>
         <run_address>0x125ea</run_address>
         <size>0x1e3</size>
         <input_file_ref idref="fl-7"/>
      </object_component>
      <object_component id="oc-2ac">
         <name>.debug_info</name>
         <load_address>0x127cd</load_address>
         <run_address>0x127cd</run_address>
         <size>0x1fd</size>
         <input_file_ref idref="fl-7"/>
      </object_component>
      <object_component id="oc-26d">
         <name>.debug_info</name>
         <load_address>0x129ca</load_address>
         <run_address>0x129ca</run_address>
         <size>0x221</size>
         <input_file_ref idref="fl-7"/>
      </object_component>
      <object_component id="oc-266">
         <name>.debug_info</name>
         <load_address>0x12beb</load_address>
         <run_address>0x12beb</run_address>
         <size>0x240</size>
         <input_file_ref idref="fl-7"/>
      </object_component>
      <object_component id="oc-274">
         <name>.debug_info</name>
         <load_address>0x12e2b</load_address>
         <run_address>0x12e2b</run_address>
         <size>0x22d</size>
         <input_file_ref idref="fl-7"/>
      </object_component>
      <object_component id="oc-2f0">
         <name>.debug_info</name>
         <load_address>0x13058</load_address>
         <run_address>0x13058</run_address>
         <size>0x1e0</size>
         <input_file_ref idref="fl-7"/>
      </object_component>
      <object_component id="oc-2ba">
         <name>.debug_info</name>
         <load_address>0x13238</load_address>
         <run_address>0x13238</run_address>
         <size>0x1d4</size>
         <input_file_ref idref="fl-7"/>
      </object_component>
      <object_component id="oc-2e2">
         <name>.debug_info</name>
         <load_address>0x1340c</load_address>
         <run_address>0x1340c</run_address>
         <size>0x1eb</size>
         <input_file_ref idref="fl-7"/>
      </object_component>
      <object_component id="oc-2b4">
         <name>.debug_info</name>
         <load_address>0x135f7</load_address>
         <run_address>0x135f7</run_address>
         <size>0x212</size>
         <input_file_ref idref="fl-7"/>
      </object_component>
      <object_component id="oc-14e">
         <name>.debug_info</name>
         <load_address>0x13809</load_address>
         <run_address>0x13809</run_address>
         <size>0x1b5f</size>
         <input_file_ref idref="fl-7"/>
      </object_component>
      <object_component id="oc-2e8">
         <name>.debug_info</name>
         <load_address>0x15368</load_address>
         <run_address>0x15368</run_address>
         <size>0x29b</size>
         <input_file_ref idref="fl-7"/>
      </object_component>
      <object_component id="oc-27b">
         <name>.debug_info</name>
         <load_address>0x15603</load_address>
         <run_address>0x15603</run_address>
         <size>0x280</size>
         <input_file_ref idref="fl-7"/>
      </object_component>
      <object_component id="oc-2ff">
         <name>.debug_info</name>
         <load_address>0x15883</load_address>
         <run_address>0x15883</run_address>
         <size>0x104</size>
         <input_file_ref idref="fl-7"/>
      </object_component>
      <object_component id="oc-3a4">
         <name>.debug_info</name>
         <load_address>0x15987</load_address>
         <run_address>0x15987</run_address>
         <size>0xfe</size>
         <input_file_ref idref="fl-7"/>
      </object_component>
      <object_component id="oc-31c">
         <name>.debug_info</name>
         <load_address>0x15a85</load_address>
         <run_address>0x15a85</run_address>
         <size>0x2d9</size>
         <input_file_ref idref="fl-7"/>
      </object_component>
      <object_component id="oc-381">
         <name>.debug_info</name>
         <load_address>0x15d5e</load_address>
         <run_address>0x15d5e</run_address>
         <size>0x5e</size>
         <input_file_ref idref="fl-7"/>
      </object_component>
      <object_component id="oc-1c0">
         <name>.debug_info</name>
         <load_address>0x15dbc</load_address>
         <run_address>0x15dbc</run_address>
         <size>0x2bd</size>
         <input_file_ref idref="fl-8"/>
      </object_component>
      <object_component id="oc-7b">
         <name>.debug_info</name>
         <load_address>0x16079</load_address>
         <run_address>0x16079</run_address>
         <size>0x63e</size>
         <input_file_ref idref="fl-8"/>
      </object_component>
      <object_component id="oc-ed">
         <name>.debug_info</name>
         <load_address>0x166b7</load_address>
         <run_address>0x166b7</run_address>
         <size>0x9e7</size>
         <input_file_ref idref="fl-8"/>
      </object_component>
      <object_component id="oc-108">
         <name>.debug_info</name>
         <load_address>0x1709e</load_address>
         <run_address>0x1709e</run_address>
         <size>0x315</size>
         <input_file_ref idref="fl-9"/>
      </object_component>
      <object_component id="oc-92">
         <name>.debug_info</name>
         <load_address>0x173b3</load_address>
         <run_address>0x173b3</run_address>
         <size>0xb2a</size>
         <input_file_ref idref="fl-9"/>
      </object_component>
      <object_component id="oc-25">
         <name>.debug_info</name>
         <load_address>0x17edd</load_address>
         <run_address>0x17edd</run_address>
         <size>0x18a</size>
         <input_file_ref idref="fl-9"/>
      </object_component>
      <object_component id="oc-a5">
         <name>.debug_info</name>
         <load_address>0x18067</load_address>
         <run_address>0x18067</run_address>
         <size>0x157</size>
         <input_file_ref idref="fl-9"/>
      </object_component>
      <object_component id="oc-c1">
         <name>.debug_info</name>
         <load_address>0x181be</load_address>
         <run_address>0x181be</run_address>
         <size>0x18c</size>
         <input_file_ref idref="fl-9"/>
      </object_component>
      <object_component id="oc-cb">
         <name>.debug_info</name>
         <load_address>0x1834a</load_address>
         <run_address>0x1834a</run_address>
         <size>0x86</size>
         <input_file_ref idref="fl-9"/>
      </object_component>
      <object_component id="oc-17f">
         <name>.debug_info</name>
         <load_address>0x183d0</load_address>
         <run_address>0x183d0</run_address>
         <size>0x1de</size>
         <input_file_ref idref="fl-9"/>
      </object_component>
      <object_component id="oc-103">
         <name>.debug_info</name>
         <load_address>0x185ae</load_address>
         <run_address>0x185ae</run_address>
         <size>0x129</size>
         <input_file_ref idref="fl-9"/>
      </object_component>
      <object_component id="oc-198">
         <name>.debug_info</name>
         <load_address>0x186d7</load_address>
         <run_address>0x186d7</run_address>
         <size>0x2d0</size>
         <input_file_ref idref="fl-9"/>
      </object_component>
      <object_component id="oc-342">
         <name>.debug_info</name>
         <load_address>0x189a7</load_address>
         <run_address>0x189a7</run_address>
         <size>0x298</size>
         <input_file_ref idref="fl-a"/>
      </object_component>
      <object_component id="oc-430">
         <name>.debug_info</name>
         <load_address>0x18c3f</load_address>
         <run_address>0x18c3f</run_address>
         <size>0x6e2</size>
         <input_file_ref idref="fl-a"/>
      </object_component>
      <object_component id="oc-189">
         <name>.debug_info</name>
         <load_address>0x19321</load_address>
         <run_address>0x19321</run_address>
         <size>0x1f9</size>
         <input_file_ref idref="fl-a"/>
      </object_component>
      <object_component id="oc-3bc">
         <name>.debug_info</name>
         <load_address>0x1951a</load_address>
         <run_address>0x1951a</run_address>
         <size>0x12a</size>
         <input_file_ref idref="fl-a"/>
      </object_component>
      <object_component id="oc-16d">
         <name>.debug_info</name>
         <load_address>0x19644</load_address>
         <run_address>0x19644</run_address>
         <size>0x4d9</size>
         <input_file_ref idref="fl-b"/>
      </object_component>
      <object_component id="oc-a0">
         <name>.debug_info</name>
         <load_address>0x19b1d</load_address>
         <run_address>0x19b1d</run_address>
         <size>0x910</size>
         <input_file_ref idref="fl-b"/>
      </object_component>
      <object_component id="oc-1c5">
         <name>.debug_info</name>
         <load_address>0x1a42d</load_address>
         <run_address>0x1a42d</run_address>
         <size>0x791</size>
         <input_file_ref idref="fl-b"/>
      </object_component>
      <object_component id="oc-1ca">
         <name>.debug_info</name>
         <load_address>0x1abbe</load_address>
         <run_address>0x1abbe</run_address>
         <size>0x4de</size>
         <input_file_ref idref="fl-b"/>
      </object_component>
      <object_component id="oc-1cf">
         <name>.debug_info</name>
         <load_address>0x1b09c</load_address>
         <run_address>0x1b09c</run_address>
         <size>0x3ce</size>
         <input_file_ref idref="fl-b"/>
      </object_component>
      <object_component id="oc-32d">
         <name>.debug_info</name>
         <load_address>0x1b46a</load_address>
         <run_address>0x1b46a</run_address>
         <size>0x306</size>
         <input_file_ref idref="fl-b"/>
      </object_component>
      <object_component id="oc-332">
         <name>.debug_info</name>
         <load_address>0x1b770</load_address>
         <run_address>0x1b770</run_address>
         <size>0x7cd</size>
         <input_file_ref idref="fl-b"/>
      </object_component>
      <object_component id="oc-16e">
         <name>.debug_info</name>
         <load_address>0x1bf3d</load_address>
         <run_address>0x1bf3d</run_address>
         <size>0x673</size>
         <input_file_ref idref="fl-b"/>
      </object_component>
      <object_component id="oc-b3">
         <name>.debug_info</name>
         <load_address>0x1c5b0</load_address>
         <run_address>0x1c5b0</run_address>
         <size>0x375</size>
         <input_file_ref idref="fl-b"/>
      </object_component>
      <object_component id="oc-1d9">
         <name>.debug_info</name>
         <load_address>0x1c925</load_address>
         <run_address>0x1c925</run_address>
         <size>0x437</size>
         <input_file_ref idref="fl-b"/>
      </object_component>
      <object_component id="oc-204">
         <name>.debug_info</name>
         <load_address>0x1cd5c</load_address>
         <run_address>0x1cd5c</run_address>
         <size>0x37b</size>
         <input_file_ref idref="fl-b"/>
      </object_component>
      <object_component id="oc-1de">
         <name>.debug_info</name>
         <load_address>0x1d0d7</load_address>
         <run_address>0x1d0d7</run_address>
         <size>0x1ca</size>
         <input_file_ref idref="fl-b"/>
      </object_component>
      <object_component id="oc-184">
         <name>.debug_info</name>
         <load_address>0x1d2a1</load_address>
         <run_address>0x1d2a1</run_address>
         <size>0x435</size>
         <input_file_ref idref="fl-b"/>
      </object_component>
      <object_component id="oc-1f7">
         <name>.debug_info</name>
         <load_address>0x1d6d6</load_address>
         <run_address>0x1d6d6</run_address>
         <size>0x551</size>
         <input_file_ref idref="fl-b"/>
      </object_component>
      <object_component id="oc-1e3">
         <name>.debug_info</name>
         <load_address>0x1dc27</load_address>
         <run_address>0x1dc27</run_address>
         <size>0x3d3</size>
         <input_file_ref idref="fl-b"/>
      </object_component>
      <object_component id="oc-1ed">
         <name>.debug_info</name>
         <load_address>0x1dffa</load_address>
         <run_address>0x1dffa</run_address>
         <size>0x1de</size>
         <input_file_ref idref="fl-b"/>
      </object_component>
      <object_component id="oc-337">
         <name>.debug_info</name>
         <load_address>0x1e1d8</load_address>
         <run_address>0x1e1d8</run_address>
         <size>0x243</size>
         <input_file_ref idref="fl-b"/>
      </object_component>
      <object_component id="oc-1ab">
         <name>.debug_info</name>
         <load_address>0x1e41b</load_address>
         <run_address>0x1e41b</run_address>
         <size>0x26c</size>
         <input_file_ref idref="fl-b"/>
      </object_component>
      <object_component id="oc-1fc">
         <name>.debug_info</name>
         <load_address>0x1e687</load_address>
         <run_address>0x1e687</run_address>
         <size>0x17a</size>
         <input_file_ref idref="fl-b"/>
      </object_component>
      <object_component id="oc-18e">
         <name>.debug_info</name>
         <load_address>0x1e801</load_address>
         <run_address>0x1e801</run_address>
         <size>0x6a6</size>
         <input_file_ref idref="fl-b"/>
      </object_component>
      <object_component id="oc-193">
         <name>.debug_info</name>
         <load_address>0x1eea7</load_address>
         <run_address>0x1eea7</run_address>
         <size>0x13e</size>
         <input_file_ref idref="fl-b"/>
      </object_component>
      <object_component id="oc-2a6">
         <name>.debug_info</name>
         <load_address>0x1efe5</load_address>
         <run_address>0x1efe5</run_address>
         <size>0xe8</size>
         <input_file_ref idref="fl-c"/>
      </object_component>
      <object_component id="oc-1c2">
         <name>.debug_info</name>
         <load_address>0x1f0cd</load_address>
         <run_address>0x1f0cd</run_address>
         <size>0x27f</size>
         <input_file_ref idref="fl-d"/>
      </object_component>
      <object_component id="oc-f4">
         <name>.debug_info</name>
         <load_address>0x1f34c</load_address>
         <run_address>0x1f34c</run_address>
         <size>0x1e8</size>
         <input_file_ref idref="fl-d"/>
      </object_component>
      <object_component id="oc-1e8">
         <name>.debug_info</name>
         <load_address>0x1f534</load_address>
         <run_address>0x1f534</run_address>
         <size>0x508</size>
         <input_file_ref idref="fl-d"/>
      </object_component>
      <object_component id="oc-347">
         <name>.debug_info</name>
         <load_address>0x1fa3c</load_address>
         <run_address>0x1fa3c</run_address>
         <size>0x43c</size>
         <input_file_ref idref="fl-d"/>
      </object_component>
      <object_component id="oc-2c">
         <name>.debug_info</name>
         <load_address>0x1fe78</load_address>
         <run_address>0x1fe78</run_address>
         <size>0x2c7</size>
         <input_file_ref idref="fl-e"/>
      </object_component>
      <object_component id="oc-b2">
         <name>.debug_info</name>
         <load_address>0x2013f</load_address>
         <run_address>0x2013f</run_address>
         <size>0x33a</size>
         <input_file_ref idref="fl-10"/>
      </object_component>
      <object_component id="oc-af">
         <name>.debug_info</name>
         <load_address>0x20479</load_address>
         <run_address>0x20479</run_address>
         <size>0xe5</size>
         <input_file_ref idref="fl-10"/>
      </object_component>
      <object_component id="oc-435">
         <name>.debug_info</name>
         <load_address>0x2055e</load_address>
         <run_address>0x2055e</run_address>
         <size>0xf76</size>
         <input_file_ref idref="fl-10"/>
      </object_component>
      <object_component id="oc-33">
         <name>.debug_info</name>
         <load_address>0x214d4</load_address>
         <run_address>0x214d4</run_address>
         <size>0x28c</size>
         <input_file_ref idref="fl-10"/>
      </object_component>
      <object_component id="oc-1a6">
         <name>.debug_info</name>
         <load_address>0x21760</load_address>
         <run_address>0x21760</run_address>
         <size>0xb9</size>
         <input_file_ref idref="fl-10"/>
      </object_component>
      <object_component id="oc-75">
         <name>.debug_info</name>
         <load_address>0x21819</load_address>
         <run_address>0x21819</run_address>
         <size>0x7f3</size>
         <input_file_ref idref="fl-11"/>
      </object_component>
      <object_component id="oc-38">
         <name>.debug_info</name>
         <load_address>0x2200c</load_address>
         <run_address>0x2200c</run_address>
         <size>0x106</size>
         <input_file_ref idref="fl-13"/>
      </object_component>
      <object_component id="oc-15b">
         <name>.debug_info</name>
         <load_address>0x22112</load_address>
         <run_address>0x22112</run_address>
         <size>0xacf</size>
         <input_file_ref idref="fl-14"/>
      </object_component>
      <object_component id="oc-158">
         <name>.debug_info</name>
         <load_address>0x22be1</load_address>
         <run_address>0x22be1</run_address>
         <size>0xd9</size>
         <input_file_ref idref="fl-14"/>
      </object_component>
      <object_component id="oc-140">
         <name>.debug_info</name>
         <load_address>0x22cba</load_address>
         <run_address>0x22cba</run_address>
         <size>0x1d6</size>
         <input_file_ref idref="fl-14"/>
      </object_component>
      <object_component id="oc-97">
         <name>.debug_info</name>
         <load_address>0x22e90</load_address>
         <run_address>0x22e90</run_address>
         <size>0x2d3</size>
         <input_file_ref idref="fl-14"/>
      </object_component>
      <object_component id="oc-34c">
         <name>.debug_info</name>
         <load_address>0x23163</load_address>
         <run_address>0x23163</run_address>
         <size>0x29e</size>
         <input_file_ref idref="fl-16"/>
      </object_component>
      <object_component id="oc-3c3">
         <name>.debug_info</name>
         <load_address>0x23401</load_address>
         <run_address>0x23401</run_address>
         <size>0x242</size>
         <input_file_ref idref="fl-16"/>
      </object_component>
      <object_component id="oc-1f2">
         <name>.debug_info</name>
         <load_address>0x23643</load_address>
         <run_address>0x23643</run_address>
         <size>0x2af</size>
         <input_file_ref idref="fl-16"/>
      </object_component>
      <object_component id="oc-3f">
         <name>.debug_info</name>
         <load_address>0x238f2</load_address>
         <run_address>0x238f2</run_address>
         <size>0x13b</size>
         <input_file_ref idref="fl-17"/>
      </object_component>
      <object_component id="oc-fc">
         <name>.debug_info</name>
         <load_address>0x23a2d</load_address>
         <run_address>0x23a2d</run_address>
         <size>0x365</size>
         <input_file_ref idref="fl-19"/>
      </object_component>
      <object_component id="oc-101">
         <name>.debug_info</name>
         <load_address>0x23d92</load_address>
         <run_address>0x23d92</run_address>
         <size>0x674</size>
         <input_file_ref idref="fl-1a"/>
      </object_component>
      <object_component id="oc-8a">
         <name>.debug_info</name>
         <load_address>0x24406</load_address>
         <run_address>0x24406</run_address>
         <size>0x2e8d</size>
         <input_file_ref idref="fl-1a"/>
      </object_component>
      <object_component id="oc-1e">
         <name>.debug_info</name>
         <load_address>0x27293</load_address>
         <run_address>0x27293</run_address>
         <size>0x5e1</size>
         <input_file_ref idref="fl-1b"/>
      </object_component>
      <object_component id="oc-7f">
         <name>.debug_info</name>
         <load_address>0x27874</load_address>
         <run_address>0x27874</run_address>
         <size>0x134</size>
         <input_file_ref idref="fl-1b"/>
      </object_component>
      <object_component id="oc-ac">
         <name>.debug_info</name>
         <load_address>0x279a8</load_address>
         <run_address>0x279a8</run_address>
         <size>0x53e</size>
         <input_file_ref idref="fl-1c"/>
      </object_component>
      <object_component id="oc-29">
         <name>.debug_info</name>
         <load_address>0x27ee6</load_address>
         <run_address>0x27ee6</run_address>
         <size>0xe3</size>
         <input_file_ref idref="fl-1c"/>
      </object_component>
      <object_component id="oc-4a">
         <name>.debug_info</name>
         <load_address>0x27fc9</load_address>
         <run_address>0x27fc9</run_address>
         <size>0x475</size>
         <input_file_ref idref="fl-1c"/>
      </object_component>
      <object_component id="oc-44">
         <name>.debug_info</name>
         <load_address>0x2843e</load_address>
         <run_address>0x2843e</run_address>
         <size>0x1fe</size>
         <input_file_ref idref="fl-1c"/>
      </object_component>
      <object_component id="oc-19d">
         <name>.debug_info</name>
         <load_address>0x2863c</load_address>
         <run_address>0x2863c</run_address>
         <size>0x4f</size>
         <input_file_ref idref="fl-1c"/>
      </object_component>
      <object_component id="oc-fa">
         <name>.debug_info</name>
         <load_address>0x2868b</load_address>
         <run_address>0x2868b</run_address>
         <size>0x521</size>
         <input_file_ref idref="fl-1d"/>
      </object_component>
      <object_component id="oc-85">
         <name>.debug_info</name>
         <load_address>0x28bac</load_address>
         <run_address>0x28bac</run_address>
         <size>0x7d8</size>
         <input_file_ref idref="fl-1d"/>
      </object_component>
      <object_component id="oc-3a0">
         <name>.debug_info</name>
         <load_address>0x29384</load_address>
         <run_address>0x29384</run_address>
         <size>0x9c9</size>
         <input_file_ref idref="fl-1e"/>
      </object_component>
      <object_component id="oc-2db">
         <name>.debug_info</name>
         <load_address>0x29d4d</load_address>
         <run_address>0x29d4d</run_address>
         <size>0x3e5</size>
         <input_file_ref idref="fl-1e"/>
      </object_component>
      <object_component id="oc-39d">
         <name>.debug_info</name>
         <load_address>0x2a132</load_address>
         <run_address>0x2a132</run_address>
         <size>0xa11</size>
         <input_file_ref idref="fl-1f"/>
      </object_component>
      <object_component id="oc-2d6">
         <name>.debug_info</name>
         <load_address>0x2ab43</load_address>
         <run_address>0x2ab43</run_address>
         <size>0x392</size>
         <input_file_ref idref="fl-1f"/>
      </object_component>
      <object_component id="oc-2a9">
         <name>.debug_info</name>
         <load_address>0x2aed5</load_address>
         <run_address>0x2aed5</run_address>
         <size>0xce2</size>
         <input_file_ref idref="fl-20"/>
      </object_component>
      <object_component id="oc-290">
         <name>.debug_info</name>
         <load_address>0x2bbb7</load_address>
         <run_address>0x2bbb7</run_address>
         <size>0x204</size>
         <input_file_ref idref="fl-20"/>
      </object_component>
      <object_component id="oc-244">
         <name>.debug_info</name>
         <load_address>0x2bdbb</load_address>
         <run_address>0x2bdbb</run_address>
         <size>0x21d</size>
         <input_file_ref idref="fl-20"/>
      </object_component>
      <object_component id="oc-298">
         <name>.debug_info</name>
         <load_address>0x2bfd8</load_address>
         <run_address>0x2bfd8</run_address>
         <size>0x21d</size>
         <input_file_ref idref="fl-20"/>
      </object_component>
      <object_component id="oc-24b">
         <name>.debug_info</name>
         <load_address>0x2c1f5</load_address>
         <run_address>0x2c1f5</run_address>
         <size>0x21a</size>
         <input_file_ref idref="fl-20"/>
      </object_component>
      <object_component id="oc-29f">
         <name>.debug_info</name>
         <load_address>0x2c40f</load_address>
         <run_address>0x2c40f</run_address>
         <size>0x238</size>
         <input_file_ref idref="fl-20"/>
      </object_component>
      <object_component id="oc-252">
         <name>.debug_info</name>
         <load_address>0x2c647</load_address>
         <run_address>0x2c647</run_address>
         <size>0x239</size>
         <input_file_ref idref="fl-20"/>
      </object_component>
      <object_component id="oc-283">
         <name>.debug_info</name>
         <load_address>0x2c880</load_address>
         <run_address>0x2c880</run_address>
         <size>0x219</size>
         <input_file_ref idref="fl-20"/>
      </object_component>
      <object_component id="oc-147">
         <name>.debug_info</name>
         <load_address>0x2ca99</load_address>
         <run_address>0x2ca99</run_address>
         <size>0xdab</size>
         <input_file_ref idref="fl-20"/>
      </object_component>
      <object_component id="oc-39b">
         <name>.debug_info</name>
         <load_address>0x2d844</load_address>
         <run_address>0x2d844</run_address>
         <size>0x333</size>
         <input_file_ref idref="fl-26"/>
      </object_component>
      <object_component id="oc-2c2">
         <name>.debug_info</name>
         <load_address>0x2db77</load_address>
         <run_address>0x2db77</run_address>
         <size>0x1d1</size>
         <input_file_ref idref="fl-26"/>
      </object_component>
      <object_component id="oc-38f">
         <name>.debug_info</name>
         <load_address>0x2dd48</load_address>
         <run_address>0x2dd48</run_address>
         <size>0x198</size>
         <input_file_ref idref="fl-26"/>
      </object_component>
      <object_component id="oc-396">
         <name>.debug_info</name>
         <load_address>0x2dee0</load_address>
         <run_address>0x2dee0</run_address>
         <size>0x16d</size>
         <input_file_ref idref="fl-26"/>
      </object_component>
      <object_component id="oc-499">
         <name>.debug_info</name>
         <load_address>0x2e04d</load_address>
         <run_address>0x2e04d</run_address>
         <size>0x2c</size>
         <input_file_ref idref="fl-26"/>
      </object_component>
      <object_component id="oc-5b">
         <name>.debug_info</name>
         <load_address>0x2e079</load_address>
         <run_address>0x2e079</run_address>
         <size>0x119</size>
         <input_file_ref idref="fl-27"/>
      </object_component>
      <object_component id="oc-153">
         <name>.debug_info</name>
         <load_address>0x2e192</load_address>
         <run_address>0x2e192</run_address>
         <size>0x14f</size>
         <input_file_ref idref="fl-28"/>
      </object_component>
      <object_component id="oc-20c">
         <name>.debug_info</name>
         <load_address>0x2e2e1</load_address>
         <run_address>0x2e2e1</run_address>
         <size>0x4b3</size>
         <input_file_ref idref="fl-29"/>
      </object_component>
      <object_component id="oc-110">
         <name>.debug_info</name>
[...]
      </symbol>
      <symbol id="sm-975">
         <name>custom_dabort</name>
         <value>0xdf4</value>
         <object_component_ref idref="oc-89"/>
      </symbol>
      <symbol id="sm-976">
         <name>memoryInit</name>
         <value>0x174</value>
         <object_component_ref idref="oc-89"/>
      </symbol>
      <symbol id="sm-977">
         <name>stcSelfCheck</name>
         <value>0x1b8</value>
         <object_component_ref idref="oc-89"/>
      </symbol>
      <symbol id="sm-978">
         <name>efcGetConfigValue</name>
         <value>0x2660</value>
         <object_component_ref idref="oc-89"/>
      </symbol>
      <symbol id="sm-979">
         <name>can2ParityCheck</name>
         <value>0x14e8</value>
         <object_component_ref idref="oc-89"/>
      </symbol>
      <symbol id="sm-97a">
         <name>het1ParityCheck</name>
         <value>0xf58</value>
         <object_component_ref idref="oc-89"/>
      </symbol>
      <symbol id="sm-97b">
         <name>adc1ParityCheck</name>
         <value>0x126c</value>
         <object_component_ref idref="oc-89"/>
      </symbol>
      <symbol id="sm-97c">
         <name>checkefcSelfTest</name>
         <value>0x7bc</value>
         <object_component_ref idref="oc-89"/>
      </symbol>
      <symbol id="sm-97d">
         <name>checkRAMECC</name>
         <value>0x19d0</value>
         <object_component_ref idref="oc-89"/>
      </symbol>
      <symbol id="sm-97e">
         <name>stcSelfCheckFail</name>
         <value>0xdf8</value>
         <object_component_ref idref="oc-89"/>
      </symbol>
      <symbol id="sm-97f">
         <name>ccmSelfCheck</name>
         <value>0x30</value>
         <object_component_ref idref="oc-89"/>
      </symbol>
      <symbol id="sm-980">
         <name>efcCheck</name>
         <value>0x660</value>
         <object_component_ref idref="oc-89"/>
      </symbol>
      <symbol id="sm-981">
         <name>het2ParityCheck</name>
         <value>0x10c0</value>
         <object_component_ref idref="oc-89"/>
      </symbol>
      <symbol id="sm-982">
         <name>adc2ParityCheck</name>
         <value>0x1358</value>
         <object_component_ref idref="oc-89"/>
      </symbol>
      <symbol id="sm-983">
         <name>cpuSelfTest</name>
         <value>0x234</value>
         <object_component_ref idref="oc-89"/>
      </symbol>
      <symbol id="sm-984">
         <name>htu1ParityCheck</name>
         <value>0x1004</value>
         <object_component_ref idref="oc-89"/>
      </symbol>
      <symbol id="sm-985">
         <name>checkFlashECC</name>
         <value>0xd18</value>
         <object_component_ref idref="oc-89"/>
      </symbol>
      <symbol id="sm-986">
         <name>cpuSelfTestFail</name>
         <value>0xdfc</value>
         <object_component_ref idref="oc-89"/>
      </symbol>
      <symbol id="sm-987">
         <name>checkPLL1Slip</name>
         <value>0x1e8c</value>
         <object_component_ref idref="oc-89"/>
      </symbol>
      <symbol id="sm-988">
         <name>mibspi1ParityCheck</name>
         <value>0x1684</value>
         <object_component_ref idref="oc-89"/>
      </symbol>
      <symbol id="sm-989">
         <name>ccmr4GetConfigValue</name>
         <value>0x26fc</value>
         <object_component_ref idref="oc-89"/>
      </symbol>
      <symbol id="sm-98a">
         <name>htu2ParityCheck</name>
         <value>0x11bc</value>
         <object_component_ref idref="oc-89"/>
      </symbol>
      <symbol id="sm-98b">
         <name>pbistPortTestStatus</name>
         <value>0x608</value>
         <object_component_ref idref="oc-89"/>
      </symbol>
      <symbol id="sm-98c">
         <name>checkFlashEEPROMECC</name>
         <value>0x1cf4</value>
         <object_component_ref idref="oc-89"/>
      </symbol>
      <symbol id="sm-98d">
         <name>pbistGetConfigValue</name>
         <value>0x2470</value>
         <object_component_ref idref="oc-89"/>
      </symbol>
      <symbol id="sm-98e">
         <name>vimParityCheck</name>
         <value>0xe00</value>
         <object_component_ref idref="oc-89"/>
      </symbol>
      <symbol id="sm-98f">
         <name>pbistIsTestCompleted</name>
         <value>0x5a8</value>
         <object_component_ref idref="oc-89"/>
      </symbol>
      <symbol id="sm-990">
         <name>disableParity</name>
         <value>0x2b58</value>
         <object_component_ref idref="oc-89"/>
      </symbol>
      <symbol id="sm-991">
         <name>pbistRun</name>
         <value>0x4ac</value>
         <object_component_ref idref="oc-89"/>
      </symbol>
      <symbol id="sm-992">
         <name>pbistFail</name>
         <value>0x23ec</value>
         <object_component_ref idref="oc-89"/>
      </symbol>
      <symbol id="sm-993">
         <name>selftestFailNotification</name>
         <value>0x20</value>
         <object_component_ref idref="oc-89"/>
      </symbol>
      <symbol id="sm-994">
         <name>errata_PBIST_4</name>
         <value>0x276c</value>
         <object_component_ref idref="oc-89"/>
      </symbol>
      <symbol id="sm-995">
         <name>mibspi3ParityCheck</name>
         <value>0x178c</value>
         <object_component_ref idref="oc-89"/>
      </symbol>
      <symbol id="sm-996">
         <name>efcSelfTest</name>
         <value>0x794</value>
         <object_component_ref idref="oc-89"/>
      </symbol>
      <symbol id="sm-997">
         <name>checkB1RAMECC</name>
         <value>0xb28</value>
         <object_component_ref idref="oc-89"/>
      </symbol>
      <symbol id="sm-998">
         <name>pbistStop</name>
         <value>0x578</value>
         <object_component_ref idref="oc-89"/>
      </symbol>
      <symbol id="sm-999">
         <name>can3ParityCheck</name>
         <value>0x15b0</value>
         <object_component_ref idref="oc-89"/>
      </symbol>
      <symbol id="sm-99a">
         <name>checkRAMAddrParity</name>
         <value>0x2050</value>
         <object_component_ref idref="oc-89"/>
      </symbol>
      <symbol id="sm-99b">
         <name>mibspi5ParityCheck</name>
         <value>0x18b0</value>
         <object_component_ref idref="oc-89"/>
      </symbol>
      <symbol id="sm-99c">
         <name>checkB0RAMECC</name>
         <value>0x938</value>
         <object_component_ref idref="oc-89"/>
      </symbol>
      <symbol id="sm-99d">
         <name>stcGetConfigValue</name>
         <value>0x25bc</value>
         <object_component_ref idref="oc-89"/>
      </symbol>
      <symbol id="sm-99e">
         <name>pbistIsTestPassed</name>
         <value>0x5d4</value>
         <object_component_ref idref="oc-89"/>
      </symbol>
      <symbol id="sm-99f">
         <name>checkClockMonitor</name>
         <value>0x1c18</value>
         <object_component_ref idref="oc-89"/>
      </symbol>
      <symbol id="sm-9a0">
         <name>fmcECCcheck</name>
         <value>0x898</value>
         <object_component_ref idref="oc-89"/>
      </symbol>
      <symbol id="sm-9a1">
         <name>fmcBus2Check</name>
         <value>0x85c</value>
         <object_component_ref idref="oc-89"/>
      </symbol>
      <symbol id="sm-9a2">
         <name>checkRAMUERRTest</name>
         <value>0x215c</value>
         <object_component_ref idref="oc-89"/>
      </symbol>
      <symbol id="sm-9a3">
         <name>efcStuckZeroTest</name>
         <value>0x6e8</value>
         <object_component_ref idref="oc-89"/>
      </symbol>
      <symbol id="sm-9a4">
         <name>checkPLL2Slip</name>
         <value>0x1f8c</value>
         <object_component_ref idref="oc-89"/>
      </symbol>
      <symbol id="sm-9d6">
         <name>_c_int00</name>
         <value>0xcf70</value>
         <object_component_ref idref="oc-1c"/>
      </symbol>
      <symbol id="sm-9d7">
         <name>handlePLLLockFail</name>
         <value>0xeba0</value>
         <object_component_ref idref="oc-7d"/>
      </symbol>
      <symbol id="sm-a86">
         <name>vimChannelMap</name>
         <value>0x7a48</value>
         <object_component_ref idref="oc-48"/>
      </symbol>
      <symbol id="sm-a87">
         <name>vimInit</name>
         <value>0x7974</value>
         <object_component_ref idref="oc-48"/>
      </symbol>
      <symbol id="sm-a88">
         <name>vimEnableInterrupt</name>
         <value>0x7aec</value>
         <object_component_ref idref="oc-48"/>
      </symbol>
      <symbol id="sm-a89">
         <name>vimDisableInterrupt</name>
         <value>0x7cb4</value>
         <object_component_ref idref="oc-48"/>
      </symbol>
      <symbol id="sm-a8a">
         <name>vimGetConfigValue</name>
         <value>0x7d60</value>
         <object_component_ref idref="oc-48"/>
      </symbol>
      <symbol id="sm-a8b">
         <name>vimParityErrorHandler</name>
         <value>0xc740</value>
         <object_component_ref idref="oc-43"/>
      </symbol>
      <symbol id="sm-ae6">
         <name>systemGetConfigValue</name>
         <value>0x719c</value>
         <object_component_ref idref="oc-83"/>
      </symbol>
      <symbol id="sm-ae7">
         <name>trimLPO</name>
         <value>0x6e70</value>
         <object_component_ref idref="oc-83"/>
      </symbol>
      <symbol id="sm-ae8">
         <name>systemInit</name>
         <value>0x70a0</value>
         <object_component_ref idref="oc-83"/>
      </symbol>
      <symbol id="sm-ae9">
         <name>customTrimLPO</name>
         <value>0x7898</value>
         <object_component_ref idref="oc-83"/>
      </symbol>
      <symbol id="sm-aea">
         <name>tcmflashGetConfigValue</name>
         <value>0x75b0</value>
         <object_component_ref idref="oc-83"/>
      </symbol>
      <symbol id="sm-aeb">
         <name>sramGetConfigValue</name>
         <value>0x775c</value>
         <object_component_ref idref="oc-83"/>
      </symbol>
      <symbol id="sm-aec">
         <name>periphInit</name>
         <value>0x6f24</value>
         <object_component_ref idref="oc-83"/>
      </symbol>
      <symbol id="sm-aed">
         <name>setupFlash</name>
         <value>0x6ee4</value>
         <object_component_ref idref="oc-83"/>
      </symbol>
      <symbol id="sm-aee">
         <name>setupPLL</name>
         <value>0x6e10</value>
         <object_component_ref idref="oc-83"/>
      </symbol>
      <symbol id="sm-aef">
         <name>mapClocks</name>
         <value>0x6f78</value>
         <object_component_ref idref="oc-83"/>
      </symbol>
      <symbol id="sm-af0">
         <name>systemPowerDown</name>
         <value>0x716c</value>
         <object_component_ref idref="oc-83"/>
      </symbol>
      <symbol id="sm-b0f">
         <name>_Z15ui_draw_buttonsR14Bridgetek_EVE2P16dashboard_data_t</name>
         <value>0xd1f8</value>
         <object_component_ref idref="oc-2da"/>
      </symbol>
      <symbol id="sm-b27">
         <name>_Z15ui_draw_rpm_barR14Bridgetek_EVE2f</name>
         <value>0xd690</value>
         <object_component_ref idref="oc-2d4"/>
      </symbol>
      <symbol id="sm-bbc">
         <name>_Z12eve_read_tagR14Bridgetek_EVE2Ph</name>
         <value>0x9f14</value>
         <object_component_ref idref="oc-146"/>
      </symbol>
      <symbol id="sm-bbd">
         <name>_ZN14Bridgetek_EVE213CMD_CALIBRATEEj</name>
         <value>0xea40</value>
         <object_component_ref idref="oc-281"/>
      </symbol>
      <symbol id="sm-bbe">
         <name>_ZN14Bridgetek_EVE213LIB_MemRead16Ej</name>
         <value>0xea58</value>
         <object_component_ref idref="oc-242"/>
      </symbol>
      <symbol id="sm-bbf">
         <name>_Z13eve_calibrateR14Bridgetek_EVE2</name>
         <value>0x9f80</value>
         <object_component_ref idref="oc-146"/>
      </symbol>
      <symbol id="sm-bc0">
         <name>_Z11block_delayi</name>
         <value>0x9ea0</value>
         <object_component_ref idref="oc-146"/>
      </symbol>
      <symbol id="sm-bc1">
         <name>_Z10eve_get_xyR14Bridgetek_EVE2PtS1_</name>
         <value>0xa164</value>
         <object_component_ref idref="oc-146"/>
      </symbol>
      <symbol id="sm-bc2">
         <name>_Z15ui_handle_touchR14Bridgetek_EVE2P16dashboard_data_t</name>
         <value>0xa1e0</value>
         <object_component_ref idref="oc-146"/>
      </symbol>
      <symbol id="sm-bc3">
         <name>_ZN14Bridgetek_EVE219LIB_AwaitCoProEmptyEv</name>
         <value>0xeb28</value>
         <object_component_ref idref="oc-28f"/>
      </symbol>
      <symbol id="sm-bc4">
         <name>_ZN14Bridgetek_EVE213LIB_MemRead32Ej</name>
         <value>0xea70</value>
         <object_component_ref idref="oc-296"/>
      </symbol>
      <symbol id="sm-bc5">
         <name>_ZN14Bridgetek_EVE214LIB_MemWrite32Ejj</name>
         <value>0xe994</value>
         <object_component_ref idref="oc-29d"/>
      </symbol>
      <symbol id="sm-bc6">
         <name>_ZN14Bridgetek_EVE213LIB_MemWrite8Ejh</name>
         <value>0xe974</value>
         <object_component_ref idref="oc-250"/>
      </symbol>
      <symbol id="sm-bc7">
         <name>_ZN14Bridgetek_EVE212LIB_MemRead8Ej</name>
         <value>0xea28</value>
         <object_component_ref idref="oc-249"/>
      </symbol>
      <symbol id="sm-bef">
         <name>sprintf</name>
         <value>0xe821</value>
         <object_component_ref idref="oc-2c0"/>
      </symbol>
      <symbol id="sm-c0a">
         <name>memcpy</name>
         <value>0xe267</value>
         <object_component_ref idref="oc-5a"/>
      </symbol>
      <symbol id="sm-c0b">
         <name>__aeabi_memcpy</name>
         <value>0xe267</value>
         <object_component_ref idref="oc-5a"/>
      </symbol>
      <symbol id="sm-c0c">
         <name>__aeabi_memcpy8</name>
         <value>0xe267</value>
         <object_component_ref idref="oc-5a"/>
      </symbol>
      <symbol id="sm-c0d">
         <name>__aeabi_memcpy4</name>
         <value>0xe267</value>
         <object_component_ref idref="oc-5a"/>
      </symbol>
      <symbol id="sm-c19">
         <name>__aeabi_idivmod</name>
         <value>0xe6a0</value>
         <object_component_ref idref="oc-152"/>
      </symbol>
      <symbol id="sm-c1a">
         <name>__aeabi_idiv</name>
         <value>0xe6a0</value>
         <object_component_ref idref="oc-152"/>
      </symbol>
      <symbol id="sm-c47">
         <name>__TI_auto_init_nobinit</name>
         <value>0xe541</value>
         <object_component_ref idref="oc-10f"/>
      </symbol>
      <symbol id="sm-c5c">
         <name>__TI_zero_init_nomemset</name>
         <value>0xe9f3</value>
         <object_component_ref idref="oc-66"/>
      </symbol>
      <symbol id="sm-c73">
         <name>__TI_decompress_none</name>
         <value>0xeb79</value>
         <object_component_ref idref="oc-15"/>
      </symbol>
      <symbol id="sm-c96">
         <name>__TI_decompress_lzss</name>
         <value>0xe46d</value>
         <object_component_ref idref="oc-f"/>
      </symbol>
      <symbol id="sm-ca1">
         <name>C$$EXIT</name>
         <value>0xeb99</value>
         <object_component_ref idref="oc-160"/>
      </symbol>
      <symbol id="sm-ca2">
         <name>abort</name>
         <value>0xeb99</value>
         <object_component_ref idref="oc-160"/>
      </symbol>
      <symbol id="sm-cb1">
         <name>strlen</name>
         <value>0xeacf</value>
         <object_component_ref idref="oc-368"/>
      </symbol>
      <symbol id="sm-cc4">
         <name>strstr</name>
         <value>0xe89d</value>
         <object_component_ref idref="oc-36e"/>
      </symbol>
      <symbol id="sm-e1b">
         <name>__TI_printfi</name>
         <value>0x83c9</value>
         <object_component_ref idref="oc-388"/>
      </symbol>
      <symbol id="sm-e25">
         <name>__aeabi_idiv0</name>
         <value>0x8e17</value>
         <object_component_ref idref="oc-303"/>
      </symbol>
      <symbol id="sm-e26">
         <name>__aeabi_ldiv0</name>
         <value>0x8e17</value>
         <object_component_ref idref="oc-303"/>
      </symbol>
      <symbol id="sm-e35">
         <name>__aeabi_memset</name>
         <value>0xe37f</value>
         <object_component_ref idref="oc-e5"/>
      </symbol>
      <symbol id="sm-e36">
         <name>memset</name>
         <value>0xe385</value>
         <object_component_ref idref="oc-e5"/>
      </symbol>
      <symbol id="sm-e37">
         <name>__aeabi_memset8</name>
         <value>0xe37f</value>
         <object_component_ref idref="oc-e5"/>
      </symbol>
      <symbol id="sm-e38">
         <name>__aeabi_memset4</name>
         <value>0xe37f</value>
         <object_component_ref idref="oc-e5"/>
      </symbol>
      <symbol id="sm-e39">
         <name>__aeabi_memclr8</name>
         <value>0xe37d</value>
         <object_component_ref idref="oc-e5"/>
      </symbol>
      <symbol id="sm-e3a">
         <name>__aeabi_memclr4</name>
         <value>0xe37d</value>
         <object_component_ref idref="oc-e5"/>
      </symbol>
      <symbol id="sm-e3b">
         <name>__aeabi_memclr</name>
         <value>0xe37d</value>
         <object_component_ref idref="oc-e5"/>
      </symbol>
      <symbol id="sm-e56">
         <name>__aeabi_uldivmod</name>
         <value>0xca0c</value>
         <object_component_ref idref="oc-44f"/>
      </symbol>
      <symbol id="sm-e65">
         <name>__TI_ltoa</name>
         <value>0xe5f9</value>
         <object_component_ref idref="oc-455"/>
      </symbol>
      <symbol id="sm-e7a">
         <name>atoi</name>
         <value>0xe745</value>
         <object_component_ref idref="oc-3e0"/>
      </symbol>
      <symbol id="sm-e85">
         <name>_ctypes_</name>
         <value>0xeda4</value>
         <object_component_ref idref="oc-44a"/>
      </symbol>
      <symbol id="sm-e95">
         <name>memccpy</name>
         <value>0xe94d</value>
         <object_component_ref idref="oc-404"/>
      </symbol>
      <symbol id="sm-ea5">
         <name>strchr</name>
         <value>0xeab9</value>
         <object_component_ref idref="oc-482"/>
      </symbol>
      <symbol id="sm-ebb">
         <name>__aeabi_errno_addr</name>
         <value>0xeb91</value>
         <object_component_ref idref="oc-410"/>
      </symbol>
      <symbol id="sm-ebc">
         <name>errno</name>
         <value>0x8001680</value>
         <object_component_ref idref="oc-492"/>
      </symbol>
      <symbol id="sm-ed5">
         <name>wcslen</name>
         <value>0xeae5</value>
         <object_component_ref idref="oc-40a"/>
      </symbol>
      <symbol id="sm-ef3">
         <name>frexpl</name>
         <value>0xe3f9</value>
         <object_component_ref idref="oc-476"/>
      </symbol>
      <symbol id="sm-ef4">
         <name>frexp</name>
         <value>0xe3f9</value>
         <object_component_ref idref="oc-476"/>
      </symbol>
      <symbol id="sm-f11">
         <name>scalbn</name>
         <value>0xde39</value>
         <object_component_ref idref="oc-47c"/>
      </symbol>
      <symbol id="sm-f12">
         <name>scalbnl</name>
         <value>0xde39</value>
         <object_component_ref idref="oc-47c"/>
      </symbol>
      <symbol id="sm-f13">
         <name>ldexpl</name>
         <value>0xde39</value>
         <object_component_ref idref="oc-47c"/>
      </symbol>
      <symbol id="sm-f14">
         <name>ldexp</name>
         <value>0xde39</value>
         <object_component_ref idref="oc-47c"/>
      </symbol>
      <symbol id="sm-f1e">
         <name>copysign</name>
         <value>0xe9d5</value>
         <object_component_ref idref="oc-4d5"/>
      </symbol>
      <symbol id="sm-f1f">
         <name>copysignl</name>
         <value>0xe9d5</value>
         <object_component_ref idref="oc-4d5"/>
      </symbol>
      <symbol id="sm-f20">
         <name>__TI_static_base__</name>
         <value>0x0</value>
      </symbol>
      <symbol id="sm-f23">
         <name>_system_post_cinit</name>
         <value>0x0</value>
      </symbol>
   </symbol_table>
   <title>Link successful</title>
</link_info>
