******************************************************************************
                  TI ARM Linker PC v20.2.7                     
******************************************************************************
>> Linked Sun Mar 15 13:24:11 2026

OUTPUT FILE NAME:   <tms570_on_board_ecu.out>
ENTRY POINT SYMBOL: "_c_int00"  address: 00019244


MEMORY CONFIGURATION

         name            origin    length      used     unused   attr    fill
----------------------  --------  ---------  --------  --------  ----  --------
  VECTORS               00000000   00000020  00000020  00000000     X
  FLASH0                00000020   0013ffe0  0001d5b8  00122a28  R  X
  STACKS                08000000   00001500  00000000  00001500  RW  
  RAM                   08001500   0002eb00  000043c2  0002a73e  RW  


SEGMENT ALLOCATION MAP

run origin  load origin   length   init length attrs members
----------  ----------- ---------- ----------- ----- -------
00000000    00000000    0001d5d8   0001d5d8    r-x
  00000000    00000000    00000020   00000020    r-x .intvecs
  00000020    00000020    0001bb04   0001bb04    r-x .text
  0001bb24    0001bb24    00001624   00001624    r-x FEE_TEXT_SECTION
  0001d148    0001d148    0000038c   0000038c    r-- .const
  0001d4d4    0001d4d4    000000a0   000000a0    r-- FEE_CONST_SECTION
  0001d574    0001d574    00000004   00000004    r-- .init_array
  0001d578    0001d578    00000060   00000060    r-- .cinit
08001500    08001500    000043c5   00000000    rw-
  08001500    08001500    00004224   00000000    rw- .bss
  08005724    08005724    00000131   00000000    rw- FEE_DATA_SECTION
  08005858    08005858    0000006d   00000000    rw- .data


SECTION ALLOCATION MAP

 output                                  attributes/
section   page    origin      length       input sections
--------  ----  ----------  ----------   ----------------
.intvecs   0    00000000    00000020     
                  00000000    00000020     sys_intvecs.obj (.intvecs)

.text      0    00000020    0001bb04     
                  00000020    000057c4     ti_fee_util.obj (.text)
                  000057e4    00002cdc     sys_selftest.obj (.text)
                  000084c0    00002924     dashboard.obj (.text)
                  0000ade4    00002240     EVE_API.obj (.text)
                  0000d024    00001768     ti_fee_ini.obj (.text)
                  0000e78c    0000114c     can.obj (.text)
                  0000f8d8    000010e0     ti_fee_main.obj (.text)
                  000109b8    00000bf4     ui_touch.obj (.text)
                  000115ac    00000bd8     spi.obj (.text)
                  00012184    00000b64     system.obj (.text)
                  00012ce8    00000a58     sys_vim.obj (.text)
                  00013740    00000a4e     rtsv7R4_T_be_v3D16_eabi.lib : _printfi.c.obj (.text:__TI_printfi)
                  0001418e    00000002                                 : div0.asm.obj (.text)
                  00014190    000008bc     pinmux.obj (.text)
                  00014a4c    00000800     test_main_ecu.obj (.text)
                  0001524c    000007d0     Bridgetek_EVE2.obj (.text)
                  00015a1c    000007a8     sci.obj (.text)
                  000161c4    00000664     errata_SSWF021_45.obj (.text)
                  00016828    00000638     rti.obj (.text)
                  00016e60    000005bc     esm.obj (.text)
                  0001741c    000004a8     data.obj (.text)
                  000178c4    00000498     EVE_MCU.obj (.text)
                  00017d5c    00000484     gio.obj (.text)
                  000181e0    000003d8     sci.obj (.text:retain)
                  000185b8    000003c0     EVE_HAL.obj (.text)
                  00018978    0000034c     sys_core.obj (.text)
                  00018cc4    000002cc     sys_vim.obj (.text:retain)
                  00018f90    000002b4     rtsv7R4_T_be_v3D16_eabi.lib : ull_div32.asm.obj (.text)
                  00019244    00000288     sys_startup.obj (.text:retain)
                  000194cc    00000260     F021_API_CortexR4_BE_V3D16_NDS.lib : FlashStateMachine.InitializeFlashBanks.obj (.text:Fapi_initializeFlashBanks)
                  0001972c    00000250     ui_buttons.obj (.text)
                  0001997c    00000248     rtsv7R4_T_be_v3D16_eabi.lib : _printfi.c.obj (.text:_pconv_a)
                  00019bc4    000001ec     sys_main.obj (.text)
                  00019db0    000001d0     ui_rpm_bar.obj (.text)
                  00019f80    000001a0     rtsv7R4_T_be_v3D16_eabi.lib : _printfi.c.obj (.text:_pconv_g)
                  0001a120    0000019c     can.obj (.text:retain)
                  0001a2bc    0000017c     F021_API_CortexR4_BE_V3D16_NDS.lib : FlashStateMachine.SetActiveBank.obj (.text:Fapi_setActiveFlashBank)
                  0001a438    00000124     rti.obj (.text:retain)
                  0001a55c    00000114     esm.obj (.text:retain)
                  0001a670    00000104     rtsv7R4_T_be_v3D16_eabi.lib : _printfi.c.obj (.text:_pconv_e)
                  0001a774    00000104     notification.obj (.text)
                  0001a878    000000fc     rtsv7R4_T_be_v3D16_eabi.lib : _printfi.c.obj (.text:fcvt)
                  0001a974    000000f0                                 : s_scalbn.c.obj (.text:scalbn)
                  0001aa64    000000e8     dabort.obj (.text)
                  0001ab4c    000000e0     rtsv7R4_T_be_v3D16_eabi.lib : s_floor.c.obj (.text:floor)
                  0001ac2c    000000e0     sys_pmu.obj (.text)
                  0001ad0c    000000ad     rtsv7R4_T_be_v3D16_eabi.lib : _printfi.c.obj (.text:_ltostr)
                  0001adb9    00000001     --HOLE-- [fill = 0]
                  0001adba    0000009c                                 : memcpy_t2.asm.obj (.text)
                  0001ae56    00000002     --HOLE-- [fill = 0]
                  0001ae58    00000094     F021_API_CortexR4_BE_V3D16_NDS.lib : BlankCheck.obj (.text:Fapi_doBlankCheck)
                  0001aeec    00000080                                        : FlashStateMachine.EnableEepromSectors.obj (.text:Fapi_enableEepromBankSectors)
                  0001af6c    0000007a     rtsv7R4_T_be_v3D16_eabi.lib : _printfi.c.obj (.text:_mcpy)
                  0001afe6    0000007a                                 : memset_t2.asm.obj (.text)
                  0001b060    00000074                                 : s_frexp.c.obj (.text:frexp)
                  0001b0d4    0000006c                                 : copy_decompress_lzss.c.obj (.text:decompress:lzss:__TI_decompress_lzss)
                  0001b140    00000068     dashboard.obj (.text:_ZN14Bridgetek_EVE210CMD_BUTTONEssssstPKcz)
                  0001b1a8    00000060     rtsv7R4_T_be_v3D16_eabi.lib : autoinit.c.obj (.text:__TI_auto_init_nobinit:__TI_auto_init_nobinit)
                  0001b208    0000005e     F021_API_CortexR4_BE_V3D16_NDS.lib : Read.LoopDword.obj (.text:_Fapi_loopRegionForValue)
                  0001b266    00000002     --HOLE-- [fill = 0]
                  0001b268    00000058     dashboard.obj (.text:_ZN14Bridgetek_EVE28CMD_TEXTEssstPKcz)
                  0001b2c0    00000054     rtsv7R4_T_be_v3D16_eabi.lib : _ltoa.c.obj (.text:__TI_ltoa)
                  0001b314    00000054                                 : _printfi.c.obj (.text:_ecpy)
                  0001b368    00000054                                 : i_div32.asm.obj (.text)
                  0001b3bc    00000050     F021_API_CortexR4_BE_V3D16_NDS.lib : FlashStateMachine.Hercules.IsEccAddress.obj (.text:Fapi_isAddressEcc)
                  0001b40c    00000050     rtsv7R4_T_be_v3D16_eabi.lib : _printfi.c.obj (.text:_pconv_f)
                  0001b45c    00000050                                 : atoi.c.obj (.text:atoi)
                  0001b4ac    00000050                                 : u_div32.asm.obj (.text)
                  0001b4fc    0000004c     dashboard.obj (.text:_ZN14Bridgetek_EVE212CMD_PROGRESSEssssttt)
                  0001b548    00000044     F021_API_CortexR4_BE_V3D16_NDS.lib : FlashStateMachine.EnableEepromSectors.obj (.text:_Fapi_EnableSectors)
                  0001b58c    00000040     rtsv7R4_T_be_v3D16_eabi.lib : _printfi.c.obj (.text:_fcpy)
                  0001b5cc    00000040                                 : sprintf.c.obj (.text:sprintf)
                  0001b60c    0000003c     F021_API_CortexR4_BE_V3D16_NDS.lib : FlashStateMachine.IssueFsmCommand.obj (.text:_Fapi_issueFsmCommand)
                  0001b648    0000003c     dashboard.obj (.text:_ZN14Bridgetek_EVE210CMD_NUMBEREsssti)
                  0001b684    00000038     rtsv7R4_T_be_v3D16_eabi.lib : strstr.c.obj (.text:strstr)
                  0001b6bc    00000036     F021_API_CortexR4_BE_V3D16_NDS.lib : Utilities.CalculateFletcher.obj (.text:Fapi_calculateFletcherChecksum)
                  0001b6f2    00000002     --HOLE-- [fill = 0]
                  0001b6f4    00000030                                        : Async.WithAddress.obj (.text:Fapi_issueAsyncCommandWithAddress)
                  0001b724    00000030                                        : Utilities.WaitDelay.obj (.text:Fapi_waitDelay)
                  0001b754    0000002c                                        : Read.Common.obj (.text:_Fapi_readDword)
                  0001b780    0000002a                                        : Async.obj (.text:Fapi_issueAsyncCommand)
                  0001b7aa    00000002     --HOLE-- [fill = 0]
                  0001b7ac    00000028     dashboard.obj (.text:_ZN14Bridgetek_EVE215CLEAR_COLOR_RGBEhhh)
                  0001b7d4    00000028     dashboard.obj (.text:_ZN14Bridgetek_EVE25CLEAREhhh)
                  0001b7fc    00000028     dashboard.obj (.text:_ZN14Bridgetek_EVE29COLOR_RGBEhhh)
                  0001b824    00000026     rtsv7R4_T_be_v3D16_eabi.lib : memccpy.c.obj (.text:memccpy)
                  0001b84a    00000022     F021_API_CortexR4_BE_V3D16_NDS.lib : Read.FlushPipeline.obj (.text:Fapi_flushPipeline)
                  0001b86c    00000020     ui_touch.obj (.text:_ZN14Bridgetek_EVE213LIB_MemWrite8Ejh)
                  0001b88c    00000020     ui_touch.obj (.text:_ZN14Bridgetek_EVE214LIB_MemWrite32Ejj)
                  0001b8ac    00000020     dashboard.obj (.text:_ZN14Bridgetek_EVE28VERTEX2FEss)
                  0001b8cc    0000001e     rtsv7R4_T_be_v3D16_eabi.lib : s_copysign.c.obj (.text:copysign)
                  0001b8ea    0000001c     F021_API_CortexR4_BE_V3D16_NDS.lib : FlashStateMachine.InitializeFlashBanks.obj (.text:_Fapi_divideUnsignedLong)
                  0001b906    0000001a     rtsv7R4_T_be_v3D16_eabi.lib : sprintf.c.obj (.text:_outs)
                  0001b920    00000018     dashboard.obj (.text:_Z3absf)
                  0001b938    00000018     dashboard.obj (.text:_Z4fabsf)
                  0001b950    00000018     ui_touch.obj (.text:_ZN14Bridgetek_EVE212LIB_MemRead8Ej)
                  0001b968    00000018     ui_touch.obj (.text:_ZN14Bridgetek_EVE213CMD_CALIBRATEEj)
                  0001b980    00000018     ui_touch.obj (.text:_ZN14Bridgetek_EVE213LIB_MemRead16Ej)
                  0001b998    00000018     ui_touch.obj (.text:_ZN14Bridgetek_EVE213LIB_MemRead32Ej)
                  0001b9b0    00000018     dashboard.obj (.text:_ZN14Bridgetek_EVE23TAGEh)
                  0001b9c8    00000018     dashboard.obj (.text:_ZN14Bridgetek_EVE25BEGINEh)
                  0001b9e0    00000016     rtsv7R4_T_be_v3D16_eabi.lib : strchr.c.obj (.text:strchr)
                  0001b9f6    00000016                                 : strlen.c.obj (.text:strlen)
                  0001ba0c    00000012                                 : wcslen.c.obj (.text:wcslen)
                  0001ba1e    00000002     --HOLE-- [fill = 0]
                  0001ba20    00000010     F021_API_CortexR4_BE_V3D16_NDS.lib : Utilities.GetNumberOfSectors.obj (.text:Fapi_getNumberOfBankSectors)
                  0001ba30    00000010     dashboard.obj (.text:_ZN14Bridgetek_EVE211CMD_DLSTARTEv)
                  0001ba40    00000010     dashboard.obj (.text:_ZN14Bridgetek_EVE216LIB_EndCoProListEv)
                  0001ba50    00000010     dashboard.obj (.text:_ZN14Bridgetek_EVE218LIB_BeginCoProListEv)
                  0001ba60    00000010     ui_touch.obj (.text:_ZN14Bridgetek_EVE219LIB_AwaitCoProEmptyEv)
                  0001ba70    00000010     dashboard.obj (.text:_ZN14Bridgetek_EVE23ENDEv)
                  0001ba80    00000010     sys_main.obj (.text:_ZN14Bridgetek_EVE24InitEv)
                  0001ba90    00000010     dashboard.obj (.text:_ZN14Bridgetek_EVE27DISPLAYEv)
                  0001baa0    00000010     dashboard.obj (.text:_ZN14Bridgetek_EVE28CMD_SWAPEv)
                  0001bab0    00000010     F021_API_CortexR4_BE_V3D16_NDS.lib : FlashStateMachine.ScaleFclk.obj (.text:_scaleEEFclk)
                  0001bac0    00000010                                        : FlashStateMachine.ScaleFclk.obj (.text:_scaleMainFclk)
                  0001bad0    0000000e     rtsv7R4_T_be_v3D16_eabi.lib : copy_decompress_none.c.obj (.text:decompress:none:__TI_decompress_none)
                  0001bade    0000000c     F021_API_CortexR4_BE_V3D16_NDS.lib : Read.WdService.obj (.text:_Fapi_checkWdService)
                  0001baea    0000000c     rtsv7R4_T_be_v3D16_eabi.lib : copy_zero_init.c.obj (.text:decompress:ZI:__TI_zero_init)
                  0001baf6    0000000a                                 : sprintf.c.obj (.text:_outc)
                  0001bb00    00000008     Fapi_UserDefinedFunctions.obj (.text)
                  0001bb08    00000008     rtsv7R4_T_be_v3D16_eabi.lib : errno.c.obj (.text:__aeabi_errno_addr)
                  0001bb10    00000004                                 : exit.c.obj (.text:abort:abort)
                  0001bb14    00000004     sys_phantom.obj (.text:retain)
                  0001bb18    00000004     sys_startup.obj (.text)
                  0001bb1c    00000008     Fapi_UserDefinedFunctions.obj (.tramp.Fapi_serviceWatchdogTimer.1)

.const     0    0001d148    0000038c     
                  0001d148    00000200     sys_vim.obj (.const:s_vim_init)
                  0001d348    00000101     rtsv7R4_T_be_v3D16_eabi.lib : ctype.c.obj (.const:.string:_ctypes_)
                  0001d449    00000023     Bridgetek_EVE2.obj (.const:.string:$P$T0$1)
                  0001d46c    00000023     Bridgetek_EVE2.obj (.const:.string:$P$T1$2)
                  0001d48f    00000023     Bridgetek_EVE2.obj (.const:.string:$P$T2$3)
                  0001d4b2    00000002     --HOLE-- [fill = 0]
                  0001d4b4    00000020     can.obj (.const:s_canByteOrder)

.cinit     0    0001d578    00000060     
                  0001d578    00000021     (.cinit..data.load) [load image, compression = lzss]
                  0001d599    00000003     --HOLE-- [fill = 0]
                  0001d59c    0000000c     (__TI_handler_table)
                  0001d5a8    00000009     (.cinit.FEE_DATA_SECTION.load) [load image, compression = lzss]
                  0001d5b1    00000007     --HOLE-- [fill = 0]
                  0001d5b8    00000008     (.cinit..bss.load) [load image, compression = zero_init]
                  0001d5c0    00000018     (__TI_cinit_table)

.bss       0    08001500    00004224     UNINITIALIZED
                  08001500    00004054     (.common:dashboard_data)
                  08005554    00000078     spi.obj (.bss:g_spiPacket_t)
                  080055cc    00000069     sys_main.obj (.bss:display_data)
                  08005635    00000003     --HOLE--
                  08005638    00000028     sci.obj (.bss:g_sciTransfer_t)
                  08005660    0000000a     (.common:dynamic_data)
                  0800566a    0000000a     (.common:motor1_data)
                  08005674    0000000a     (.common:motor2_data)
                  0800567e    0000000a     (.common:sensors_data)
                  08005688    0000000a     (.common:speed_data)
                  08005692    00000009     (.common:buttons_data)
                  0800569b    00000009     (.common:drivers_status_data)
                  080056a4    00000009     (.common:on_board_status_data)
                  080056ad    00000008     test_main_ecu.obj (.bss:dynamic_msg)
                  080056b5    00000008     test_main_ecu.obj (.bss:motor1_msg)
                  080056bd    00000008     test_main_ecu.obj (.bss:motor2_msg)
                  080056c5    00000008     test_main_ecu.obj (.bss:sensors_msg)
                  080056cd    00000008     test_main_ecu.obj (.bss:status_msg)
                  080056d5    00000008     test_main_ecu.obj (.bss:wheel_speed_msg)
                  080056dd    00000003     --HOLE--
                  080056e0    00000004     (.common:EVE_DISP_CSPREAD)
                  080056e4    00000004     (.common:EVE_DISP_DITHER)
                  080056e8    00000004     (.common:EVE_DISP_HCYCLE)
                  080056ec    00000004     (.common:EVE_DISP_HEIGHT)
                  080056f0    00000004     (.common:EVE_DISP_HOFFSET)
                  080056f4    00000004     (.common:EVE_DISP_HSYNC0)
                  080056f8    00000004     (.common:EVE_DISP_HSYNC1)
                  080056fc    00000004     (.common:EVE_DISP_PCLK)
                  08005700    00000004     (.common:EVE_DISP_PCLKPOL)
                  08005704    00000004     (.common:EVE_DISP_PCLK_FREQ)
                  08005708    00000004     (.common:EVE_DISP_SWIZZLE)
                  0800570c    00000004     (.common:EVE_DISP_VCYCLE)
                  08005710    00000004     (.common:EVE_DISP_VOFFSET)
                  08005714    00000004     (.common:EVE_DISP_VSYNC0)
                  08005718    00000004     (.common:EVE_DISP_VSYNC1)
                  0800571c    00000004     (.common:EVE_DISP_WIDTH)
                  08005720    00000004     (.common:EVE_TOUCH_ADDR)

.data      0    08005858    0000006d     UNINITIALIZED
                  08005858    00000040     test_main_ecu.obj (.data)
                  08005898    00000010     dashboard.obj (.data)
                  080058a8    0000000a     ui_touch.obj (.data)
                  080058b2    00000002     pages.obj (.data)
                  080058b4    00000008     F021_API_CortexR4_BE_V3D16_NDS.lib : FlashStateMachine.ScaleFclk.obj (.data)
                  080058bc    00000004     EVE_MCU.obj (.data:dataconfig)
                  080058c0    00000004     rtsv7R4_T_be_v3D16_eabi.lib : errno.c.obj (.data)
                  080058c4    00000001     F021_API_CortexR4_BE_V3D16_NDS.lib : FlashStateMachine.SetActiveBank.obj (.data)

FEE_TEXT_SECTION 
*          0    0001bb24    00001624     
                  0001bb24    00000c3c     ti_fee_writeAsync.obj (FEE_TEXT_SECTION)
                  0001c760    000009e8     ti_fee_readSync.obj (FEE_TEXT_SECTION)

FEE_CONST_SECTION 
*          0    0001d4d4    000000a0     
                  0001d4d4    00000084     Device_TMS570LS12.obj (FEE_CONST_SECTION)
                  0001d558    0000001c     ti_fee_cfg.obj (FEE_CONST_SECTION)

FEE_DATA_SECTION 
*          0    08005724    00000131     UNINITIALIZED
                  08005724    000000f5     ti_fee_ini.obj (FEE_DATA_SECTION)
                  08005819    00000001     ti_fee_main.obj (FEE_DATA_SECTION)
                  0800581a    00000002     --HOLE--
                  0800581c    0000002e     ti_fee_util.obj (FEE_DATA_SECTION:uninit)
                  0800584a    00000002     --HOLE--
                  0800584c    00000009     ti_fee_util.obj (FEE_DATA_SECTION:init)

__llvm_prf_cnts 
*          0    08001500    00000000     UNINITIALIZED

.init_array 
*          0    0001d574    00000004     
                  0001d574    00000004     sys_main.obj (.init_array)

MODULE SUMMARY

       Module                                        code     ro data   rw data
       ------                                        ----     -------   -------
    .\ft81x_driver\
       EVE_API.obj                                   8768     0         0      
       Bridgetek_EVE2.obj                            2000     105       68     
       EVE_MCU.obj                                   1176     0         4      
       EVE_HAL.obj                                   960      0         0      
    +--+---------------------------------------------+--------+---------+---------+
       Total:                                        12904    105       72     
                                                                               
    .\source\
       dashboard.obj                                 11204    0         16484  
       ti_fee_util.obj                               22468    0         55     
       sys_selftest.obj                              11484    0         0      
       ti_fee_ini.obj                                5992     0         245    
       can.obj                                       4840     32        0      
       ti_fee_main.obj                               4320     0         1      
       sys_vim.obj                                   3364     512       0      
       ui_touch.obj                                  3236     0         10     
       spi.obj                                       3032     0         120    
       ti_fee_writeAsync.obj                         3132     0         0      
       sci.obj                                       2944     0         40     
       system.obj                                    2916     0         0      
       ti_fee_readSync.obj                           2536     0         0      
       pinmux.obj                                    2236     0         0      
       test_main_ecu.obj                             2048     0         112    
       rti.obj                                       1884     0         0      
       esm.obj                                       1744     0         0      
       errata_SSWF021_45.obj                         1636     0         0      
       data.obj                                      1192     0         77     
       gio.obj                                       1156     0         0      
       sys_core.obj                                  844      0         0      
       sys_startup.obj                               652      0         0      
       sys_main.obj                                  508      4         105    
       ui_buttons.obj                                592      0         0      
       ui_rpm_bar.obj                                464      0         0      
       notification.obj                              260      0         0      
       dabort.obj                                    232      0         0      
       sys_pmu.obj                                   224      0         0      
       Device_TMS570LS12.obj                         0        132       0      
       sys_intvecs.obj                               32       0         0      
       ti_fee_cfg.obj                                0        28        0      
       Fapi_UserDefinedFunctions.obj                 16       0         0      
       sys_phantom.obj                               4        0         0      
       pages.obj                                     0        0         2      
    +--+---------------------------------------------+--------+---------+---------+
       Total:                                        97192    708       17251  
                                                                               
    C:/ti/Hercules/F021 Flash API/02.01.01/F021_API_CortexR4_BE_V3D16_NDS.lib
       FlashStateMachine.InitializeFlashBanks.obj    636      0         0      
       FlashStateMachine.SetActiveBank.obj           380      0         1      
       FlashStateMachine.EnableEepromSectors.obj     196      0         0      
       BlankCheck.obj                                148      0         0      
       Read.LoopDword.obj                            94       0         0      
       FlashStateMachine.Hercules.IsEccAddress.obj   80       0         0      
       FlashStateMachine.IssueFsmCommand.obj         60       0         0      
       Utilities.CalculateFletcher.obj               54       0         0      
       Async.WithAddress.obj                         48       0         0      
       Utilities.WaitDelay.obj                       48       0         0      
       Read.Common.obj                               44       0         0      
       Async.obj                                     42       0         0      
       FlashStateMachine.ScaleFclk.obj               32       0         8      
       Read.FlushPipeline.obj                        34       0         0      
       Utilities.GetNumberOfSectors.obj              16       0         0      
       Read.WdService.obj                            12       0         0      
    +--+---------------------------------------------+--------+---------+---------+
       Total:                                        1924     0         9      
                                                                               
    C:/ti/ccs1281/ccs/tools/compiler/ti-cgt-arm_20.2.7.LTS/lib/rtsv7R4_T_be_v3D16_eabi.lib
       _printfi.c.obj                                4673     0         0      
       ull_div32.asm.obj                             692      0         0      
       ctype.c.obj                                   0        257       0      
       s_scalbn.c.obj                                240      0         0      
       s_floor.c.obj                                 224      0         0      
       memcpy_t2.asm.obj                             156      0         0      
       memset_t2.asm.obj                             122      0         0      
       s_frexp.c.obj                                 116      0         0      
       copy_decompress_lzss.c.obj                    108      0         0      
       sprintf.c.obj                                 100      0         0      
       autoinit.c.obj                                96       0         0      
       _ltoa.c.obj                                   84       0         0      
       i_div32.asm.obj                               84       0         0      
       atoi.c.obj                                    80       0         0      
       u_div32.asm.obj                               80       0         0      
       strstr.c.obj                                  56       0         0      
       memccpy.c.obj                                 38       0         0      
       s_copysign.c.obj                              30       0         0      
       strchr.c.obj                                  22       0         0      
       strlen.c.obj                                  22       0         0      
       wcslen.c.obj                                  18       0         0      
       copy_decompress_none.c.obj                    14       0         0      
       copy_zero_init.c.obj                          12       0         0      
       errno.c.obj                                   8        0         4      
       exit.c.obj                                    4        0         0      
       div0.asm.obj                                  2        0         0      
    +--+---------------------------------------------+--------+---------+---------+
       Total:                                        7081     257       4      
                                                                               
       Linker Generated:                             0        86        0      
    +--+---------------------------------------------+--------+---------+---------+
       Grand Total:                                  119101   1156      17336  


LINKER GENERATED COPY TABLES

__TI_cinit_table @ 0001d5c0 records: 3, size/record: 8, table size: 24
	.data: load addr=0001d578, load size=00000021 bytes, run addr=08005858, run size=0000006d bytes, compression=lzss
	FEE_DATA_SECTION: load addr=0001d5a8, load size=00000009 bytes, run addr=08005724, run size=00000131 bytes, compression=lzss
	.bss: load addr=0001d5b8, load size=00000008 bytes, run addr=08001500, run size=00004224 bytes, compression=zero_init


LINKER GENERATED HANDLER TABLE

__TI_handler_table @ 0001d59c records: 3, size/record: 4, table size: 12
	index: 0, handler: __TI_zero_init
	index: 1, handler: __TI_decompress_lzss
	index: 2, handler: __TI_decompress_none

VENEERS

callee name               veneer name
   callee addr  veneer addr  call addr  call info
--------------  -----------  ---------  ----------------
Fapi_serviceWatchdogTimer  $Ven$TA$L$PI$$Fapi_serviceWatchdogTimer
   0001bb00     0001bb1c     0001bae4   F021_API_CortexR4_BE_V3D16_NDS.lib : Read.WdService.obj (.text:_Fapi_checkWdService)

[1 trampolines]
[1 trampoline calls]


GLOBAL SYMBOLS: SORTED ALPHABETICALLY BY Name 

address   name                                                         
-------   ----                                                         
0001bb11  C$$EXIT                                                      
0000ca70  COUNT_ARGS                                                   
0001d4d4  Device_FlashDevice                                           
0000ba4c  EVE_ALPHA_FUNC                                               
0000bd00  EVE_BEGIN                                                    
0000b910  EVE_BITMAP_HANDLE                                            
0000b958  EVE_BITMAP_LAYOUT                                            
0000bfb4  EVE_BITMAP_LAYOUT_H                                          
0000b9a0  EVE_BITMAP_SIZE                                              
0000bfe8  EVE_BITMAP_SIZE_H                                            
0000b934  EVE_BITMAP_SOURCE                                            
0000be68  EVE_BITMAP_TRANSFORM_A                                       
0000beac  EVE_BITMAP_TRANSFORM_B                                       
0000bee4  EVE_BITMAP_TRANSFORM_C                                       
0000bf10  EVE_BITMAP_TRANSFORM_D                                       
0000bf48  EVE_BITMAP_TRANSFORM_E                                       
0000bf6c  EVE_BITMAP_TRANSFORM_F                                       
0000bac8  EVE_BLEND_FUNC                                               
0000bcb8  EVE_CALL                                                     
0000ba04  EVE_CELL                                                     
0000b7d0  EVE_CLEAR                                                    
0000b7ac  EVE_CLEAR_COLOR                                              
0000bb78  EVE_CLEAR_COLOR_A                                            
0000b764  EVE_CLEAR_COLOR_RGB                                          
0000bbc0  EVE_CLEAR_STENCIL                                            
0000bbe4  EVE_CLEAR_TAG                                                
0000b748  EVE_CMD                                                      
0000c70c  EVE_CMD_APPEND                                               
0000c2e4  EVE_CMD_BGCOLOR                                              
0000c5e4  EVE_CMD_BITMAP_TRANSFORM                                     
0000cbbc  EVE_CMD_BUTTON                                               
0000c67c  EVE_CMD_CALIBRATE                                            
0000c79c  EVE_CMD_CLOCK                                                
0000c948  EVE_CMD_COLDSTART                                            
0000cd94  EVE_CMD_CSKETCH                                              
0000c960  EVE_CMD_DIAL                                                 
0000c9e0  EVE_CMD_DLSTART                                              
0000c3ec  EVE_CMD_FGCOLOR                                              
0000c18c  EVE_CMD_GAUGE                                                
0000c4cc  EVE_CMD_GETMATRIX                                            
0000c224  EVE_CMD_GETPROPS                                             
0000c8c4  EVE_CMD_GETPTR                                               
0000c5c0  EVE_CMD_GRADCOLOR                                            
0000c804  EVE_CMD_GRADIENT                                             
0000c6a0  EVE_CMD_INFLATE                                              
0000c3c8  EVE_CMD_INTERRUPT                                            
0000c0a8  EVE_CMD_KEYS                                                 
0000c174  EVE_CMD_LOADIDENTITY                                         
0000c9b0  EVE_CMD_LOADIMAGE                                            
0000c6f4  EVE_CMD_LOGO                                                 
0000ce18  EVE_CMD_MEDIAFIFO                                            
0000c260  EVE_CMD_MEMCPY                                               
0000ca34  EVE_CMD_MEMCRC                                               
0000c584  EVE_CMD_MEMSET                                               
0000c434  EVE_CMD_MEMWRITE                                             
0000c73c  EVE_CMD_MEMZERO                                              
0000c124  EVE_CMD_NUMBER                                               
0000ce90  EVE_CMD_PLAYVIDEO                                            
0000c8e8  EVE_CMD_PROGRESS                                             
0000c1f4  EVE_CMD_REGREAD                                              
0000ce60  EVE_CMD_ROMFONT                                              
0000c410  EVE_CMD_ROTATE                                               
0000c76c  EVE_CMD_SCALE                                                
0000ca1c  EVE_CMD_SCREENSAVER                                          
0000c464  EVE_CMD_SCROLLBAR                                            
0000cf00  EVE_CMD_SETBASE                                              
0000cf24  EVE_CMD_SETBITMAP                                            
0000c6c4  EVE_CMD_SETFONT                                              
0000cf90  EVE_CMD_SETFONT2                                             
0000c85c  EVE_CMD_SETMATRIX                                            
0000cdf4  EVE_CMD_SETROTATE                                            
0000cf6c  EVE_CMD_SETSCRATCH                                           
0000c52c  EVE_CMD_SKETCH                                               
0000c368  EVE_CMD_SLIDER                                               
0000c9f8  EVE_CMD_SNAPSHOT                                             
0000cfcc  EVE_CMD_SNAPSHOT2                                            
0000c29c  EVE_CMD_SPINNER                                              
0000c350  EVE_CMD_STOP                                                 
0000c308  EVE_CMD_SWAP                                                 
0000ce48  EVE_CMD_SYNC                                                 
0000cae4  EVE_CMD_TEXT                                                 
0000cca8  EVE_CMD_TOGGLE                                               
0000c874  EVE_CMD_TRACK                                                
0000c320  EVE_CMD_TRANSLATE                                            
0000ceb8  EVE_CMD_VIDEOFRAME                                           
0000cee8  EVE_CMD_VIDEOSTART                                           
0000b860  EVE_COLOR                                                    
0000bb9c  EVE_COLOR_A                                                  
0000bd24  EVE_COLOR_MASK                                               
0000b818  EVE_COLOR_RGB                                                
0000be28  EVE_DISPLAY                                                  
080056e0  EVE_DISP_CSPREAD                                             
080056e4  EVE_DISP_DITHER                                              
080056e8  EVE_DISP_HCYCLE                                              
080056ec  EVE_DISP_HEIGHT                                              
080056f0  EVE_DISP_HOFFSET                                             
080056f4  EVE_DISP_HSYNC0                                              
080056f8  EVE_DISP_HSYNC1                                              
080056fc  EVE_DISP_PCLK                                                
08005700  EVE_DISP_PCLKPOL                                             
08005704  EVE_DISP_PCLK_FREQ                                           
08005708  EVE_DISP_SWIZZLE                                             
0800570c  EVE_DISP_VCYCLE                                              
08005710  EVE_DISP_VOFFSET                                             
08005714  EVE_DISP_VSYNC0                                              
08005718  EVE_DISP_VSYNC1                                              
0800571c  EVE_DISP_WIDTH                                               
0000bd7c  EVE_END                                                      
0000ade4  EVE_Init                                                     
0000bcdc  EVE_JUMP                                                     
0000b054  EVE_LIB_AwaitCoProEmpty                                      
0000b028  EVE_LIB_BeginCoProList                                       
0000b6b0  EVE_LIB_BitmapTransform                                      
0000b044  EVE_LIB_EndCoProList                                         
0000b5c0  EVE_LIB_GetMatrix                                            
0000b530  EVE_LIB_GetProps                                             
0000b590  EVE_LIB_GetPtr                                               
0000b060  EVE_LIB_GetResult                                            
0000b670  EVE_LIB_MemCrc                                               
0000b43c  EVE_LIB_MemRead16                                            
0000b40c  EVE_LIB_MemRead32                                            
0000b46c  EVE_LIB_MemRead8                                             
0000b420  EVE_LIB_MemWrite16                                           
0000b3f0  EVE_LIB_MemWrite32                                           
0000b450  EVE_LIB_MemWrite8                                            
0000b1c4  EVE_LIB_ReadDataFromRAMG                                     
0000b480  EVE_LIB_SendString                                           
0000b2b8  EVE_LIB_WriteDataToCMD                                       
0000b0c0  EVE_LIB_WriteDataToRAMG                                      
0000bb54  EVE_LINE_WIDTH                                               
0000bdec  EVE_MACRO                                                    
0000c090  EVE_NOP                                                      
0000c020  EVE_PALETTE_SOURCE                                           
0000bb30  EVE_POINT_SIZE                                               
0000bdac  EVE_RESTORE_CONTEXT                                          
0000bdc4  EVE_RETURN                                                   
0000bd94  EVE_SAVE_CONTEXT                                             
0000bc84  EVE_SCISSOR_SIZE                                             
0000bc50  EVE_SCISSOR_XY                                               
0000ba80  EVE_STENCIL_FUNC                                             
0000bc08  EVE_STENCIL_MASK                                             
0000bafc  EVE_STENCIL_OP                                               
0000ba28  EVE_TAG                                                      
0000bc2c  EVE_TAG_MASK                                                 
08005720  EVE_TOUCH_ADDR                                               
0000b884  EVE_VERTEX2F                                                 
0000b8b8  EVE_VERTEX2II                                                
0000bf90  EVE_VERTEX_FORMAT                                            
0000c044  EVE_VERTEX_TRANSLATE_X                                       
0000c06c  EVE_VERTEX_TRANSLATE_Y                                       
0001b6bd  Fapi_calculateFletcherChecksum                               
0001ae59  Fapi_doBlankCheck                                            
0001aeed  Fapi_enableEepromBankSectors                                 
0001b84b  Fapi_flushPipeline                                           
0001ba21  Fapi_getNumberOfBankSectors                                  
000194cd  Fapi_initializeFlashBanks                                    
0001b3bd  Fapi_isAddressEcc                                            
0001b781  Fapi_issueAsyncCommand                                       
0001b6f5  Fapi_issueAsyncCommandWithAddress                            
0001bb00  Fapi_serviceWatchdogTimer                                    
0001a2bd  Fapi_setActiveFlashBank                                      
0001b725  Fapi_waitDelay                                               
0001d564  Fee_BlockConfiguration                                       
0001d558  Fee_VirtualSectorConfiguration                               
00018950  HAL_CheckCmdFreeSpace                                        
0001863c  HAL_ChipSelect                                               
00018630  HAL_EVE_Deinit                                               
000185b8  HAL_EVE_Init                                                 
000188f0  HAL_GetCmdPointer                                            
000188a8  HAL_HostCmdWrite                                             
000188e0  HAL_IncCmdPointer                                            
00018848  HAL_MemRead16                                                
00018818  HAL_MemRead32                                                
00018878  HAL_MemRead8                                                 
000187b8  HAL_MemWrite16                                               
00018788  HAL_MemWrite32                                               
000187e8  HAL_MemWrite8                                                
00018660  HAL_PowerDown                                                
00018720  HAL_Read                                                     
0001875c  HAL_Read16                                                   
0001873c  HAL_Read32                                                   
00018774  HAL_Read8                                                    
000186a4  HAL_SetReadAddress                                           
00018684  HAL_SetWriteAddress                                          
00018908  HAL_WaitCmdFifoEmpty                                         
000186c0  HAL_Write                                                    
000186f4  HAL_Write16                                                  
000186dc  HAL_Write32                                                  
0001870c  HAL_Write8                                                   
00016b94  IsdwdKeySequenceCorrect                                      
00017928  MCU_CShigh                                                   
00017910  MCU_CSlow                                                    
00017908  MCU_Deinit                                                   
00017ad8  MCU_Delay_20ms                                               
00017b18  MCU_Delay_500ms                                              
000178c4  MCU_Init                                                     
00017958  MCU_PDhigh                                                   
00017940  MCU_PDlow                                                    
00017c3c  MCU_SPIRead                                                  
00017b7c  MCU_SPIRead16                                                
00017ba0  MCU_SPIRead24                                                
00017bc4  MCU_SPIRead32                                                
00017b58  MCU_SPIRead8                                                 
00017be8  MCU_SPIWrite                                                 
00017b8c  MCU_SPIWrite16                                               
00017bb0  MCU_SPIWrite24                                               
00017bd4  MCU_SPIWrite32                                               
00017b68  MCU_SPIWrite8                                                
0001790c  MCU_Setup                                                    
00017cec  MCU_be16toh                                                  
00017d08  MCU_be32toh                                                  
00017c90  MCU_htobe16                                                  
00017cac  MCU_htobe32                                                  
00017cc4  MCU_htole16                                                  
00017cd8  MCU_htole32                                                  
00017d20  MCU_le16toh                                                  
00017d34  MCU_le32toh                                                  
0001d574  SHT$$INIT_ARRAY$$Base                                        
0001d578  SHT$$INIT_ARRAY$$Limit                                       
00011e40  SpiRxStatus                                                  
00011db4  SpiTxStatus                                                  
00000af4  TI_FeeInternal_AlignAddressForECC                            
00001188  TI_FeeInternal_BlankCheck                                    
00004f2c  TI_FeeInternal_CheckForError                                 
00002a54  TI_FeeInternal_CheckModuleState                              
00002ab4  TI_FeeInternal_CheckReadParameters                           
000056c0  TI_FeeInternal_EnableRequiredFlashSector                     
00003044  TI_FeeInternal_FeeManager                                    
00000ec4  TI_FeeInternal_FindNextVirtualSector                         
000050ac  TI_FeeInternal_Fletcher16                                    
00001d24  TI_FeeInternal_GetArrayIndex                                 
00001c68  TI_FeeInternal_GetBlockIndex                                 
00001c2c  TI_FeeInternal_GetBlockNumber                                
00000e84  TI_FeeInternal_GetBlockSize                                  
00002be4  TI_FeeInternal_GetCurrentBlockAddress                        
00001ce8  TI_FeeInternal_GetDataSetIndex                               
00002ce8  TI_FeeInternal_GetNextFlashAddress                           
00001a50  TI_FeeInternal_GetVirtualSectorIndex                         
00000020  TI_FeeInternal_GetVirtualSectorParameter                     
00004b0c  TI_FeeInternal_InvalidateErase                               
00000e08  TI_FeeInternal_PollFlashStatus                               
00002d38  TI_FeeInternal_SanityCheck                                   
00002f28  TI_FeeInternal_SetClearCopyBlockState                        
00004dbc  TI_FeeInternal_StartProgramBlock                             
00001e90  TI_FeeInternal_UpdateBlockOffsetArray                        
000044bc  TI_FeeInternal_WriteBlockHeader                              
00000664  TI_FeeInternal_WriteDataF021                                 
00000b2c  TI_FeeInternal_WriteInitialize                               
00004814  TI_FeeInternal_WritePreviousBlockHeader                      
000001b8  TI_FeeInternal_WriteVirtualSectorHeader                      
000051d8  TI_Fee_ErrorRecovery                                         
08005818  TI_Fee_FapiInitCalled                                        
00004ec0  TI_Fee_GetStatus                                             
08005724  TI_Fee_GlobalVariables                                       
0000d0a8  TI_Fee_Init                                                  
0000f8d8  TI_Fee_MainFunction                                          
0001c760  TI_Fee_ReadSync                                              
000054b0  TI_Fee_SuspendResumeErase                                    
0001bb24  TI_Fee_WriteAsync                                            
08005801  TI_Fee_bEraseSuspended                                       
08005802  TI_Fee_bIsMainFunctionCalled                                 
08005804  TI_Fee_oStatusWord                                           
080057fc  TI_Fee_u32ActCpyVS                                           
080057f4  TI_Fee_u32BlockEraseCount                                    
080057f0  TI_Fee_u32FletcherChecksum                                   
080057ec  TI_Fee_u8DataSets                                            
080057f8  TI_Fee_u8DeviceIndex                                         
08005800  TI_Fee_u8ErrEraseVS                                          
08005808  TI_FlashStatusWord                                           
0001b549  _Fapi_EnableSectors                                          
0001badf  _Fapi_checkWdService                                         
0001b60d  _Fapi_issueFsmCommand                                        
0001b209  _Fapi_loopRegionForValue                                     
0001b755  _Fapi_readDword                                              
00010df8  _Z10eve_get_xyR14Bridgetek_EVE2PtS1_                         
000088f4  _Z11draw_centerR14Bridgetek_EVE2P16dashboard_data_t          
00008b44  _Z11draw_statusR14Bridgetek_EVE2P16dashboard_data_t          
00017464  _Z11update_datav                                             
00010ba0  _Z12eve_read_tagR14Bridgetek_EVE2Ph                          
00010c0c  _Z13eve_calibrateR14Bridgetek_EVE2                           
00008fe0  _Z14init_dashboardP16dashboard_data_t                        
000109b8  _Z15loadCalibrationR14Bridgetek_EVE2                         
00010a74  _Z15saveCalibrationR14Bridgetek_EVE2                         
0001972c  _Z15ui_draw_buttonsR14Bridgetek_EVE2P16dashboard_data_t      
00019db0  _Z15ui_draw_rpm_barR14Bridgetek_EVE2f                        
00010e74  _Z15ui_handle_touchR14Bridgetek_EVE2P16dashboard_data_t      
00008768  _Z16draw_motor_blockR14Bridgetek_EVE2iPKcfff                 
00017970  _Z17MCU_SPIReadWrite8h                                       
000179b8  _Z18MCU_SPIReadWrite16t                                      
00017a00  _Z18MCU_SPIReadWrite24j                                      
00017a60  _Z18MCU_SPIReadWrite32j                                      
000092e4  _Z21update_dashboard_dataP16dashboard_data_t                 
000095e8  _Z21update_dashboard_drawR14Bridgetek_EVE2P16dashboard_data_t
0001b920  _Z3absf                                                      
0001b938  _Z4fabsf                                                     
00010b2c  _Z5delayi                                                    
0000871c  _Z7dtostrfdahPc                                              
0001741c  _Z9init_datav                                                
0001b140  _ZN14Bridgetek_EVE210CMD_BUTTONEssssstPKcz                   
0001b648  _ZN14Bridgetek_EVE210CMD_NUMBEREsssti                        
000152ac  _ZN14Bridgetek_EVE210DISP_WIDTHEv                            
0001ba30  _ZN14Bridgetek_EVE211CMD_DLSTARTEv                           
000152c4  _ZN14Bridgetek_EVE211DISP_HEIGHTEv                           
0001b4fc  _ZN14Bridgetek_EVE212CMD_PROGRESSEssssttt                    
0001b950  _ZN14Bridgetek_EVE212LIB_MemRead8Ej                          
0001b968  _ZN14Bridgetek_EVE213CMD_CALIBRATEEj                         
0001b980  _ZN14Bridgetek_EVE213LIB_MemRead16Ej                         
0001b998  _ZN14Bridgetek_EVE213LIB_MemRead32Ej                         
0001b86c  _ZN14Bridgetek_EVE213LIB_MemWrite8Ejh                        
0001b88c  _ZN14Bridgetek_EVE214LIB_MemWrite32Ejj                       
0001b7ac  _ZN14Bridgetek_EVE215CLEAR_COLOR_RGBEhhh                     
0001ba40  _ZN14Bridgetek_EVE216LIB_EndCoProListEv                      
0001ba50  _ZN14Bridgetek_EVE218LIB_BeginCoProListEv                    
0001ba60  _ZN14Bridgetek_EVE219LIB_AwaitCoProEmptyEv                   
0001ba70  _ZN14Bridgetek_EVE23ENDEv                                    
0001b9b0  _ZN14Bridgetek_EVE23TAGEh                                    
0001ba80  _ZN14Bridgetek_EVE24InitEv                                   
0001b9c8  _ZN14Bridgetek_EVE25BEGINEh                                  
0001b7d4  _ZN14Bridgetek_EVE25CLEAREhhh                                
00015290  _ZN14Bridgetek_EVE25setupEj                                  
0001ba90  _ZN14Bridgetek_EVE27DISPLAYEv                                
0001baa0  _ZN14Bridgetek_EVE28CMD_SWAPEv                               
0001b268  _ZN14Bridgetek_EVE28CMD_TEXTEssstPKcz                        
0001b8ac  _ZN14Bridgetek_EVE28VERTEX2FEss                              
000152dc  _ZN14Bridgetek_EVE28setpanelEj                               
0001b7fc  _ZN14Bridgetek_EVE29COLOR_RGBEhhh                            
0001524c  _ZN14Bridgetek_EVE2C1Ev                                      
0001524c  _ZN14Bridgetek_EVE2C2Ev                                      
0001d5c0  __TI_CINIT_Base                                              
0001d5d8  __TI_CINIT_Limit                                             
0001d59c  __TI_Handler_Table_Base                                      
0001d5a8  __TI_Handler_Table_Limit                                     
00018cbc  __TI_PINIT_Base                                              
00018cc0  __TI_PINIT_Limit                                             
0001b1a9  __TI_auto_init_nobinit                                       
0001b0d5  __TI_decompress_lzss                                         
0001bad1  __TI_decompress_none                                         
0001b2c1  __TI_ltoa                                                    
ffffffff  __TI_pprof_out_hndl                                          
00013741  __TI_printfi                                                 
ffffffff  __TI_prof_data_size                                          
ffffffff  __TI_prof_data_start                                         
00000000  __TI_static_base__                                           
0001baeb  __TI_zero_init                                               
0001bb09  __aeabi_errno_addr                                           
0001b368  __aeabi_idiv                                                 
0001418f  __aeabi_idiv0                                                
0001b368  __aeabi_idivmod                                              
0001418f  __aeabi_ldiv0                                                
0001afe7  __aeabi_memclr                                               
0001afe7  __aeabi_memclr4                                              
0001afe7  __aeabi_memclr8                                              
0001adbb  __aeabi_memcpy                                               
0001adbb  __aeabi_memcpy4                                              
0001adbb  __aeabi_memcpy8                                              
0001afe9  __aeabi_memset                                               
0001afe9  __aeabi_memset4                                              
0001afe9  __aeabi_memset8                                              
0001b4ac  __aeabi_uidiv                                                
0001b4ac  __aeabi_uidivmod                                             
00018f90  __aeabi_uldivmod                                             
ffffffff  __binit__                                                    
ffffffff  __c_args__                                                   
08001500  __start___llvm_prf_cnts                                      
00019d74  __sti___12_sys_main_cpp_26991e22                             
08001500  __stop___llvm_prf_cnts                                       
00019244  _c_int00                                                     
00018bd4  _coreClearAuxiliaryDataFault_                                
00018be8  _coreClearAuxiliaryInstructionFault_                         
00018bac  _coreClearDataFaultAddress_                                  
00018b84  _coreClearDataFault_                                         
00018bc0  _coreClearInstructionFaultAddress_                           
00018b98  _coreClearInstructionFault_                                  
00018b18  _coreDisableEventBusExport_                                  
00018b5c  _coreDisableFlashEcc_                                        
00018b38  _coreDisableRamEcc_                                          
00018b08  _coreEnableEventBusExport_                                   
00018b48  _coreEnableFlashEcc_                                         
00018b6c  _coreEnableIrqVicOffset_                                     
00018b28  _coreEnableRamEcc_                                           
00018af0  _coreEnableVfp_                                              
00018bcc  _coreGetAuxiliaryDataFault_                                  
00018be0  _coreGetAuxiliaryInstructionFault_                           
00018ba4  _coreGetDataFaultAddress_                                    
00018b7c  _coreGetDataFault_                                           
00018bb8  _coreGetInstructionFaultAddress_                             
00018b90  _coreGetInstructionFault_                                    
00018978  _coreInitRegisters_                                          
00018a84  _coreInitStackPointer_                                       
0001d348  _ctypes_                                                     
0001aa64  _dabort                                                      
00018bfc  _disable_FIQ_interrupt_                                      
00018c04  _disable_IRQ_interrupt_                                      
00018bf4  _disable_interrupt_                                          
00018c0c  _enable_interrupt_                                           
00018c9c  _errata_CORTEXR4_57_                                         
00018cac  _errata_CORTEXR4_66_                                         
000161c4  _errata_SSWF021_45_both_plls                                 
000163b8  _errata_SSWF021_45_pll1                                      
00016530  _errata_SSWF021_45_pll2                                      
00018c14  _esmCcmErrorsClear_                                          
00018ad0  _getCPSRValue_                                               
00018ad8  _gotoCPUIdle_                                                
0001ac88  _pmuDisableCountersGlobal_                                   
0001ac78  _pmuEnableCountersGlobal_                                    
0001ace4  _pmuGetCycleCount_                                           
0001acec  _pmuGetEventCount_                                           
0001acf8  _pmuGetOverflow_                                             
0001ac2c  _pmuInit_                                                    
0001acb8  _pmuResetCounters_                                           
0001ac98  _pmuResetCycleCounter_                                       
0001aca8  _pmuResetEventCounters_                                      
0001acd8  _pmuSetCountEvent_                                           
0001acc8  _pmuStartCounters_                                           
0001acd0  _pmuStopCounters_                                            
0001bab1  _scaleEEFclk                                                 
0001bac1  _scaleMainFclk                                               
UNDEFED   _system_post_cinit                                           
0001bb11  abort                                                        
00006a30  adc1ParityCheck                                              
00006b1c  adc2ParityCheck                                              
0001b45d  atoi                                                         
ffffffff  binit                                                        
08005692  buttons_data                                                 
080058a0  cal_left_steer_timer                                         
080058a4  cal_right_steer_timer                                        
08005898  cal_tps_0_timer                                              
0800589c  cal_tps_100_timer                                            
0000f704  can1GetConfigValue                                           
0001a120  can1HighLevelInterrupt                                       
0001a208  can1LowLevelInterrupt                                        
00006bd4  can1ParityCheck                                              
00006cac  can2ParityCheck                                              
00006d74  can3ParityCheck                                              
0000f554  canDisableErrorNotification                                  
0000f534  canDisableStatusChangeNotification                           
0000f5ac  canDisableloopback                                           
0000f4f4  canEnableErrorNotification                                   
0000f514  canEnableStatusChangeNotification                            
0000f574  canEnableloopback                                            
0001a7dc  canErrorNotification                                         
0000f29c  canFillMessageObjectData                                     
0000efc4  canGetData                                                   
0000f4d0  canGetErrorLevel                                             
0000f11c  canGetID                                                     
0000f4ac  canGetLastError                                              
0000e78c  canInit                                                      
0000f698  canIoRxGetBit                                                
0000f5dc  canIoSetDirection                                            
0000f62c  canIoSetPort                                                 
0000f67c  canIoTxGetBit                                                
0000f450  canIsMessageBoxValid                                         
0000f3f4  canIsRxMessageArrived                                        
0000f398  canIsTxMessagePending                                        
00019cb4  canMessageNotification                                       
0000f1fc  canSendRemoteFrame                                           
0001a7f0  canStatusChangeNotification                                  
0000eec8  canTransmit                                                  
0000f184  canUpdateID                                                  
000057f4  ccmSelfCheck                                                 
00007ec0  ccmr4GetConfigValue                                          
000060fc  checkB0RAMECC                                                
000062ec  checkB1RAMECC                                                
000073dc  checkClockMonitor                                            
000064dc  checkFlashECC                                                
000074b8  checkFlashEEPROMECC                                          
00007650  checkPLL1Slip                                                
00007750  checkPLL2Slip                                                
00007814  checkRAMAddrParity                                           
00007194  checkRAMECC                                                  
00007920  checkRAMUERRTest                                             
00005f80  checkefcSelfTest                                             
0001b8cd  copysign                                                     
0001b8cd  copysignl                                                    
000059f8  cpuSelfTest                                                  
000065c0  cpuSelfTestFail                                              
080058b3  current_graph                                                
080058b2  current_page                                                 
00012c0c  customTrimLPO                                                
000065b8  custom_dabort                                                
08001500  dashboard_data                                               
0000831c  disableParity                                                
080055cc  display_data                                                 
0001a864  dmaGroupANotification                                        
00006670  dmaParityCheck                                               
0800569b  drivers_status_data                                          
00016bfc  dwdClearFlag                                                 
00016b30  dwdCounterEnable                                             
00016b78  dwdGenerateSysReset                                          
00016bc8  dwdGetStatus                                                 
00016c0c  dwdGetViolationStatus                                        
00016ab4  dwdInit                                                      
00016b5c  dwdReset                                                     
00016b40  dwdSetPreload                                                
00016b24  dwwdGetCurrentDownCounter                                    
00016adc  dwwdInit                                                     
08005660  dynamic_data                                                 
00005e24  efcCheck                                                     
00007e24  efcGetConfigValue                                            
00005f58  efcSelfTest                                                  
00005eac  efcStuckZeroTest                                             
00008294  enableParity                                                 
00007f30  errata_PBIST_4                                               
080058c0  errno                                                        
00016fe4  esmActivateNormalOperation                                   
000170b8  esmClearStatus                                               
000170f8  esmClearStatusBuffer                                         
00016fac  esmDisableError                                              
0001701c  esmDisableInterrupt                                          
00016f84  esmEnableError                                               
00016ff4  esmEnableInterrupt                                           
000171f0  esmEnterSelfTest                                             
00016f68  esmError                                                     
000172c8  esmGetConfigValue                                            
00017134  esmGetStatus                                                 
000171b8  esmGetStatusBuffer                                           
0001a774  esmGroup1Notification                                        
0001a784  esmGroup2Notification                                        
0001a55c  esmHighInterrupt                                             
00016e60  esmInit                                                      
00017278  esmSelfTestStatus                                            
00017114  esmSetCounterPreloadValue                                    
00017044  esmSetInterruptLevel                                         
00016fd4  esmTriggerErrorPinReset                                      
0001ab4d  floor                                                        
0001ab4d  floorl                                                       
00007a88  fmcBus1ParityCheck                                           
00006020  fmcBus2Check                                                 
0000605c  fmcECCcheck                                                  
0001b061  frexp                                                        
0001b061  frexpl                                                       
00017fbc  gioDisableNotification                                       
00017f54  gioEnableNotification                                        
00017ebc  gioGetBit                                                    
00018024  gioGetConfigValue                                            
00017ee4  gioGetPort                                                   
00017d5c  gioInit                                                      
0001a818  gioNotification                                              
00017e4c  gioSetBit                                                    
00017e2c  gioSetDirection                                              
00017e9c  gioSetPort                                                   
00017efc  gioToggleBit                                                 
0001bb18  handlePLLLockFail                                            
0000671c  het1ParityCheck                                              
00006884  het2ParityCheck                                              
000067c8  htu1ParityCheck                                              
00006980  htu2ParityCheck                                              
0001a975  ldexp                                                        
0001a975  ldexpl                                                       
00019bc4  main                                                         
000122ec  mapClocks                                                    
0001b825  memccpy                                                      
0001adbb  memcpy                                                       
00005938  memoryInit                                                   
0001a794  memoryPort0TestFailNotification                              
0001a7b0  memoryPort1TestFailNotification                              
0001afef  memset                                                       
00006e48  mibspi1ParityCheck                                           
00006f50  mibspi3ParityCheck                                           
00007074  mibspi5ParityCheck                                           
0800566a  motor1_data                                                  
08005674  motor2_data                                                  
00014190  muxInit                                                      
080056a4  on_board_status_data                                         
00007bb0  pbistFail                                                    
00007c34  pbistGetConfigValue                                          
00005d6c  pbistIsTestCompleted                                         
00005d98  pbistIsTestPassed                                            
00005dcc  pbistPortTestStatus                                          
00005c70  pbistRun                                                     
00005a90  pbistSelfCheck                                               
00005d3c  pbistStop                                                    
00012298  periphInit                                                   
0001bb14  phantomInterrupt                                             
0001462c  pinmuxGetConfigValue                                         
00000000  resetEntry                                                   
0001a438  rtiCompare0Interrupt                                         
0001a480  rtiCompare1Interrupt                                         
0001a4c8  rtiCompare2Interrupt                                         
0001a510  rtiCompare3Interrupt                                         
00016cbc  rtiDisableNotification                                       
00016c94  rtiEnableNotification                                        
00016cd8  rtiGetConfigValue                                            
00016a28  rtiGetCurrentTick                                            
00016a00  rtiGetPeriod                                                 
00016828  rtiInit                                                      
00019c64  rtiNotification                                              
00016974  rtiResetCounter                                              
000169d8  rtiSetPeriod                                                 
0001691c  rtiStartCounter                                              
00016948  rtiStopCounter                                               
0001a975  scalbn                                                       
0001a975  scalbnl                                                      
00015ee4  sciDisableLoopback                                           
00015f70  sciDisableNotification                                       
00015eb0  sciEnableLoopback                                            
00015f08  sciEnableNotification                                        
00015fd8  sciEnterResetState                                           
00015ff8  sciExitResetState                                            
00016018  sciGetConfigValue                                            
000181e0  sciHighLevelInterrupt                                        
00015a1c  sciInit                                                      
00015d60  sciIsIdleDetected                                            
00015d44  sciIsRxReady                                                 
00015bc4  sciIsTxReady                                                 
000183b0  sciLowLevelInterrupt                                         
0001a82c  sciNotification                                              
00015dd8  sciReceive                                                   
00015dac  sciReceiveByte                                               
00015d7c  sciRxError                                                   
00015c10  sciSend                                                      
00015be0  sciSendByte                                                  
00015b28  sciSetBaudrate                                               
00015b08  sciSetFunctional                                             
000057e4  selftestFailNotification                                     
0800567e  sensors_data                                                 
00012258  setupFlash                                                   
00012184  setupPLL                                                     
08005688  speed_data                                                   
00011f78  spi4GetConfigValue                                           
00011f00  spiDisableLoopback                                           
00011f4c  spiDisableNotification                                       
00011ecc  spiEnableLoopback                                            
00011f1c  spiEnableNotification                                        
0001a854  spiEndNotification                                           
0001181c  spiGetData                                                   
000115ac  spiInit                                                      
0001a840  spiNotification                                              
00011700  spiReceiveData                                               
00011c74  spiSendAndGetData                                            
00011a40  spiSendData                                                  
000116e0  spiSetFunctional                                             
00011b38  spiTransmitAndReceiveData                                    
00011914  spiTransmitData                                              
0001b5cd  sprintf                                                      
00012ad0  sramGetConfigValue                                           
00007d80  stcGetConfigValue                                            
0000597c  stcSelfCheck                                                 
000065bc  stcSelfCheckFail                                             
0001b9e1  strchr                                                       
0001b9f7  strlen                                                       
0001b685  strstr                                                       
00012510  systemGetConfigValue                                         
00012414  systemInit                                                   
000124e0  systemPowerDown                                              
00012924  tcmflashGetConfigValue                                       
00014a4c  test_main_ecu_init                                           
00014acc  test_main_ecu_periodic                                       
000121e4  trimLPO                                                      
00012dbc  vimChannelMap                                                
00013028  vimDisableInterrupt                                          
00012e60  vimEnableInterrupt                                           
000130d4  vimGetConfigValue                                            
00012ce8  vimInit                                                      
000065c4  vimParityCheck                                               
00018cc4  vimParityErrorHandler                                        
0001ba0d  wcslen                                                       


GLOBAL SYMBOLS: SORTED BY Symbol Address 

address   name                                                         
-------   ----                                                         
00000000  __TI_static_base__                                           
00000000  resetEntry                                                   
00000020  TI_FeeInternal_GetVirtualSectorParameter                     
000001b8  TI_FeeInternal_WriteVirtualSectorHeader                      
00000664  TI_FeeInternal_WriteDataF021                                 
00000af4  TI_FeeInternal_AlignAddressForECC                            
00000b2c  TI_FeeInternal_WriteInitialize                               
00000e08  TI_FeeInternal_PollFlashStatus                               
00000e84  TI_FeeInternal_GetBlockSize                                  
00000ec4  TI_FeeInternal_FindNextVirtualSector                         
00001188  TI_FeeInternal_BlankCheck                                    
00001a50  TI_FeeInternal_GetVirtualSectorIndex                         
00001c2c  TI_FeeInternal_GetBlockNumber                                
00001c68  TI_FeeInternal_GetBlockIndex                                 
00001ce8  TI_FeeInternal_GetDataSetIndex                               
00001d24  TI_FeeInternal_GetArrayIndex                                 
00001e90  TI_FeeInternal_UpdateBlockOffsetArray                        
00002a54  TI_FeeInternal_CheckModuleState                              
00002ab4  TI_FeeInternal_CheckReadParameters                           
00002be4  TI_FeeInternal_GetCurrentBlockAddress                        
00002ce8  TI_FeeInternal_GetNextFlashAddress                           
00002d38  TI_FeeInternal_SanityCheck                                   
00002f28  TI_FeeInternal_SetClearCopyBlockState                        
00003044  TI_FeeInternal_FeeManager                                    
000044bc  TI_FeeInternal_WriteBlockHeader                              
00004814  TI_FeeInternal_WritePreviousBlockHeader                      
00004b0c  TI_FeeInternal_InvalidateErase                               
00004dbc  TI_FeeInternal_StartProgramBlock                             
00004ec0  TI_Fee_GetStatus                                             
00004f2c  TI_FeeInternal_CheckForError                                 
000050ac  TI_FeeInternal_Fletcher16                                    
000051d8  TI_Fee_ErrorRecovery                                         
000054b0  TI_Fee_SuspendResumeErase                                    
000056c0  TI_FeeInternal_EnableRequiredFlashSector                     
000057e4  selftestFailNotification                                     
000057f4  ccmSelfCheck                                                 
00005938  memoryInit                                                   
0000597c  stcSelfCheck                                                 
000059f8  cpuSelfTest                                                  
00005a90  pbistSelfCheck                                               
00005c70  pbistRun                                                     
00005d3c  pbistStop                                                    
00005d6c  pbistIsTestCompleted                                         
00005d98  pbistIsTestPassed                                            
00005dcc  pbistPortTestStatus                                          
00005e24  efcCheck                                                     
00005eac  efcStuckZeroTest                                             
[...]
00017bb0  MCU_SPIWrite24                                               
00017bc4  MCU_SPIRead32                                                
00017bd4  MCU_SPIWrite32                                               
00017be8  MCU_SPIWrite                                                 
00017c3c  MCU_SPIRead                                                  
00017c90  MCU_htobe16                                                  
00017cac  MCU_htobe32                                                  
00017cc4  MCU_htole16                                                  
00017cd8  MCU_htole32                                                  
00017cec  MCU_be16toh                                                  
00017d08  MCU_be32toh                                                  
00017d20  MCU_le16toh                                                  
00017d34  MCU_le32toh                                                  
00017d5c  gioInit                                                      
00017e2c  gioSetDirection                                              
00017e4c  gioSetBit                                                    
00017e9c  gioSetPort                                                   
00017ebc  gioGetBit                                                    
00017ee4  gioGetPort                                                   
00017efc  gioToggleBit                                                 
00017f54  gioEnableNotification                                        
00017fbc  gioDisableNotification                                       
00018024  gioGetConfigValue                                            
000181e0  sciHighLevelInterrupt                                        
000183b0  sciLowLevelInterrupt                                         
000185b8  HAL_EVE_Init                                                 
00018630  HAL_EVE_Deinit                                               
0001863c  HAL_ChipSelect                                               
00018660  HAL_PowerDown                                                
00018684  HAL_SetWriteAddress                                          
000186a4  HAL_SetReadAddress                                           
000186c0  HAL_Write                                                    
000186dc  HAL_Write32                                                  
000186f4  HAL_Write16                                                  
0001870c  HAL_Write8                                                   
00018720  HAL_Read                                                     
0001873c  HAL_Read32                                                   
0001875c  HAL_Read16                                                   
00018774  HAL_Read8                                                    
00018788  HAL_MemWrite32                                               
000187b8  HAL_MemWrite16                                               
000187e8  HAL_MemWrite8                                                
00018818  HAL_MemRead32                                                
00018848  HAL_MemRead16                                                
00018878  HAL_MemRead8                                                 
000188a8  HAL_HostCmdWrite                                             
000188e0  HAL_IncCmdPointer                                            
000188f0  HAL_GetCmdPointer                                            
00018908  HAL_WaitCmdFifoEmpty                                         
00018950  HAL_CheckCmdFreeSpace                                        
00018978  _coreInitRegisters_                                          
00018a84  _coreInitStackPointer_                                       
00018ad0  _getCPSRValue_                                               
00018ad8  _gotoCPUIdle_                                                
00018af0  _coreEnableVfp_                                              
00018b08  _coreEnableEventBusExport_                                   
00018b18  _coreDisableEventBusExport_                                  
00018b28  _coreEnableRamEcc_                                           
00018b38  _coreDisableRamEcc_                                          
00018b48  _coreEnableFlashEcc_                                         
00018b5c  _coreDisableFlashEcc_                                        
00018b6c  _coreEnableIrqVicOffset_                                     
00018b7c  _coreGetDataFault_                                           
00018b84  _coreClearDataFault_                                         
00018b90  _coreGetInstructionFault_                                    
00018b98  _coreClearInstructionFault_                                  
00018ba4  _coreGetDataFaultAddress_                                    
00018bac  _coreClearDataFaultAddress_                                  
00018bb8  _coreGetInstructionFaultAddress_                             
00018bc0  _coreClearInstructionFaultAddress_                           
00018bcc  _coreGetAuxiliaryDataFault_                                  
00018bd4  _coreClearAuxiliaryDataFault_                                
00018be0  _coreGetAuxiliaryInstructionFault_                           
00018be8  _coreClearAuxiliaryInstructionFault_                         
00018bf4  _disable_interrupt_                                          
00018bfc  _disable_FIQ_interrupt_                                      
00018c04  _disable_IRQ_interrupt_                                      
00018c0c  _enable_interrupt_                                           
00018c14  _esmCcmErrorsClear_                                          
00018c9c  _errata_CORTEXR4_57_                                         
00018cac  _errata_CORTEXR4_66_                                         
00018cbc  __TI_PINIT_Base                                              
00018cc0  __TI_PINIT_Limit                                             
00018cc4  vimParityErrorHandler                                        
00018f90  __aeabi_uldivmod                                             
00019244  _c_int00                                                     
000194cd  Fapi_initializeFlashBanks                                    
0001972c  _Z15ui_draw_buttonsR14Bridgetek_EVE2P16dashboard_data_t      
00019bc4  main                                                         
00019c64  rtiNotification                                              
00019cb4  canMessageNotification                                       
00019d74  __sti___12_sys_main_cpp_26991e22                             
00019db0  _Z15ui_draw_rpm_barR14Bridgetek_EVE2f                        
0001a120  can1HighLevelInterrupt                                       
0001a208  can1LowLevelInterrupt                                        
0001a2bd  Fapi_setActiveFlashBank                                      
0001a438  rtiCompare0Interrupt                                         
0001a480  rtiCompare1Interrupt                                         
0001a4c8  rtiCompare2Interrupt                                         
0001a510  rtiCompare3Interrupt                                         
0001a55c  esmHighInterrupt                                             
0001a774  esmGroup1Notification                                        
0001a784  esmGroup2Notification                                        
0001a794  memoryPort0TestFailNotification                              
0001a7b0  memoryPort1TestFailNotification                              
0001a7dc  canErrorNotification                                         
0001a7f0  canStatusChangeNotification                                  
0001a818  gioNotification                                              
0001a82c  sciNotification                                              
0001a840  spiNotification                                              
0001a854  spiEndNotification                                           
0001a864  dmaGroupANotification                                        
0001a975  ldexp                                                        
0001a975  ldexpl                                                       
0001a975  scalbn                                                       
0001a975  scalbnl                                                      
0001aa64  _dabort                                                      
0001ab4d  floor                                                        
0001ab4d  floorl                                                       
0001ac2c  _pmuInit_                                                    
0001ac78  _pmuEnableCountersGlobal_                                    
0001ac88  _pmuDisableCountersGlobal_                                   
0001ac98  _pmuResetCycleCounter_                                       
0001aca8  _pmuResetEventCounters_                                      
0001acb8  _pmuResetCounters_                                           
0001acc8  _pmuStartCounters_                                           
0001acd0  _pmuStopCounters_                                            
0001acd8  _pmuSetCountEvent_                                           
0001ace4  _pmuGetCycleCount_                                           
0001acec  _pmuGetEventCount_                                           
0001acf8  _pmuGetOverflow_                                             
0001adbb  __aeabi_memcpy                                               
0001adbb  __aeabi_memcpy4                                              
0001adbb  __aeabi_memcpy8                                              
0001adbb  memcpy                                                       
0001ae59  Fapi_doBlankCheck                                            
0001aeed  Fapi_enableEepromBankSectors                                 
0001afe7  __aeabi_memclr                                               
0001afe7  __aeabi_memclr4                                              
0001afe7  __aeabi_memclr8                                              
0001afe9  __aeabi_memset                                               
0001afe9  __aeabi_memset4                                              
0001afe9  __aeabi_memset8                                              
0001afef  memset                                                       
0001b061  frexp                                                        
0001b061  frexpl                                                       
0001b0d5  __TI_decompress_lzss                                         
0001b140  _ZN14Bridgetek_EVE210CMD_BUTTONEssssstPKcz                   
0001b1a9  __TI_auto_init_nobinit                                       
0001b209  _Fapi_loopRegionForValue                                     
0001b268  _ZN14Bridgetek_EVE28CMD_TEXTEssstPKcz                        
0001b2c1  __TI_ltoa                                                    
0001b368  __aeabi_idiv                                                 
0001b368  __aeabi_idivmod                                              
0001b3bd  Fapi_isAddressEcc                                            
0001b45d  atoi                                                         
0001b4ac  __aeabi_uidiv                                                
0001b4ac  __aeabi_uidivmod                                             
0001b4fc  _ZN14Bridgetek_EVE212CMD_PROGRESSEssssttt                    
0001b549  _Fapi_EnableSectors                                          
0001b5cd  sprintf                                                      
0001b60d  _Fapi_issueFsmCommand                                        
0001b648  _ZN14Bridgetek_EVE210CMD_NUMBEREsssti                        
0001b685  strstr                                                       
0001b6bd  Fapi_calculateFletcherChecksum                               
0001b6f5  Fapi_issueAsyncCommandWithAddress                            
0001b725  Fapi_waitDelay                                               
0001b755  _Fapi_readDword                                              
0001b781  Fapi_issueAsyncCommand                                       
0001b7ac  _ZN14Bridgetek_EVE215CLEAR_COLOR_RGBEhhh                     
0001b7d4  _ZN14Bridgetek_EVE25CLEAREhhh                                
0001b7fc  _ZN14Bridgetek_EVE29COLOR_RGBEhhh                            
0001b825  memccpy                                                      
0001b84b  Fapi_flushPipeline                                           
0001b86c  _ZN14Bridgetek_EVE213LIB_MemWrite8Ejh                        
0001b88c  _ZN14Bridgetek_EVE214LIB_MemWrite32Ejj                       
0001b8ac  _ZN14Bridgetek_EVE28VERTEX2FEss                              
0001b8cd  copysign                                                     
0001b8cd  copysignl                                                    
0001b920  _Z3absf                                                      
0001b938  _Z4fabsf                                                     
0001b950  _ZN14Bridgetek_EVE212LIB_MemRead8Ej                          
0001b968  _ZN14Bridgetek_EVE213CMD_CALIBRATEEj                         
0001b980  _ZN14Bridgetek_EVE213LIB_MemRead16Ej                         
0001b998  _ZN14Bridgetek_EVE213LIB_MemRead32Ej                         
0001b9b0  _ZN14Bridgetek_EVE23TAGEh                                    
0001b9c8  _ZN14Bridgetek_EVE25BEGINEh                                  
0001b9e1  strchr                                                       
0001b9f7  strlen                                                       
0001ba0d  wcslen                                                       
0001ba21  Fapi_getNumberOfBankSectors                                  
0001ba30  _ZN14Bridgetek_EVE211CMD_DLSTARTEv                           
0001ba40  _ZN14Bridgetek_EVE216LIB_EndCoProListEv                      
0001ba50  _ZN14Bridgetek_EVE218LIB_BeginCoProListEv                    
0001ba60  _ZN14Bridgetek_EVE219LIB_AwaitCoProEmptyEv                   
0001ba70  _ZN14Bridgetek_EVE23ENDEv                                    
0001ba80  _ZN14Bridgetek_EVE24InitEv                                   
0001ba90  _ZN14Bridgetek_EVE27DISPLAYEv                                
0001baa0  _ZN14Bridgetek_EVE28CMD_SWAPEv                               
0001bab1  _scaleEEFclk                                                 
0001bac1  _scaleMainFclk                                               
0001bad1  __TI_decompress_none                                         
0001badf  _Fapi_checkWdService                                         
0001baeb  __TI_zero_init                                               
0001bb00  Fapi_serviceWatchdogTimer                                    
0001bb09  __aeabi_errno_addr                                           
0001bb11  C$$EXIT                                                      
0001bb11  abort                                                        
0001bb14  phantomInterrupt                                             
0001bb18  handlePLLLockFail                                            
0001bb24  TI_Fee_WriteAsync                                            
0001c760  TI_Fee_ReadSync                                              
0001d348  _ctypes_                                                     
0001d4d4  Device_FlashDevice                                           
0001d558  Fee_VirtualSectorConfiguration                               
0001d564  Fee_BlockConfiguration                                       
0001d574  SHT$$INIT_ARRAY$$Base                                        
0001d578  SHT$$INIT_ARRAY$$Limit                                       
0001d59c  __TI_Handler_Table_Base                                      
0001d5a8  __TI_Handler_Table_Limit                                     
0001d5c0  __TI_CINIT_Base                                              
0001d5d8  __TI_CINIT_Limit                                             
08001500  __start___llvm_prf_cnts                                      
08001500  __stop___llvm_prf_cnts                                       
08001500  dashboard_data                                               
080055cc  display_data                                                 
08005660  dynamic_data                                                 
0800566a  motor1_data                                                  
08005674  motor2_data                                                  
0800567e  sensors_data                                                 
08005688  speed_data                                                   
08005692  buttons_data                                                 
0800569b  drivers_status_data                                          
080056a4  on_board_status_data                                         
080056e0  EVE_DISP_CSPREAD                                             
080056e4  EVE_DISP_DITHER                                              
080056e8  EVE_DISP_HCYCLE                                              
080056ec  EVE_DISP_HEIGHT                                              
080056f0  EVE_DISP_HOFFSET                                             
080056f4  EVE_DISP_HSYNC0                                              
080056f8  EVE_DISP_HSYNC1                                              
080056fc  EVE_DISP_PCLK                                                
08005700  EVE_DISP_PCLKPOL                                             
08005704  EVE_DISP_PCLK_FREQ                                           
08005708  EVE_DISP_SWIZZLE                                             
0800570c  EVE_DISP_VCYCLE                                              
08005710  EVE_DISP_VOFFSET                                             
08005714  EVE_DISP_VSYNC0                                              
08005718  EVE_DISP_VSYNC1                                              
0800571c  EVE_DISP_WIDTH                                               
08005720  EVE_TOUCH_ADDR                                               
08005724  TI_Fee_GlobalVariables                                       
080057ec  TI_Fee_u8DataSets                                            
080057f0  TI_Fee_u32FletcherChecksum                                   
080057f4  TI_Fee_u32BlockEraseCount                                    
080057f8  TI_Fee_u8DeviceIndex                                         
080057fc  TI_Fee_u32ActCpyVS                                           
08005800  TI_Fee_u8ErrEraseVS                                          
08005801  TI_Fee_bEraseSuspended                                       
08005802  TI_Fee_bIsMainFunctionCalled                                 
08005804  TI_Fee_oStatusWord                                           
08005808  TI_FlashStatusWord                                           
08005818  TI_Fee_FapiInitCalled                                        
08005898  cal_tps_0_timer                                              
0800589c  cal_tps_100_timer                                            
080058a0  cal_left_steer_timer                                         
080058a4  cal_right_steer_timer                                        
080058b2  current_page                                                 
080058b3  current_graph                                                
080058c0  errno                                                        
ffffffff  __TI_pprof_out_hndl                                          
ffffffff  __TI_prof_data_size                                          
ffffffff  __TI_prof_data_start                                         
ffffffff  __binit__                                                    
ffffffff  __c_args__                                                   
ffffffff  binit                                                        
UNDEFED   _system_post_cinit                                           

[657 symbols]
