******************************************************************************
                  TI ARM Linker PC v20.2.7                     
******************************************************************************
>> Linked Thu Mar 12 18:54:39 2026

OUTPUT FILE NAME:   <tms570_display_test_plots.out>
ENTRY POINT SYMBOL: "_c_int00"  address: 0000e00c


MEMORY CONFIGURATION

         name            origin    length      used     unused   attr    fill
----------------------  --------  ---------  --------  --------  ----  --------
  VECTORS               00000000   00000020  00000020  00000000     X
  FLASH0                00000020   0013ffe0  0000ffde  00130002  R  X
  STACKS                08000000   00001500  00000000  00001500  RW  
  RAM                   08001500   0002eb00  0000418c  0002a974  RW  


SEGMENT ALLOCATION MAP

run origin  load origin   length   init length attrs members
----------  ----------- ---------- ----------- ----- -------
00000000    00000000    00010000   00010000    r-x
  00000000    00000000    00000020   00000020    r-x .intvecs
  00000020    00000020    0000fc40   0000fc40    r-x .text
  0000fc60    0000fc60    0000036a   0000036a    r-- .const
  0000ffcc    0000ffcc    00000004   00000004    r-- .init_array
  0000ffd0    0000ffd0    00000030   00000030    r-- .cinit
08001500    08001500    0000418c   00000000    rw-
  08001500    08001500    00004178   00000000    rw- .bss
  08005678    08005678    00000014   00000000    rw- .data


SECTION ALLOCATION MAP

 output                                  attributes/
section   page    origin      length       input sections
--------  ----  ----------  ----------   ----------------
.intvecs   0    00000000    00000020     
                  00000000    00000020     sys_intvecs.obj (.intvecs)

.text      0    00000020    0000fc40     
                  00000020    00002cdc     sys_selftest.obj (.text)
                  00002cfc    00002240     EVE_API.obj (.text)
                  00004f3c    00001f58     dashboard.obj (.text)
                  00006e94    00000bd8     spi.obj (.text)
                  00007a6c    00000b64     system.obj (.text)
                  000085d0    00000a54     sys_vim.obj (.text)
                  00009024    00000a4e     rtsv7R4_T_be_v3D16_eabi.lib : _printfi.c.obj (.text:__TI_printfi)
                  00009a72    00000002                                 : div0.asm.obj (.text)
                  00009a74    00000910     ui_touch.obj (.text)
                  0000a384    000008b8     pinmux.obj (.text)
                  0000ac3c    000007d0     Bridgetek_EVE2.obj (.text)
                  0000b40c    00000788     sys_main.obj (.text)
                  0000bb94    00000664     errata_SSWF021_45.obj (.text)
                  0000c1f8    000005bc     esm.obj (.text)
                  0000c7b4    00000498     EVE_MCU.obj (.text)
                  0000cc4c    00000484     gio.obj (.text)
                  0000d0d0    000003c0     EVE_HAL.obj (.text)
                  0000d490    0000034c     sys_core.obj (.text)
                  0000d7dc    000002cc     sys_vim.obj (.text:retain)
                  0000daa8    000002b4     rtsv7R4_T_be_v3D16_eabi.lib : ull_div32.asm.obj (.text)
                  0000dd5c    000002b0     spi.obj (.text:retain)
                  0000e00c    00000288     sys_startup.obj (.text:retain)
                  0000e294    00000250     ui_buttons.obj (.text)
                  0000e4e4    00000248     rtsv7R4_T_be_v3D16_eabi.lib : _printfi.c.obj (.text:_pconv_a)
                  0000e72c    000001d0     ui_rpm_bar.obj (.text)
                  0000e8fc    000001a0     rtsv7R4_T_be_v3D16_eabi.lib : _printfi.c.obj (.text:_pconv_g)
                  0000ea9c    00000124     rti.obj (.text:retain)
                  0000ebc0    00000114     esm.obj (.text:retain)
                  0000ecd4    00000104     rtsv7R4_T_be_v3D16_eabi.lib : _printfi.c.obj (.text:_pconv_e)
                  0000edd8    000000fc                                 : _printfi.c.obj (.text:fcvt)
                  0000eed4    000000f0                                 : s_scalbn.c.obj (.text:scalbn)
                  0000efc4    000000e8     dabort.obj (.text)
                  0000f0ac    000000e0     sys_pmu.obj (.text)
                  0000f18c    000000c8     notification.obj (.text)
                  0000f254    000000ad     rtsv7R4_T_be_v3D16_eabi.lib : _printfi.c.obj (.text:_ltostr)
                  0000f301    00000001     --HOLE-- [fill = 0]
                  0000f302    0000009c                                 : memcpy_t2.asm.obj (.text)
                  0000f39e    0000007a                                 : _printfi.c.obj (.text:_mcpy)
                  0000f418    0000007a                                 : memset_t2.asm.obj (.text)
                  0000f492    00000002     --HOLE-- [fill = 0]
                  0000f494    00000074                                 : s_frexp.c.obj (.text:frexp)
                  0000f508    0000006c                                 : copy_decompress_lzss.c.obj (.text:decompress:lzss:__TI_decompress_lzss)
                  0000f574    00000068     dashboard.obj (.text:_ZN14Bridgetek_EVE210CMD_BUTTONEssssstPKcz)
                  0000f5dc    00000060     rtsv7R4_T_be_v3D16_eabi.lib : autoinit.c.obj (.text:__TI_auto_init_nobinit:__TI_auto_init_nobinit)
                  0000f63c    00000058     dashboard.obj (.text:_ZN14Bridgetek_EVE28CMD_TEXTEssstPKcz)
                  0000f694    00000054     rtsv7R4_T_be_v3D16_eabi.lib : _ltoa.c.obj (.text:__TI_ltoa)
                  0000f6e8    00000054                                 : _printfi.c.obj (.text:_ecpy)
                  0000f73c    00000054                                 : i_div32.asm.obj (.text)
                  0000f790    00000050                                 : _printfi.c.obj (.text:_pconv_f)
                  0000f7e0    00000050                                 : atoi.c.obj (.text:atoi)
                  0000f830    0000004c     dashboard.obj (.text:_ZN14Bridgetek_EVE212CMD_PROGRESSEssssttt)
                  0000f87c    00000040     rtsv7R4_T_be_v3D16_eabi.lib : _printfi.c.obj (.text:_fcpy)
                  0000f8bc    00000040                                 : sprintf.c.obj (.text:sprintf)
                  0000f8fc    0000003c     dashboard.obj (.text:_ZN14Bridgetek_EVE210CMD_NUMBEREsssti)
                  0000f938    00000038     rtsv7R4_T_be_v3D16_eabi.lib : strstr.c.obj (.text:strstr)
                  0000f970    00000028     dashboard.obj (.text:_ZN14Bridgetek_EVE215CLEAR_COLOR_RGBEhhh)
                  0000f998    00000028     dashboard.obj (.text:_ZN14Bridgetek_EVE25CLEAREhhh)
                  0000f9c0    00000028     dashboard.obj (.text:_ZN14Bridgetek_EVE29COLOR_RGBEhhh)
                  0000f9e8    00000026     rtsv7R4_T_be_v3D16_eabi.lib : memccpy.c.obj (.text:memccpy)
                  0000fa0e    00000002     --HOLE-- [fill = 0]
                  0000fa10    00000020     ui_touch.obj (.text:_ZN14Bridgetek_EVE213LIB_MemWrite8Ejh)
                  0000fa30    00000020     ui_touch.obj (.text:_ZN14Bridgetek_EVE214LIB_MemWrite32Ejj)
                  0000fa50    00000020     dashboard.obj (.text:_ZN14Bridgetek_EVE28VERTEX2FEss)
                  0000fa70    0000001e     rtsv7R4_T_be_v3D16_eabi.lib : s_copysign.c.obj (.text:copysign)
                  0000fa8e    0000001a                                 : sprintf.c.obj (.text:_outs)
                  0000faa8    00000018     dashboard.obj (.text:_Z3absf)
                  0000fac0    00000018     dashboard.obj (.text:_Z4fabsf)
                  0000fad8    00000018     ui_touch.obj (.text:_ZN14Bridgetek_EVE212LIB_MemRead8Ej)
                  0000faf0    00000018     ui_touch.obj (.text:_ZN14Bridgetek_EVE213CMD_CALIBRATEEj)
                  0000fb08    00000018     ui_touch.obj (.text:_ZN14Bridgetek_EVE213LIB_MemRead16Ej)
                  0000fb20    00000018     ui_touch.obj (.text:_ZN14Bridgetek_EVE213LIB_MemRead32Ej)
                  0000fb38    00000018     dashboard.obj (.text:_ZN14Bridgetek_EVE23TAGEh)
                  0000fb50    00000018     dashboard.obj (.text:_ZN14Bridgetek_EVE25BEGINEh)
                  0000fb68    00000016     rtsv7R4_T_be_v3D16_eabi.lib : strchr.c.obj (.text:strchr)
                  0000fb7e    00000016                                 : strlen.c.obj (.text:strlen)
                  0000fb94    00000012                                 : wcslen.c.obj (.text:wcslen)
                  0000fba6    00000002     --HOLE-- [fill = 0]
                  0000fba8    00000010     dashboard.obj (.text:_ZN14Bridgetek_EVE211CMD_DLSTARTEv)
                  0000fbb8    00000010     dashboard.obj (.text:_ZN14Bridgetek_EVE216LIB_EndCoProListEv)
                  0000fbc8    00000010     dashboard.obj (.text:_ZN14Bridgetek_EVE218LIB_BeginCoProListEv)
                  0000fbd8    00000010     ui_touch.obj (.text:_ZN14Bridgetek_EVE219LIB_AwaitCoProEmptyEv)
                  0000fbe8    00000010     dashboard.obj (.text:_ZN14Bridgetek_EVE23ENDEv)
                  0000fbf8    00000010     sys_main.obj (.text:_ZN14Bridgetek_EVE24InitEv)
                  0000fc08    00000010     dashboard.obj (.text:_ZN14Bridgetek_EVE27DISPLAYEv)
                  0000fc18    00000010     dashboard.obj (.text:_ZN14Bridgetek_EVE28CMD_SWAPEv)
                  0000fc28    0000000e     rtsv7R4_T_be_v3D16_eabi.lib : copy_decompress_none.c.obj (.text:decompress:none:__TI_decompress_none)
                  0000fc36    0000000c                                 : copy_zero_init.c.obj (.text:decompress:ZI:__TI_zero_init)
                  0000fc42    0000000a                                 : sprintf.c.obj (.text:_outc)
                  0000fc4c    00000008                                 : errno.c.obj (.text:__aeabi_errno_addr)
                  0000fc54    00000004                                 : exit.c.obj (.text:abort:abort)
                  0000fc58    00000004     sys_phantom.obj (.text:retain)
                  0000fc5c    00000004     sys_startup.obj (.text)

.const     0    0000fc60    0000036a     
                  0000fc60    00000200     sys_vim.obj (.const:s_vim_init)
                  0000fe60    00000101     rtsv7R4_T_be_v3D16_eabi.lib : ctype.c.obj (.const:.string:_ctypes_)
                  0000ff61    00000023     Bridgetek_EVE2.obj (.const:.string:$P$T0$1)
                  0000ff84    00000023     Bridgetek_EVE2.obj (.const:.string:$P$T1$2)
                  0000ffa7    00000023     Bridgetek_EVE2.obj (.const:.string:$P$T2$3)

.cinit     0    0000ffd0    00000030     
                  0000ffd0    0000000c     (__TI_handler_table)
                  0000ffdc    0000000b     (.cinit..data.load) [load image, compression = lzss]
                  0000ffe7    00000001     --HOLE-- [fill = 0]
                  0000ffe8    00000008     (.cinit..bss.load) [load image, compression = zero_init]
                  0000fff0    00000010     (__TI_cinit_table)

.bss       0    08001500    00004178     UNINITIALIZED
                  08001500    00004050     (.common:data)
                  08005550    00000078     spi.obj (.bss:g_spiPacket_t)
                  080055c8    00000069     sys_main.obj (.bss:eve)
                  08005631    00000003     --HOLE--
                  08005634    00000004     (.common:EVE_DISP_CSPREAD)
                  08005638    00000004     (.common:EVE_DISP_DITHER)
                  0800563c    00000004     (.common:EVE_DISP_HCYCLE)
                  08005640    00000004     (.common:EVE_DISP_HEIGHT)
                  08005644    00000004     (.common:EVE_DISP_HOFFSET)
                  08005648    00000004     (.common:EVE_DISP_HSYNC0)
                  0800564c    00000004     (.common:EVE_DISP_HSYNC1)
                  08005650    00000004     (.common:EVE_DISP_PCLK)
                  08005654    00000004     (.common:EVE_DISP_PCLKPOL)
                  08005658    00000004     (.common:EVE_DISP_PCLK_FREQ)
                  0800565c    00000004     (.common:EVE_DISP_SWIZZLE)
                  08005660    00000004     (.common:EVE_DISP_VCYCLE)
                  08005664    00000004     (.common:EVE_DISP_VOFFSET)
                  08005668    00000004     (.common:EVE_DISP_VSYNC0)
                  0800566c    00000004     (.common:EVE_DISP_VSYNC1)
                  08005670    00000004     (.common:EVE_DISP_WIDTH)
                  08005674    00000004     (.common:EVE_TOUCH_ADDR)

.data      0    08005678    00000014     UNINITIALIZED
                  08005678    00000006     ui_touch.obj (.data)
                  0800567e    00000004     EVE_MCU.obj (.data:dataconfig)
                  08005682    00000002     pages.obj (.data)
                  08005684    00000004     rtsv7R4_T_be_v3D16_eabi.lib : errno.c.obj (.data)
                  08005688    00000004     sys_main.obj (.data)

__llvm_prf_cnts 
*          0    08001500    00000000     UNINITIALIZED

.init_array 
*          0    0000ffcc    00000004     
                  0000ffcc    00000004     sys_main.obj (.init_array)

MODULE SUMMARY

       Module                       code    ro data   rw data
       ------                       ----    -------   -------
    .\ft81x_driver\
       EVE_API.obj                  8768    0         0      
       Bridgetek_EVE2.obj           2000    105       68     
       EVE_MCU.obj                  1176    0         4      
       EVE_HAL.obj                  960     0         0      
    +--+----------------------------+-------+---------+---------+
       Total:                       12904   105       72     
                                                             
    .\source\
       sys_main.obj                 1944    4         16573  
       sys_selftest.obj             11484   0         0      
       dashboard.obj                8696    0         0      
       sys_vim.obj                  3360    512       0      
       spi.obj                      3720    0         120    
       system.obj                   2916    0         0      
       ui_touch.obj                 2496    0         6      
       pinmux.obj                   2232    0         0      
       esm.obj                      1744    0         0      
       errata_SSWF021_45.obj        1636    0         0      
       gio.obj                      1156    0         0      
       sys_core.obj                 844     0         0      
       sys_startup.obj              652     0         0      
       ui_buttons.obj               592     0         0      
       ui_rpm_bar.obj               464     0         0      
       rti.obj                      292     0         0      
       dabort.obj                   232     0         0      
       sys_pmu.obj                  224     0         0      
       notification.obj             200     0         0      
       sys_intvecs.obj              32      0         0      
       sys_phantom.obj              4       0         0      
       pages.obj                    0       0         2      
    +--+----------------------------+-------+---------+---------+
       Total:                       44920   516       16701  
                                                             
    C:/ti/ccs1281/ccs/tools/compiler/ti-cgt-arm_20.2.7.LTS/lib/rtsv7R4_T_be_v3D16_eabi.lib
       _printfi.c.obj               4673    0         0      
       ull_div32.asm.obj            692     0         0      
       ctype.c.obj                  0       257       0      
       s_scalbn.c.obj               240     0         0      
       memcpy_t2.asm.obj            156     0         0      
       memset_t2.asm.obj            122     0         0      
       s_frexp.c.obj                116     0         0      
       copy_decompress_lzss.c.obj   108     0         0      
       sprintf.c.obj                100     0         0      
       autoinit.c.obj               96      0         0      
       _ltoa.c.obj                  84      0         0      
       i_div32.asm.obj              84      0         0      
       atoi.c.obj                   80      0         0      
       strstr.c.obj                 56      0         0      
       memccpy.c.obj                38      0         0      
       s_copysign.c.obj             30      0         0      
       strchr.c.obj                 22      0         0      
       strlen.c.obj                 22      0         0      
       wcslen.c.obj                 18      0         0      
       copy_decompress_none.c.obj   14      0         0      
       copy_zero_init.c.obj         12      0         0      
       errno.c.obj                  8       0         4      
       exit.c.obj                   4       0         0      
       div0.asm.obj                 2       0         0      
    +--+----------------------------+-------+---------+---------+
       Total:                       6777    257       4      
                                                             
       Linker Generated:            0       47        0      
    +--+----------------------------+-------+---------+---------+
       Grand Total:                 64601   925       16777  


LINKER GENERATED COPY TABLES

__TI_cinit_table @ 0000fff0 records: 2, size/record: 8, table size: 16
	.data: load addr=0000ffdc, load size=0000000b bytes, run addr=08005678, run size=00000014 bytes, compression=lzss
	.bss: load addr=0000ffe8, load size=00000008 bytes, run addr=08001500, run size=00004178 bytes, compression=zero_init


LINKER GENERATED HANDLER TABLE

__TI_handler_table @ 0000ffd0 records: 3, size/record: 4, table size: 12
	index: 0, handler: __TI_zero_init
	index: 1, handler: __TI_decompress_lzss
	index: 2, handler: __TI_decompress_none


GLOBAL SYMBOLS: SORTED ALPHABETICALLY BY Name 

address   name                                                   
-------   ----                                                   
0000fc55  C$$EXIT                                                
00004988  COUNT_ARGS                                             
00003964  EVE_ALPHA_FUNC                                         
00003c18  EVE_BEGIN                                              
00003828  EVE_BITMAP_HANDLE                                      
00003870  EVE_BITMAP_LAYOUT                                      
00003ecc  EVE_BITMAP_LAYOUT_H                                    
000038b8  EVE_BITMAP_SIZE                                        
00003f00  EVE_BITMAP_SIZE_H                                      
0000384c  EVE_BITMAP_SOURCE                                      
00003d80  EVE_BITMAP_TRANSFORM_A                                 
00003dc4  EVE_BITMAP_TRANSFORM_B                                 
00003dfc  EVE_BITMAP_TRANSFORM_C                                 
00003e28  EVE_BITMAP_TRANSFORM_D                                 
00003e60  EVE_BITMAP_TRANSFORM_E                                 
00003e84  EVE_BITMAP_TRANSFORM_F                                 
000039e0  EVE_BLEND_FUNC                                         
00003bd0  EVE_CALL                                               
0000391c  EVE_CELL                                               
000036e8  EVE_CLEAR                                              
000036c4  EVE_CLEAR_COLOR                                        
00003a90  EVE_CLEAR_COLOR_A                                      
0000367c  EVE_CLEAR_COLOR_RGB                                    
00003ad8  EVE_CLEAR_STENCIL                                      
00003afc  EVE_CLEAR_TAG                                          
00003660  EVE_CMD                                                
00004624  EVE_CMD_APPEND                                         
000041fc  EVE_CMD_BGCOLOR                                        
000044fc  EVE_CMD_BITMAP_TRANSFORM                               
00004ad4  EVE_CMD_BUTTON                                         
00004594  EVE_CMD_CALIBRATE                                      
000046b4  EVE_CMD_CLOCK                                          
00004860  EVE_CMD_COLDSTART                                      
00004cac  EVE_CMD_CSKETCH                                        
00004878  EVE_CMD_DIAL                                           
000048f8  EVE_CMD_DLSTART                                        
00004304  EVE_CMD_FGCOLOR                                        
000040a4  EVE_CMD_GAUGE                                          
000043e4  EVE_CMD_GETMATRIX                                      
0000413c  EVE_CMD_GETPROPS                                       
000047dc  EVE_CMD_GETPTR                                         
000044d8  EVE_CMD_GRADCOLOR                                      
0000471c  EVE_CMD_GRADIENT                                       
000045b8  EVE_CMD_INFLATE                                        
000042e0  EVE_CMD_INTERRUPT                                      
00003fc0  EVE_CMD_KEYS                                           
0000408c  EVE_CMD_LOADIDENTITY                                   
000048c8  EVE_CMD_LOADIMAGE                                      
0000460c  EVE_CMD_LOGO                                           
00004d30  EVE_CMD_MEDIAFIFO                                      
00004178  EVE_CMD_MEMCPY                                         
0000494c  EVE_CMD_MEMCRC                                         
0000449c  EVE_CMD_MEMSET                                         
0000434c  EVE_CMD_MEMWRITE                                       
00004654  EVE_CMD_MEMZERO                                        
0000403c  EVE_CMD_NUMBER                                         
00004da8  EVE_CMD_PLAYVIDEO                                      
00004800  EVE_CMD_PROGRESS                                       
0000410c  EVE_CMD_REGREAD                                        
00004d78  EVE_CMD_ROMFONT                                        
00004328  EVE_CMD_ROTATE                                         
00004684  EVE_CMD_SCALE                                          
00004934  EVE_CMD_SCREENSAVER                                    
0000437c  EVE_CMD_SCROLLBAR                                      
00004e18  EVE_CMD_SETBASE                                        
00004e3c  EVE_CMD_SETBITMAP                                      
000045dc  EVE_CMD_SETFONT                                        
00004ea8  EVE_CMD_SETFONT2                                       
00004774  EVE_CMD_SETMATRIX                                      
00004d0c  EVE_CMD_SETROTATE                                      
00004e84  EVE_CMD_SETSCRATCH                                     
00004444  EVE_CMD_SKETCH                                         
00004280  EVE_CMD_SLIDER                                         
00004910  EVE_CMD_SNAPSHOT                                       
00004ee4  EVE_CMD_SNAPSHOT2                                      
000041b4  EVE_CMD_SPINNER                                        
00004268  EVE_CMD_STOP                                           
00004220  EVE_CMD_SWAP                                           
00004d60  EVE_CMD_SYNC                                           
000049fc  EVE_CMD_TEXT                                           
00004bc0  EVE_CMD_TOGGLE                                         
0000478c  EVE_CMD_TRACK                                          
00004238  EVE_CMD_TRANSLATE                                      
00004dd0  EVE_CMD_VIDEOFRAME                                     
00004e00  EVE_CMD_VIDEOSTART                                     
00003778  EVE_COLOR                                              
00003ab4  EVE_COLOR_A                                            
00003c3c  EVE_COLOR_MASK                                         
00003730  EVE_COLOR_RGB                                          
00003d40  EVE_DISPLAY                                            
08005634  EVE_DISP_CSPREAD                                       
08005638  EVE_DISP_DITHER                                        
0800563c  EVE_DISP_HCYCLE                                        
08005640  EVE_DISP_HEIGHT                                        
08005644  EVE_DISP_HOFFSET                                       
08005648  EVE_DISP_HSYNC0                                        
0800564c  EVE_DISP_HSYNC1                                        
08005650  EVE_DISP_PCLK                                          
08005654  EVE_DISP_PCLKPOL                                       
08005658  EVE_DISP_PCLK_FREQ                                     
0800565c  EVE_DISP_SWIZZLE                                       
08005660  EVE_DISP_VCYCLE                                        
08005664  EVE_DISP_VOFFSET                                       
08005668  EVE_DISP_VSYNC0                                        
0800566c  EVE_DISP_VSYNC1                                        
08005670  EVE_DISP_WIDTH                                         
00003c94  EVE_END                                                
00002cfc  EVE_Init                                               
00003bf4  EVE_JUMP                                               
00002f6c  EVE_LIB_AwaitCoProEmpty                                
00002f40  EVE_LIB_BeginCoProList                                 
000035c8  EVE_LIB_BitmapTransform                                
00002f5c  EVE_LIB_EndCoProList                                   
000034d8  EVE_LIB_GetMatrix                                      
00003448  EVE_LIB_GetProps                                       
000034a8  EVE_LIB_GetPtr                                         
00002f78  EVE_LIB_GetResult                                      
00003588  EVE_LIB_MemCrc                                         
00003354  EVE_LIB_MemRead16                                      
00003324  EVE_LIB_MemRead32                                      
00003384  EVE_LIB_MemRead8                                       
00003338  EVE_LIB_MemWrite16                                     
00003308  EVE_LIB_MemWrite32                                     
00003368  EVE_LIB_MemWrite8                                      
000030dc  EVE_LIB_ReadDataFromRAMG                               
00003398  EVE_LIB_SendString                                     
000031d0  EVE_LIB_WriteDataToCMD                                 
00002fd8  EVE_LIB_WriteDataToRAMG                                
00003a6c  EVE_LINE_WIDTH                                         
00003d04  EVE_MACRO                                              
00003fa8  EVE_NOP                                                
00003f38  EVE_PALETTE_SOURCE                                     
00003a48  EVE_POINT_SIZE                                         
00003cc4  EVE_RESTORE_CONTEXT                                    
00003cdc  EVE_RETURN                                             
00003cac  EVE_SAVE_CONTEXT                                       
00003b9c  EVE_SCISSOR_SIZE                                       
00003b68  EVE_SCISSOR_XY                                         
00003998  EVE_STENCIL_FUNC                                       
00003b20  EVE_STENCIL_MASK                                       
00003a14  EVE_STENCIL_OP                                         
00003940  EVE_TAG                                                
00003b44  EVE_TAG_MASK                                           
08005674  EVE_TOUCH_ADDR                                         
0000379c  EVE_VERTEX2F                                           
000037d0  EVE_VERTEX2II                                          
00003ea8  EVE_VERTEX_FORMAT                                      
00003f5c  EVE_VERTEX_TRANSLATE_X                                 
00003f84  EVE_VERTEX_TRANSLATE_Y                                 
0000d468  HAL_CheckCmdFreeSpace                                  
0000d154  HAL_ChipSelect                                         
0000d148  HAL_EVE_Deinit                                         
0000d0d0  HAL_EVE_Init                                           
0000d408  HAL_GetCmdPointer                                      
0000d3c0  HAL_HostCmdWrite                                       
0000d3f8  HAL_IncCmdPointer                                      
0000d360  HAL_MemRead16                                          
0000d330  HAL_MemRead32                                          
0000d390  HAL_MemRead8                                           
0000d2d0  HAL_MemWrite16                                         
0000d2a0  HAL_MemWrite32                                         
0000d300  HAL_MemWrite8                                          
0000d178  HAL_PowerDown                                          
0000d238  HAL_Read                                               
0000d274  HAL_Read16                                             
0000d254  HAL_Read32                                             
0000d28c  HAL_Read8                                              
0000d1bc  HAL_SetReadAddress                                     
0000d19c  HAL_SetWriteAddress                                    
0000d420  HAL_WaitCmdFifoEmpty                                   
0000d1d8  HAL_Write                                              
0000d20c  HAL_Write16                                            
0000d1f4  HAL_Write32                                            
0000d224  HAL_Write8                                             
0000c818  MCU_CShigh                                             
0000c800  MCU_CSlow                                              
0000c7f8  MCU_Deinit                                             
0000c9c8  MCU_Delay_20ms                                         
0000ca08  MCU_Delay_500ms                                        
0000c7b4  MCU_Init                                               
0000c848  MCU_PDhigh                                             
0000c830  MCU_PDlow                                              
0000cb2c  MCU_SPIRead                                            
0000ca6c  MCU_SPIRead16                                          
0000ca90  MCU_SPIRead24                                          
0000cab4  MCU_SPIRead32                                          
0000ca48  MCU_SPIRead8                                           
0000cad8  MCU_SPIWrite                                           
0000ca7c  MCU_SPIWrite16                                         
0000caa0  MCU_SPIWrite24                                         
0000cac4  MCU_SPIWrite32                                         
0000ca58  MCU_SPIWrite8                                          
0000c7fc  MCU_Setup                                              
0000cbdc  MCU_be16toh                                            
0000cbf8  MCU_be32toh                                            
0000cb80  MCU_htobe16                                            
0000cb9c  MCU_htobe32                                            
0000cbb4  MCU_htole16                                            
0000cbc8  MCU_htole32                                            
0000cc10  MCU_le16toh                                            
0000cc24  MCU_le32toh                                            
0000ffcc  SHT$$INIT_ARRAY$$Base                                  
0000ffd0  SHT$$INIT_ARRAY$$Limit                                 
00007728  SpiRxStatus                                            
0000769c  SpiTxStatus                                            
00009d40  _Z10eve_get_xyR14Bridgetek_EVE2PtS1_                   
00005370  _Z11draw_centerR14Bridgetek_EVE2P16dashboard_data_t    
000055c0  _Z11draw_statusR14Bridgetek_EVE2P16dashboard_data_t    
00009ae8  _Z12eve_read_tagR14Bridgetek_EVE2Ph                    
00009b54  _Z13eve_calibrateR14Bridgetek_EVE2                     
00005af4  _Z14dashboard_drawR14Bridgetek_EVE2P16dashboard_data_t 
0000e294  _Z15ui_draw_buttonsR14Bridgetek_EVE2P16dashboard_data_t
0000e72c  _Z15ui_draw_rpm_barR14Bridgetek_EVE2f                  
00009dbc  _Z15ui_handle_touchR14Bridgetek_EVE2P16dashboard_data_t
000051e4  _Z16draw_motor_blockR14Bridgetek_EVE2iPKcfff           
0000c860  _Z17MCU_SPIReadWrite8h                                 
0000c8a8  _Z18MCU_SPIReadWrite16t                                
0000c8f0  _Z18MCU_SPIReadWrite24j                                
0000c950  _Z18MCU_SPIReadWrite32j                                
0000faa8  _Z3absf                                                
0000fac0  _Z4fabsf                                               
00009a74  _Z5delayi                                              
00005198  _Z7dtostrfdahPc                                        
0000f574  _ZN14Bridgetek_EVE210CMD_BUTTONEssssstPKcz             
0000f8fc  _ZN14Bridgetek_EVE210CMD_NUMBEREsssti                  
0000ac9c  _ZN14Bridgetek_EVE210DISP_WIDTHEv                      
0000fba8  _ZN14Bridgetek_EVE211CMD_DLSTARTEv                     
0000acb4  _ZN14Bridgetek_EVE211DISP_HEIGHTEv                     
0000f830  _ZN14Bridgetek_EVE212CMD_PROGRESSEssssttt              
0000fad8  _ZN14Bridgetek_EVE212LIB_MemRead8Ej                    
0000faf0  _ZN14Bridgetek_EVE213CMD_CALIBRATEEj                   
0000fb08  _ZN14Bridgetek_EVE213LIB_MemRead16Ej                   
0000fb20  _ZN14Bridgetek_EVE213LIB_MemRead32Ej                   
0000fa10  _ZN14Bridgetek_EVE213LIB_MemWrite8Ejh                  
0000fa30  _ZN14Bridgetek_EVE214LIB_MemWrite32Ejj                 
0000f970  _ZN14Bridgetek_EVE215CLEAR_COLOR_RGBEhhh               
0000fbb8  _ZN14Bridgetek_EVE216LIB_EndCoProListEv                
0000fbc8  _ZN14Bridgetek_EVE218LIB_BeginCoProListEv              
0000fbd8  _ZN14Bridgetek_EVE219LIB_AwaitCoProEmptyEv             
0000fbe8  _ZN14Bridgetek_EVE23ENDEv                              
0000fb38  _ZN14Bridgetek_EVE23TAGEh                              
0000fbf8  _ZN14Bridgetek_EVE24InitEv                             
0000fb50  _ZN14Bridgetek_EVE25BEGINEh                            
0000f998  _ZN14Bridgetek_EVE25CLEAREhhh                          
0000ac80  _ZN14Bridgetek_EVE25setupEj                            
0000fc08  _ZN14Bridgetek_EVE27DISPLAYEv                          
0000fc18  _ZN14Bridgetek_EVE28CMD_SWAPEv                         
0000f63c  _ZN14Bridgetek_EVE28CMD_TEXTEssstPKcz                  
0000fa50  _ZN14Bridgetek_EVE28VERTEX2FEss                        
0000accc  _ZN14Bridgetek_EVE28setpanelEj                         
0000f9c0  _ZN14Bridgetek_EVE29COLOR_RGBEhhh                      
0000ac3c  _ZN14Bridgetek_EVE2C1Ev                                
0000ac3c  _ZN14Bridgetek_EVE2C2Ev                                
0000fff0  __TI_CINIT_Base                                        
00010000  __TI_CINIT_Limit                                       
0000ffd0  __TI_Handler_Table_Base                                
0000ffdc  __TI_Handler_Table_Limit                               
0000d7d4  __TI_PINIT_Base                                        
0000d7d8  __TI_PINIT_Limit                                       
0000f5dd  __TI_auto_init_nobinit                                 
0000f509  __TI_decompress_lzss                                   
0000fc29  __TI_decompress_none                                   
0000f695  __TI_ltoa                                              
ffffffff  __TI_pprof_out_hndl                                    
00009025  __TI_printfi                                           
ffffffff  __TI_prof_data_size                                    
ffffffff  __TI_prof_data_start                                   
00000000  __TI_static_base__                                     
0000fc37  __TI_zero_init                                         
0000fc4d  __aeabi_errno_addr                                     
0000f73c  __aeabi_idiv                                           
00009a73  __aeabi_idiv0                                          
0000f73c  __aeabi_idivmod                                        
00009a73  __aeabi_ldiv0                                          
0000f419  __aeabi_memclr                                         
0000f419  __aeabi_memclr4                                        
0000f419  __aeabi_memclr8                                        
0000f303  __aeabi_memcpy                                         
0000f303  __aeabi_memcpy4                                        
0000f303  __aeabi_memcpy8                                        
0000f41b  __aeabi_memset                                         
0000f41b  __aeabi_memset4                                        
0000f41b  __aeabi_memset8                                        
0000daa8  __aeabi_uldivmod                                       
ffffffff  __binit__                                              
ffffffff  __c_args__                                             
08001500  __start___llvm_prf_cnts                                
0000bab4  __sti___12_sys_main_cpp_eve                            
08001500  __stop___llvm_prf_cnts                                 
0000e00c  _c_int00                                               
0000d6ec  _coreClearAuxiliaryDataFault_                          
0000d700  _coreClearAuxiliaryInstructionFault_                   
0000d6c4  _coreClearDataFaultAddress_                            
0000d69c  _coreClearDataFault_                                   
0000d6d8  _coreClearInstructionFaultAddress_                     
0000d6b0  _coreClearInstructionFault_                            
0000d630  _coreDisableEventBusExport_                            
0000d674  _coreDisableFlashEcc_                                  
0000d650  _coreDisableRamEcc_                                    
0000d620  _coreEnableEventBusExport_                             
0000d660  _coreEnableFlashEcc_                                   
0000d684  _coreEnableIrqVicOffset_                               
0000d640  _coreEnableRamEcc_                                     
0000d608  _coreEnableVfp_                                        
0000d6e4  _coreGetAuxiliaryDataFault_                            
0000d6f8  _coreGetAuxiliaryInstructionFault_                     
0000d6bc  _coreGetDataFaultAddress_                              
0000d694  _coreGetDataFault_                                     
0000d6d0  _coreGetInstructionFaultAddress_                       
0000d6a8  _coreGetInstructionFault_                              
0000d490  _coreInitRegisters_                                    
0000d59c  _coreInitStackPointer_                                 
0000fe60  _ctypes_                                               
0000efc4  _dabort                                                
0000d714  _disable_FIQ_interrupt_                                
0000d71c  _disable_IRQ_interrupt_                                
0000d70c  _disable_interrupt_                                    
0000d724  _enable_interrupt_                                     
0000d7b4  _errata_CORTEXR4_57_                                   
0000d7c4  _errata_CORTEXR4_66_                                   
0000bb94  _errata_SSWF021_45_both_plls                           
0000bd88  _errata_SSWF021_45_pll1                                
0000bf00  _errata_SSWF021_45_pll2                                
0000d72c  _esmCcmErrorsClear_                                    
0000d5e8  _getCPSRValue_                                         
0000d5f0  _gotoCPUIdle_                                          
0000f108  _pmuDisableCountersGlobal_                             
0000f0f8  _pmuEnableCountersGlobal_                              
0000f164  _pmuGetCycleCount_                                     
0000f16c  _pmuGetEventCount_                                     
0000f178  _pmuGetOverflow_                                       
0000f0ac  _pmuInit_                                              
0000f138  _pmuResetCounters_                                     
0000f118  _pmuResetCycleCounter_                                 
0000f128  _pmuResetEventCounters_                                
0000f158  _pmuSetCountEvent_                                     
0000f148  _pmuStartCounters_                                     
0000f150  _pmuStopCounters_                                      
UNDEFED   _system_post_cinit                                     
0000fc55  abort                                                  
0000126c  adc1ParityCheck                                        
00001358  adc2ParityCheck                                        
0000f7e1  atoi                                                   
ffffffff  binit                                                  
00001410  can1ParityCheck                                        
000014e8  can2ParityCheck                                        
000015b0  can3ParityCheck                                        
00000030  ccmSelfCheck                                           
000026fc  ccmr4GetConfigValue                                    
00000938  checkB0RAMECC                                          
00000b28  checkB1RAMECC                                          
00001c18  checkClockMonitor                                      
00000d18  checkFlashECC                                          
00001cf4  checkFlashEEPROMECC                                    
00001e8c  checkPLL1Slip                                          
00001f8c  checkPLL2Slip                                          
00002050  checkRAMAddrParity                                     
000019d0  checkRAMECC                                            
0000215c  checkRAMUERRTest                                       
000007bc  checkefcSelfTest                                       
0000fa71  copysign                                               
0000fa71  copysignl                                              
00000234  cpuSelfTest                                            
00000dfc  cpuSelfTestFail                                        
08005683  current_graph                                          
08005682  current_page                                           
000084f4  customTrimLPO                                          
00000df4  custom_dabort                                          
08001500  data                                                   
00002b58  disableParity                                          
0000f240  dmaGroupANotification                                  
00000eac  dmaParityCheck                                         
00000660  efcCheck                                               
00002660  efcGetConfigValue                                      
00000794  efcSelfTest                                            
000006e8  efcStuckZeroTest                                       
00002ad0  enableParity                                           
0000276c  errata_PBIST_4                                         
08005684  errno                                                  
0000c37c  esmActivateNormalOperation                             
0000c450  esmClearStatus                                         
0000c490  esmClearStatusBuffer                                   
0000c344  esmDisableError                                        
0000c3b4  esmDisableInterrupt                                    
0000c31c  esmEnableError                                         
0000c38c  esmEnableInterrupt                                     
0000c588  esmEnterSelfTest                                       
0000c300  esmError                                               
0000c660  esmGetConfigValue                                      
0000c4cc  esmGetStatus                                           
0000c550  esmGetStatusBuffer                                     
0000f18c  esmGroup1Notification                                  
0000f19c  esmGroup2Notification                                  
0000ebc0  esmHighInterrupt                                       
0000c1f8  esmInit                                                
0000c610  esmSelfTestStatus                                      
0000c4ac  esmSetCounterPreloadValue                              
0000c3dc  esmSetInterruptLevel                                   
0000c36c  esmTriggerErrorPinReset                                
080055c8  eve                                                    
000022c4  fmcBus1ParityCheck                                     
0000085c  fmcBus2Check                                           
00000898  fmcECCcheck                                            
0000f495  frexp                                                  
0000f495  frexpl                                                 
0000ceac  gioDisableNotification                                 
0000ce44  gioEnableNotification                                  
0000cdac  gioGetBit                                              
0000cf14  gioGetConfigValue                                      
0000cdd4  gioGetPort                                             
0000cc4c  gioInit                                                
0000f1f4  gioNotification                                        
0000cd3c  gioSetBit                                              
0000cd1c  gioSetDirection                                        
0000cd8c  gioSetPort                                             
0000cdec  gioToggleBit                                           
0000fc5c  handlePLLLockFail                                      
00000f58  het1ParityCheck                                        
000010c0  het2ParityCheck                                        
00001004  htu1ParityCheck                                        
000011bc  htu2ParityCheck                                        
0000eed5  ldexp                                                  
0000eed5  ldexpl                                                 
0000b458  main                                                   
00007bd4  mapClocks                                              
0000f9e9  memccpy                                                
0000f303  memcpy                                                 
00000174  memoryInit                                             
0000f1ac  memoryPort0TestFailNotification                        
0000f1c8  memoryPort1TestFailNotification                        
0000f421  memset                                                 
00001684  mibspi1ParityCheck                                     
0000178c  mibspi3ParityCheck                                     
000018b0  mibspi5ParityCheck                                     
0000a384  muxInit                                                
000023ec  pbistFail                                              
00002470  pbistGetConfigValue                                    
000005a8  pbistIsTestCompleted                                   
000005d4  pbistIsTestPassed                                      
00000608  pbistPortTestStatus                                    
000004ac  pbistRun                                               
000002cc  pbistSelfCheck                                         
00000578  pbistStop                                              
00007b80  periphInit                                             
0000fc58  phantomInterrupt                                       
0000a820  pinmuxGetConfigValue                                   
00000000  resetEntry                                             
0000ea9c  rtiCompare0Interrupt                                   
0000eae4  rtiCompare1Interrupt                                   
0000eb2c  rtiCompare2Interrupt                                   
0000eb74  rtiCompare3Interrupt                                   
0000f1e4  rtiNotification                                        
0000eed5  scalbn                                                 
0000eed5  scalbnl                                                
0000f208  sciNotification                                        
00000020  selftestFailNotification                               
00007b40  setupFlash                                             
00007a6c  setupPLL                                               
00007860  spi4GetConfigValue                                     
0000dd5c  spi4HighLevelInterrupt                                 
000077e8  spiDisableLoopback                                     
00007834  spiDisableNotification                                 
000077b4  spiEnableLoopback                                      
00007804  spiEnableNotification                                  
0000f230  spiEndNotification                                     
00007104  spiGetData                                             
00006e94  spiInit                                                
0000f21c  spiNotification                                        
00006fe8  spiReceiveData                                         
0000755c  spiSendAndGetData                                      
00007328  spiSendData                                            
00006fc8  spiSetFunctional                                       
00007420  spiTransmitAndReceiveData                              
000071fc  spiTransmitData                                        
0000f8bd  sprintf                                                
000083b8  sramGetConfigValue                                     
000025bc  stcGetConfigValue                                      
000001b8  stcSelfCheck                                           
00000df8  stcSelfCheckFail                                       
0000fb69  strchr                                                 
0000fb7f  strlen                                                 
0000f939  strstr                                                 
00007df8  systemGetConfigValue                                   
00007cfc  systemInit                                             
00007dc8  systemPowerDown                                        
0000820c  tcmflashGetConfigValue                                 
00007acc  trimLPO                                                
000086a4  vimChannelMap                                          
00008910  vimDisableInterrupt                                    
00008748  vimEnableInterrupt                                     
000089bc  vimGetConfigValue                                      
000085d0  vimInit                                                
00000e00  vimParityCheck                                         
0000d7dc  vimParityErrorHandler                                  
0000fb95  wcslen                                                 


GLOBAL SYMBOLS: SORTED BY Symbol Address 

address   name                                                   
-------   ----                                                   
00000000  __TI_static_base__                                     
00000000  resetEntry                                             
00000020  selftestFailNotification                               
00000030  ccmSelfCheck                                           
00000174  memoryInit                                             
000001b8  stcSelfCheck                                           
00000234  cpuSelfTest                                            
000002cc  pbistSelfCheck                                         
000004ac  pbistRun                                               
00000578  pbistStop                                              
000005a8  pbistIsTestCompleted                                   
000005d4  pbistIsTestPassed                                      
00000608  pbistPortTestStatus                                    
00000660  efcCheck                                               
000006e8  efcStuckZeroTest                                       
00000794  efcSelfTest                                            
000007bc  checkefcSelfTest                                       
0000085c  fmcBus2Check                                           
00000898  fmcECCcheck                                            
00000938  checkB0RAMECC                                          
00000b28  checkB1RAMECC                                          
00000d18  checkFlashECC                                          
00000df4  custom_dabort                                          
00000df8  stcSelfCheckFail                                       
00000dfc  cpuSelfTestFail                                        
00000e00  vimParityCheck                                         
00000eac  dmaParityCheck                                         
00000f58  het1ParityCheck                                        
00001004  htu1ParityCheck                                        
000010c0  het2ParityCheck                                        
000011bc  htu2ParityCheck                                        
0000126c  adc1ParityCheck                                        
00001358  adc2ParityCheck                                        
00001410  can1ParityCheck                                        
000014e8  can2ParityCheck                                        
000015b0  can3ParityCheck                                        
00001684  mibspi1ParityCheck                                     
0000178c  mibspi3ParityCheck                                     
000018b0  mibspi5ParityCheck                                     
000019d0  checkRAMECC                                            
00001c18  checkClockMonitor                                      
00001cf4  checkFlashEEPROMECC                                    
00001e8c  checkPLL1Slip                                          
00001f8c  checkPLL2Slip                                          
00002050  checkRAMAddrParity                                     
0000215c  checkRAMUERRTest                                       
000022c4  fmcBus1ParityCheck                                     
000023ec  pbistFail                                              
00002470  pbistGetConfigValue                                    
000025bc  stcGetConfigValue                                      
00002660  efcGetConfigValue                                      
000026fc  ccmr4GetConfigValue                                    
0000276c  errata_PBIST_4                                         
00002ad0  enableParity                                           
00002b58  disableParity                                          
00002cfc  EVE_Init                                               
00002f40  EVE_LIB_BeginCoProList                                 
00002f5c  EVE_LIB_EndCoProList                                   
00002f6c  EVE_LIB_AwaitCoProEmpty                                
00002f78  EVE_LIB_GetResult                                      
00002fd8  EVE_LIB_WriteDataToRAMG                                
000030dc  EVE_LIB_ReadDataFromRAMG                               
000031d0  EVE_LIB_WriteDataToCMD                                 
00003308  EVE_LIB_MemWrite32                                     
00003324  EVE_LIB_MemRead32                                      
00003338  EVE_LIB_MemWrite16                                     
00003354  EVE_LIB_MemRead16                                      
00003368  EVE_LIB_MemWrite8                                      
00003384  EVE_LIB_MemRead8                                       
00003398  EVE_LIB_SendString                                     
00003448  EVE_LIB_GetProps                                       
000034a8  EVE_LIB_GetPtr                                         
000034d8  EVE_LIB_GetMatrix                                      
00003588  EVE_LIB_MemCrc                                         
000035c8  EVE_LIB_BitmapTransform                                
00003660  EVE_CMD                                                
0000367c  EVE_CLEAR_COLOR_RGB                                    
000036c4  EVE_CLEAR_COLOR                                        
000036e8  EVE_CLEAR                                              
00003730  EVE_COLOR_RGB                                          
00003778  EVE_COLOR                                              
0000379c  EVE_VERTEX2F                                           
000037d0  EVE_VERTEX2II                                          
00003828  EVE_BITMAP_HANDLE                                      
0000384c  EVE_BITMAP_SOURCE                                      
00003870  EVE_BITMAP_LAYOUT                                      
000038b8  EVE_BITMAP_SIZE                                        
0000391c  EVE_CELL                                               
00003940  EVE_TAG                                                
00003964  EVE_ALPHA_FUNC                                         
00003998  EVE_STENCIL_FUNC                                       
000039e0  EVE_BLEND_FUNC                                         
00003a14  EVE_STENCIL_OP                                         
00003a48  EVE_POINT_SIZE                                         
00003a6c  EVE_LINE_WIDTH                                         
00003a90  EVE_CLEAR_COLOR_A                                      
00003ab4  EVE_COLOR_A                                            
00003ad8  EVE_CLEAR_STENCIL                                      
00003afc  EVE_CLEAR_TAG                                          
00003b20  EVE_STENCIL_MASK                                       
00003b44  EVE_TAG_MASK                                           
00003b68  EVE_SCISSOR_XY                                         
00003b9c  EVE_SCISSOR_SIZE                                       
00003bd0  EVE_CALL                                               
00003bf4  EVE_JUMP                                               
00003c18  EVE_BEGIN                                              
00003c3c  EVE_COLOR_MASK                                         
00003c94  EVE_END                                                
00003cac  EVE_SAVE_CONTEXT                                       
00003cc4  EVE_RESTORE_CONTEXT                                    
00003cdc  EVE_RETURN                                             
00003d04  EVE_MACRO                                              
00003d40  EVE_DISPLAY                                            
00003d80  EVE_BITMAP_TRANSFORM_A                                 
00003dc4  EVE_BITMAP_TRANSFORM_B                                 
00003dfc  EVE_BITMAP_TRANSFORM_C                                 
00003e28  EVE_BITMAP_TRANSFORM_D                                 
00003e60  EVE_BITMAP_TRANSFORM_E                                 
00003e84  EVE_BITMAP_TRANSFORM_F                                 
00003ea8  EVE_VERTEX_FORMAT                                      
00003ecc  EVE_BITMAP_LAYOUT_H                                    
00003f00  EVE_BITMAP_SIZE_H                                      
00003f38  EVE_PALETTE_SOURCE                                     
00003f5c  EVE_VERTEX_TRANSLATE_X                                 
00003f84  EVE_VERTEX_TRANSLATE_Y                                 
00003fa8  EVE_NOP                                                
00003fc0  EVE_CMD_KEYS                                           
0000403c  EVE_CMD_NUMBER                                         
0000408c  EVE_CMD_LOADIDENTITY                                   
000040a4  EVE_CMD_GAUGE                                          
0000410c  EVE_CMD_REGREAD                                        
0000413c  EVE_CMD_GETPROPS                                       
00004178  EVE_CMD_MEMCPY                                         
000041b4  EVE_CMD_SPINNER                                        
000041fc  EVE_CMD_BGCOLOR                                        
00004220  EVE_CMD_SWAP                                           
00004238  EVE_CMD_TRANSLATE                                      
00004268  EVE_CMD_STOP                                           
00004280  EVE_CMD_SLIDER                                         
000042e0  EVE_CMD_INTERRUPT                                      
00004304  EVE_CMD_FGCOLOR                                        
00004328  EVE_CMD_ROTATE                                         
0000434c  EVE_CMD_MEMWRITE                                       
0000437c  EVE_CMD_SCROLLBAR                                      
000043e4  EVE_CMD_GETMATRIX                                      
00004444  EVE_CMD_SKETCH                                         
0000449c  EVE_CMD_MEMSET                                         
000044d8  EVE_CMD_GRADCOLOR                                      
000044fc  EVE_CMD_BITMAP_TRANSFORM                               
00004594  EVE_CMD_CALIBRATE                                      
000045b8  EVE_CMD_INFLATE                                        
000045dc  EVE_CMD_SETFONT                                        
0000460c  EVE_CMD_LOGO                                           
00004624  EVE_CMD_APPEND                                         
00004654  EVE_CMD_MEMZERO                                        
00004684  EVE_CMD_SCALE                                          
000046b4  EVE_CMD_CLOCK                                          
0000471c  EVE_CMD_GRADIENT                                       
00004774  EVE_CMD_SETMATRIX                                      
0000478c  EVE_CMD_TRACK                                          
000047dc  EVE_CMD_GETPTR                                         
00004800  EVE_CMD_PROGRESS                                       
00004860  EVE_CMD_COLDSTART                                      
00004878  EVE_CMD_DIAL                                           
000048c8  EVE_CMD_LOADIMAGE                                      
000048f8  EVE_CMD_DLSTART                                        
00004910  EVE_CMD_SNAPSHOT                                       
00004934  EVE_CMD_SCREENSAVER                                    
0000494c  EVE_CMD_MEMCRC                                         
00004988  COUNT_ARGS                                             
000049fc  EVE_CMD_TEXT                                           
00004ad4  EVE_CMD_BUTTON                                         
00004bc0  EVE_CMD_TOGGLE                                         
00004cac  EVE_CMD_CSKETCH                                        
00004d0c  EVE_CMD_SETROTATE                                      
00004d30  EVE_CMD_MEDIAFIFO                                      
00004d60  EVE_CMD_SYNC                                           
00004d78  EVE_CMD_ROMFONT                                        
00004da8  EVE_CMD_PLAYVIDEO                                      
00004dd0  EVE_CMD_VIDEOFRAME                                     
00004e00  EVE_CMD_VIDEOSTART                                     
00004e18  EVE_CMD_SETBASE                                        
00004e3c  EVE_CMD_SETBITMAP                                      
00004e84  EVE_CMD_SETSCRATCH                                     
00004ea8  EVE_CMD_SETFONT2                                       
00004ee4  EVE_CMD_SNAPSHOT2                                      
00005198  _Z7dtostrfdahPc                                        
000051e4  _Z16draw_motor_blockR14Bridgetek_EVE2iPKcfff           
00005370  _Z11draw_centerR14Bridgetek_EVE2P16dashboard_data_t    
000055c0  _Z11draw_statusR14Bridgetek_EVE2P16dashboard_data_t    
00005af4  _Z14dashboard_drawR14Bridgetek_EVE2P16dashboard_data_t 
00006e94  spiInit                                                
00006fc8  spiSetFunctional                                       
00006fe8  spiReceiveData                                         
00007104  spiGetData                                             
000071fc  spiTransmitData                                        
00007328  spiSendData                                            
00007420  spiTransmitAndReceiveData                              
0000755c  spiSendAndGetData                                      
0000769c  SpiTxStatus                                            
00007728  SpiRxStatus                                            
000077b4  spiEnableLoopback                                      
000077e8  spiDisableLoopback                                     
00007804  spiEnableNotification                                  
00007834  spiDisableNotification                                 
00007860  spi4GetConfigValue                                     
00007a6c  setupPLL                                               
00007acc  trimLPO                                                
00007b40  setupFlash                                             
00007b80  periphInit                                             
00007bd4  mapClocks                                              
00007cfc  systemInit                                             
00007dc8  systemPowerDown                                        
00007df8  systemGetConfigValue                                   
0000820c  tcmflashGetConfigValue                                 
000083b8  sramGetConfigValue                                     
000084f4  customTrimLPO                                          
000085d0  vimInit                                                
000086a4  vimChannelMap                                          
00008748  vimEnableInterrupt                                     
00008910  vimDisableInterrupt                                    
000089bc  vimGetConfigValue                                      
00009025  __TI_printfi                                           
00009a73  __aeabi_idiv0                                          
00009a73  __aeabi_ldiv0                                          
00009a74  _Z5delayi                                              
00009ae8  _Z12eve_read_tagR14Bridgetek_EVE2Ph                    
00009b54  _Z13eve_calibrateR14Bridgetek_EVE2                     
00009d40  _Z10eve_get_xyR14Bridgetek_EVE2PtS1_                   
00009dbc  _Z15ui_handle_touchR14Bridgetek_EVE2P16dashboard_data_t
0000a384  muxInit                                                
0000a820  pinmuxGetConfigValue                                   
0000ac3c  _ZN14Bridgetek_EVE2C1Ev                                
0000ac3c  _ZN14Bridgetek_EVE2C2Ev                                
0000ac80  _ZN14Bridgetek_EVE25setupEj                            
0000ac9c  _ZN14Bridgetek_EVE210DISP_WIDTHEv                      
0000acb4  _ZN14Bridgetek_EVE211DISP_HEIGHTEv                     
0000accc  _ZN14Bridgetek_EVE28setpanelEj                         
0000b458  main                                                   
0000bab4  __sti___12_sys_main_cpp_eve                            
0000bb94  _errata_SSWF021_45_both_plls                           
0000bd88  _errata_SSWF021_45_pll1                                
0000bf00  _errata_SSWF021_45_pll2                                
0000c1f8  esmInit                                                
0000c300  esmError                                               
0000c31c  esmEnableError                                         
0000c344  esmDisableError                                        
0000c36c  esmTriggerErrorPinReset                                
0000c37c  esmActivateNormalOperation                             
0000c38c  esmEnableInterrupt                                     
0000c3b4  esmDisableInterrupt                                    
0000c3dc  esmSetInterruptLevel                                   
0000c450  esmClearStatus                                         
0000c490  esmClearStatusBuffer                                   
0000c4ac  esmSetCounterPreloadValue                              
0000c4cc  esmGetStatus                                           
0000c550  esmGetStatusBuffer                                     
0000c588  esmEnterSelfTest                                       
0000c610  esmSelfTestStatus                                      
0000c660  esmGetConfigValue                                      
0000c7b4  MCU_Init                                               
0000c7f8  MCU_Deinit                                             
0000c7fc  MCU_Setup                                              
0000c800  MCU_CSlow                                              
0000c818  MCU_CShigh                                             
0000c830  MCU_PDlow                                              
0000c848  MCU_PDhigh                                             
0000c860  _Z17MCU_SPIReadWrite8h                                 
0000c8a8  _Z18MCU_SPIReadWrite16t                                
0000c8f0  _Z18MCU_SPIReadWrite24j                                
0000c950  _Z18MCU_SPIReadWrite32j                                
0000c9c8  MCU_Delay_20ms                                         
0000ca08  MCU_Delay_500ms                                        
0000ca48  MCU_SPIRead8                                           
0000ca58  MCU_SPIWrite8                                          
0000ca6c  MCU_SPIRead16                                          
0000ca7c  MCU_SPIWrite16                                         
0000ca90  MCU_SPIRead24                                          
0000caa0  MCU_SPIWrite24                                         
0000cab4  MCU_SPIRead32                                          
0000cac4  MCU_SPIWrite32                                         
0000cad8  MCU_SPIWrite                                           
0000cb2c  MCU_SPIRead                                            
0000cb80  MCU_htobe16                                            
0000cb9c  MCU_htobe32                                            
0000cbb4  MCU_htole16                                            
0000cbc8  MCU_htole32                                            
0000cbdc  MCU_be16toh                                            
0000cbf8  MCU_be32toh                                            
0000cc10  MCU_le16toh                                            
0000cc24  MCU_le32toh                                            
0000cc4c  gioInit                                                
0000cd1c  gioSetDirection                                        
0000cd3c  gioSetBit                                              
0000cd8c  gioSetPort                                             
0000cdac  gioGetBit                                              
0000cdd4  gioGetPort                                             
0000cdec  gioToggleBit                                           
0000ce44  gioEnableNotification                                  
0000ceac  gioDisableNotification                                 
0000cf14  gioGetConfigValue                                      
0000d0d0  HAL_EVE_Init                                           
0000d148  HAL_EVE_Deinit                                         
0000d154  HAL_ChipSelect                                         
0000d178  HAL_PowerDown                                          
0000d19c  HAL_SetWriteAddress                                    
0000d1bc  HAL_SetReadAddress                                     
0000d1d8  HAL_Write                                              
0000d1f4  HAL_Write32                                            
0000d20c  HAL_Write16                                            
0000d224  HAL_Write8                                             
0000d238  HAL_Read                                               
0000d254  HAL_Read32                                             
0000d274  HAL_Read16                                             
0000d28c  HAL_Read8                                              
0000d2a0  HAL_MemWrite32                                         
0000d2d0  HAL_MemWrite16                                         
0000d300  HAL_MemWrite8                                          
0000d330  HAL_MemRead32                                          
0000d360  HAL_MemRead16                                          
0000d390  HAL_MemRead8                                           
0000d3c0  HAL_HostCmdWrite                                       
0000d3f8  HAL_IncCmdPointer                                      
0000d408  HAL_GetCmdPointer                                      
0000d420  HAL_WaitCmdFifoEmpty                                   
0000d468  HAL_CheckCmdFreeSpace                                  
0000d490  _coreInitRegisters_                                    
0000d59c  _coreInitStackPointer_                                 
0000d5e8  _getCPSRValue_                                         
0000d5f0  _gotoCPUIdle_                                          
0000d608  _coreEnableVfp_                                        
0000d620  _coreEnableEventBusExport_                             
0000d630  _coreDisableEventBusExport_                            
0000d640  _coreEnableRamEcc_                                     
0000d650  _coreDisableRamEcc_                                    
0000d660  _coreEnableFlashEcc_                                   
0000d674  _coreDisableFlashEcc_                                  
0000d684  _coreEnableIrqVicOffset_                               
0000d694  _coreGetDataFault_                                     
0000d69c  _coreClearDataFault_                                   
0000d6a8  _coreGetInstructionFault_                              
0000d6b0  _coreClearInstructionFault_                            
0000d6bc  _coreGetDataFaultAddress_                              
0000d6c4  _coreClearDataFaultAddress_                            
0000d6d0  _coreGetInstructionFaultAddress_                       
0000d6d8  _coreClearInstructionFaultAddress_                     
0000d6e4  _coreGetAuxiliaryDataFault_                            
0000d6ec  _coreClearAuxiliaryDataFault_                          
0000d6f8  _coreGetAuxiliaryInstructionFault_                     
0000d700  _coreClearAuxiliaryInstructionFault_                   
0000d70c  _disable_interrupt_                                    
0000d714  _disable_FIQ_interrupt_                                
0000d71c  _disable_IRQ_interrupt_                                
0000d724  _enable_interrupt_                                     
0000d72c  _esmCcmErrorsClear_                                    
0000d7b4  _errata_CORTEXR4_57_                                   
0000d7c4  _errata_CORTEXR4_66_                                   
0000d7d4  __TI_PINIT_Base                                        
0000d7d8  __TI_PINIT_Limit                                       
0000d7dc  vimParityErrorHandler                                  
0000daa8  __aeabi_uldivmod                                       
0000dd5c  spi4HighLevelInterrupt                                 
0000e00c  _c_int00                                               
0000e294  _Z15ui_draw_buttonsR14Bridgetek_EVE2P16dashboard_data_t
0000e72c  _Z15ui_draw_rpm_barR14Bridgetek_EVE2f                  
0000ea9c  rtiCompare0Interrupt                                   
0000eae4  rtiCompare1Interrupt                                   
0000eb2c  rtiCompare2Interrupt                                   
0000eb74  rtiCompare3Interrupt                                   
0000ebc0  esmHighInterrupt                                       
0000eed5  ldexp                                                  
0000eed5  ldexpl                                                 
0000eed5  scalbn                                                 
0000eed5  scalbnl                                                
0000efc4  _dabort                                                
0000f0ac  _pmuInit_                                              
0000f0f8  _pmuEnableCountersGlobal_                              
0000f108  _pmuDisableCountersGlobal_                             
0000f118  _pmuResetCycleCounter_                                 
0000f128  _pmuResetEventCounters_                                
0000f138  _pmuResetCounters_                                     
0000f148  _pmuStartCounters_                                     
0000f150  _pmuStopCounters_                                      
0000f158  _pmuSetCountEvent_                                     
0000f164  _pmuGetCycleCount_                                     
0000f16c  _pmuGetEventCount_                                     
0000f178  _pmuGetOverflow_                                       
0000f18c  esmGroup1Notification                                  
0000f19c  esmGroup2Notification                                  
0000f1ac  memoryPort0TestFailNotification                        
0000f1c8  memoryPort1TestFailNotification                        
0000f1e4  rtiNotification                                        
0000f1f4  gioNotification                                        
0000f208  sciNotification                                        
0000f21c  spiNotification                                        
0000f230  spiEndNotification                                     
0000f240  dmaGroupANotification                                  
0000f303  __aeabi_memcpy                                         
0000f303  __aeabi_memcpy4                                        
0000f303  __aeabi_memcpy8                                        
0000f303  memcpy                                                 
0000f419  __aeabi_memclr                                         
0000f419  __aeabi_memclr4                                        
0000f419  __aeabi_memclr8                                        
0000f41b  __aeabi_memset                                         
0000f41b  __aeabi_memset4                                        
0000f41b  __aeabi_memset8                                        
0000f421  memset                                                 
0000f495  frexp                                                  
0000f495  frexpl                                                 
0000f509  __TI_decompress_lzss                                   
0000f574  _ZN14Bridgetek_EVE210CMD_BUTTONEssssstPKcz             
0000f5dd  __TI_auto_init_nobinit                                 
0000f63c  _ZN14Bridgetek_EVE28CMD_TEXTEssstPKcz                  
0000f695  __TI_ltoa                                              
0000f73c  __aeabi_idiv                                           
0000f73c  __aeabi_idivmod                                        
0000f7e1  atoi                                                   
0000f830  _ZN14Bridgetek_EVE212CMD_PROGRESSEssssttt              
0000f8bd  sprintf                                                
0000f8fc  _ZN14Bridgetek_EVE210CMD_NUMBEREsssti                  
0000f939  strstr                                                 
0000f970  _ZN14Bridgetek_EVE215CLEAR_COLOR_RGBEhhh               
0000f998  _ZN14Bridgetek_EVE25CLEAREhhh                          
0000f9c0  _ZN14Bridgetek_EVE29COLOR_RGBEhhh                      
0000f9e9  memccpy                                                
0000fa10  _ZN14Bridgetek_EVE213LIB_MemWrite8Ejh                  
0000fa30  _ZN14Bridgetek_EVE214LIB_MemWrite32Ejj                 
0000fa50  _ZN14Bridgetek_EVE28VERTEX2FEss                        
0000fa71  copysign                                               
0000fa71  copysignl                                              
0000faa8  _Z3absf                                                
0000fac0  _Z4fabsf                                               
0000fad8  _ZN14Bridgetek_EVE212LIB_MemRead8Ej                    
0000faf0  _ZN14Bridgetek_EVE213CMD_CALIBRATEEj                   
0000fb08  _ZN14Bridgetek_EVE213LIB_MemRead16Ej                   
0000fb20  _ZN14Bridgetek_EVE213LIB_MemRead32Ej                   
0000fb38  _ZN14Bridgetek_EVE23TAGEh                              
0000fb50  _ZN14Bridgetek_EVE25BEGINEh                            
0000fb69  strchr                                                 
0000fb7f  strlen                                                 
0000fb95  wcslen                                                 
0000fba8  _ZN14Bridgetek_EVE211CMD_DLSTARTEv                     
0000fbb8  _ZN14Bridgetek_EVE216LIB_EndCoProListEv                
0000fbc8  _ZN14Bridgetek_EVE218LIB_BeginCoProListEv              
0000fbd8  _ZN14Bridgetek_EVE219LIB_AwaitCoProEmptyEv             
0000fbe8  _ZN14Bridgetek_EVE23ENDEv                              
0000fbf8  _ZN14Bridgetek_EVE24InitEv                             
0000fc08  _ZN14Bridgetek_EVE27DISPLAYEv                          
0000fc18  _ZN14Bridgetek_EVE28CMD_SWAPEv                         
0000fc29  __TI_decompress_none                                   
0000fc37  __TI_zero_init                                         
0000fc4d  __aeabi_errno_addr                                     
0000fc55  C$$EXIT                                                
0000fc55  abort                                                  
0000fc58  phantomInterrupt                                       
0000fc5c  handlePLLLockFail                                      
0000fe60  _ctypes_                                               
0000ffcc  SHT$$INIT_ARRAY$$Base                                  
0000ffd0  SHT$$INIT_ARRAY$$Limit                                 
0000ffd0  __TI_Handler_Table_Base                                
0000ffdc  __TI_Handler_Table_Limit                               
0000fff0  __TI_CINIT_Base                                        
00010000  __TI_CINIT_Limit                                       
08001500  __start___llvm_prf_cnts                                
08001500  __stop___llvm_prf_cnts                                 
08001500  data                                                   
080055c8  eve                                                    
08005634  EVE_DISP_CSPREAD                                       
08005638  EVE_DISP_DITHER                                        
0800563c  EVE_DISP_HCYCLE                                        
08005640  EVE_DISP_HEIGHT                                        
08005644  EVE_DISP_HOFFSET                                       
08005648  EVE_DISP_HSYNC0                                        
0800564c  EVE_DISP_HSYNC1                                        
08005650  EVE_DISP_PCLK                                          
08005654  EVE_DISP_PCLKPOL                                       
08005658  EVE_DISP_PCLK_FREQ                                     
0800565c  EVE_DISP_SWIZZLE                                       
08005660  EVE_DISP_VCYCLE                                        
08005664  EVE_DISP_VOFFSET                                       
08005668  EVE_DISP_VSYNC0                                        
0800566c  EVE_DISP_VSYNC1                                        
08005670  EVE_DISP_WIDTH                                         
08005674  EVE_TOUCH_ADDR                                         
08005682  current_page                                           
08005683  current_graph                                          
08005684  errno                                                  
ffffffff  __TI_pprof_out_hndl                                    
ffffffff  __TI_prof_data_size                                    
ffffffff  __TI_prof_data_start                                   
ffffffff  __binit__                                              
ffffffff  __c_args__                                             
ffffffff  binit                                                  
UNDEFED   _system_post_cinit                                     

[495 symbols]
